Archive member included to satisfy reference by file (symbol)

C:\Users\Tommi\Documents\LPCXpresso_8.2.2_650\workspace\lpc_board_nxp_lpcxpresso_1549\Debug\liblpc_board_nxp_lpcxpresso_1549.a(board.o)
                              ./src/main.o (Board_LED_Set)
C:\Users\Tommi\Documents\LPCXpresso_8.2.2_650\workspace\lpc_board_nxp_lpcxpresso_1549\Debug\liblpc_board_nxp_lpcxpresso_1549.a(board_sysinit.o)
                              ./src/sysinit.o (Board_SystemInit)
C:\Users\Tommi\Documents\LPCXpresso_8.2.2_650\workspace\lpc_chip_15xx\Debug\liblpc_chip_15xx.a(chip_15xx.o)
                              ./src/main.o (SystemCoreClock)
C:\Users\Tommi\Documents\LPCXpresso_8.2.2_650\workspace\lpc_chip_15xx\Debug\liblpc_chip_15xx.a(clock_15xx.o)
                              ./src/SerialPort.o (Chip_Clock_GetMainClockRate)
C:\Users\Tommi\Documents\LPCXpresso_8.2.2_650\workspace\lpc_chip_15xx\Debug\liblpc_chip_15xx.a(gpio_15xx.o)
                              C:\Users\Tommi\Documents\LPCXpresso_8.2.2_650\workspace\lpc_board_nxp_lpcxpresso_1549\Debug\liblpc_board_nxp_lpcxpresso_1549.a(board.o) (Chip_GPIO_Init)
C:\Users\Tommi\Documents\LPCXpresso_8.2.2_650\workspace\lpc_chip_15xx\Debug\liblpc_chip_15xx.a(i2c_common_15xx.o)
                              ./src/I2C.o (Chip_I2C_Init)
C:\Users\Tommi\Documents\LPCXpresso_8.2.2_650\workspace\lpc_chip_15xx\Debug\liblpc_chip_15xx.a(i2cm_15xx.o)
                              ./src/I2C.o (Chip_I2CM_SetBusSpeed)
C:\Users\Tommi\Documents\LPCXpresso_8.2.2_650\workspace\lpc_chip_15xx\Debug\liblpc_chip_15xx.a(iocon_15xx.o)
                              C:\Users\Tommi\Documents\LPCXpresso_8.2.2_650\workspace\lpc_board_nxp_lpcxpresso_1549\Debug\liblpc_board_nxp_lpcxpresso_1549.a(board_sysinit.o) (Chip_IOCON_SetPinMuxing)
C:\Users\Tommi\Documents\LPCXpresso_8.2.2_650\workspace\lpc_chip_15xx\Debug\liblpc_chip_15xx.a(ring_buffer.o)
                              ./src/SerialPort.o (RingBuffer_Init)
C:\Users\Tommi\Documents\LPCXpresso_8.2.2_650\workspace\lpc_chip_15xx\Debug\liblpc_chip_15xx.a(swm_15xx.o)
                              ./src/ITM_write.o (Chip_SWM_MovablePinAssign)
C:\Users\Tommi\Documents\LPCXpresso_8.2.2_650\workspace\lpc_chip_15xx\Debug\liblpc_chip_15xx.a(sysctl_15xx.o)
                              C:\Users\Tommi\Documents\LPCXpresso_8.2.2_650\workspace\lpc_board_nxp_lpcxpresso_1549\Debug\liblpc_board_nxp_lpcxpresso_1549.a(board_sysinit.o) (Chip_SYSCTL_AssertPeriphReset)
C:\Users\Tommi\Documents\LPCXpresso_8.2.2_650\workspace\lpc_chip_15xx\Debug\liblpc_chip_15xx.a(sysinit_15xx.o)
                              C:\Users\Tommi\Documents\LPCXpresso_8.2.2_650\workspace\lpc_board_nxp_lpcxpresso_1549\Debug\liblpc_board_nxp_lpcxpresso_1549.a(board_sysinit.o) (Chip_SetupXtalClocking)
C:\Users\Tommi\Documents\LPCXpresso_8.2.2_650\workspace\lpc_chip_15xx\Debug\liblpc_chip_15xx.a(uart_15xx.o)
                              ./src/SerialPort.o (Chip_UART_Init)
d:/softa/lpcxpresso_8.2.2_650/lpcxpresso/tools/bin/../lib/gcc/arm-none-eabi/5.4.1/armv7-m\libgcc.a(_arm_addsubdf3.o)
                              ./src/main.o (__aeabi_i2d)
d:/softa/lpcxpresso_8.2.2_650/lpcxpresso/tools/bin/../lib/gcc/arm-none-eabi/5.4.1/armv7-m\libgcc.a(_arm_muldivdf3.o)
                              ./src/main.o (__aeabi_ddiv)
d:/softa/lpcxpresso_8.2.2_650/lpcxpresso/tools/bin/../lib/gcc/arm-none-eabi/5.4.1/armv7-m\libgcc.a(_aeabi_uldivmod.o)
                              C:\Users\Tommi\Documents\LPCXpresso_8.2.2_650\workspace\lpc_chip_15xx\Debug\liblpc_chip_15xx.a(clock_15xx.o) (__aeabi_uldivmod)
d:/softa/lpcxpresso_8.2.2_650/lpcxpresso/tools/bin/../lib/gcc/arm-none-eabi/5.4.1/armv7-m\libgcc.a(_udivmoddi4.o)
                              d:/softa/lpcxpresso_8.2.2_650/lpcxpresso/tools/bin/../lib/gcc/arm-none-eabi/5.4.1/armv7-m\libgcc.a(_aeabi_uldivmod.o) (__udivmoddi4)
d:/softa/lpcxpresso_8.2.2_650/lpcxpresso/tools/bin/../lib/gcc/arm-none-eabi/5.4.1/armv7-m\libgcc.a(_dvmd_tls.o)
                              d:/softa/lpcxpresso_8.2.2_650/lpcxpresso/tools/bin/../lib/gcc/arm-none-eabi/5.4.1/armv7-m\libgcc.a(_aeabi_uldivmod.o) (__aeabi_ldiv0)
d:/softa/lpcxpresso_8.2.2_650/lpcxpresso/tools/bin/../lib/gcc/arm-none-eabi/5.4.1/../../../../arm-none-eabi/lib/armv7-m\libc.a(lib_a-init.o)
                              ./src/cr_startup_lpc15xx.o (__libc_init_array)
d:/softa/lpcxpresso_8.2.2_650/lpcxpresso/tools/bin/../lib/gcc/arm-none-eabi/5.4.1/../../../../arm-none-eabi/lib/armv7-m\libc.a(lib_a-malloc.o)
                              ./src/cr_cpp_config.o (malloc)
d:/softa/lpcxpresso_8.2.2_650/lpcxpresso/tools/bin/../lib/gcc/arm-none-eabi/5.4.1/../../../../arm-none-eabi/lib/armv7-m\libc.a(lib_a-mallocr.o)
                              d:/softa/lpcxpresso_8.2.2_650/lpcxpresso/tools/bin/../lib/gcc/arm-none-eabi/5.4.1/../../../../arm-none-eabi/lib/armv7-m\libc.a(lib_a-malloc.o) (_malloc_r)
[...]
Memory Configuration

Name             Origin             Length             Attributes
MFlash256        0x00000000         0x00040000         xr
Ram0_16          0x02000000         0x00004000         xrw
Ram1_16          0x02004000         0x00004000         xrw
Ram2_4           0x02008000         0x00001000         xrw
*default*        0x00000000         0xffffffff

Linker script and memory map

LOAD ./src/ABBcontroller.o
LOAD ./src/I2C.o
LOAD ./src/ITM_write.o
LOAD ./src/ModbusMaster.o
LOAD ./src/SerialPort.o
LOAD ./src/cr_cpp_config.o
LOAD ./src/cr_startup_lpc15xx.o
LOAD ./src/crp.o
LOAD ./src/main.o
LOAD ./src/retarget_itm.o
LOAD ./src/sysinit.o
LOAD C:\Users\Tommi\Documents\LPCXpresso_8.2.2_650\workspace\lpc_board_nxp_lpcxpresso_1549\Debug\liblpc_board_nxp_lpcxpresso_1549.a
LOAD C:\Users\Tommi\Documents\LPCXpresso_8.2.2_650\workspace\lpc_chip_15xx\Debug\liblpc_chip_15xx.a
START GROUP
LOAD d:/softa/lpcxpresso_8.2.2_650/lpcxpresso/tools/bin/../lib/gcc/arm-none-eabi/5.4.1/armv7-m\libgcc.a
LOAD d:/softa/lpcxpresso_8.2.2_650/lpcxpresso/tools/bin/../lib/gcc/arm-none-eabi/5.4.1/../../../../arm-none-eabi/lib/armv7-m\libc.a
LOAD d:/softa/lpcxpresso_8.2.2_650/lpcxpresso/tools/bin/../lib/gcc/arm-none-eabi/5.4.1/../../../../arm-none-eabi/lib/armv7-m\libstdc++.a
LOAD d:/softa/lpcxpresso_8.2.2_650/lpcxpresso/tools/bin/../lib/gcc/arm-none-eabi/5.4.1/../../../../arm-none-eabi/lib/armv7-m\libm.a
LOAD d:/softa/lpcxpresso_8.2.2_650/lpcxpresso/tools/bin/../lib/gcc/arm-none-eabi/5.4.1/../../../../arm-none-eabi/lib/armv7-m\libcr_newlib_nohost.a
LOAD d:/softa/lpcxpresso_8.2.2_650/lpcxpresso/tools/bin/../lib/gcc/arm-none-eabi/5.4.1/armv7-m\crti.o
LOAD d:/softa/lpcxpresso_8.2.2_650/lpcxpresso/tools/bin/../lib/gcc/arm-none-eabi/5.4.1/armv7-m\crtn.o
LOAD d:/softa/lpcxpresso_8.2.2_650/lpcxpresso/tools/bin/../lib/gcc/arm-none-eabi/5.4.1/armv7-m\crtbegin.o
LOAD d:/softa/lpcxpresso_8.2.2_650/lpcxpresso/tools/bin/../lib/gcc/arm-none-eabi/5.4.1/armv7-m\crtend.o
END GROUP
                0x00000000                __base_MFlash256 = 0x0
                0x00000000                __base_Flash = 0x0
                0x00040000                __top_MFlash256 = 0x40000
                0x00040000                __top_Flash = 0x40000
                0x02000000                __base_Ram0_16 = 0x2000000
                0x02000000                __base_RAM = 0x2000000
                0x02004000                __top_Ram0_16 = 0x2004000
                0x02004000                __top_RAM = 0x2004000
                0x02004000                __base_Ram1_16 = 0x2004000
                0x02004000                __base_RAM2 = 0x2004000
                0x02008000                __top_Ram1_16 = 0x2008000
                0x02008000                __top_RAM2 = 0x2008000
                0x02008000                __base_Ram2_4 = 0x2008000
                0x02008000                __base_RAM3 = 0x2008000
                0x02009000                __top_Ram2_4 = 0x2009000
                0x02009000                __top_RAM3 = 0x2009000

.text           0x00000000     0x7540
 FILL mask 0xff
                0x00000000                __vectors_start__ = ABSOLUTE (.)
 *(.isr_vector)
 .isr_vector    0x00000000       0xfc ./src/cr_startup_lpc15xx.o
                0x00000000                g_pfnVectors
                0x000000fc                . = ALIGN (0x4)
                0x000000fc                __section_table_start = .
                0x000000fc                __data_section_table = .
                0x000000fc        0x4 LONG 0x7548 LOADADDR (.data)
                0x00000100        0x4 LONG 0x2000000 ADDR (.data)
                0x00000104        0x4 LONG 0x8a4 SIZEOF (.data)
                0x00000108        0x4 LONG 0x7548 LOADADDR (.data_RAM2)
                0x0000010c        0x4 LONG 0x2004000 ADDR (.data_RAM2)
                0x00000110        0x4 LONG 0x0 SIZEOF (.data_RAM2)
                0x00000114        0x4 LONG 0x7548 LOADADDR (.data_RAM3)
                0x00000118        0x4 LONG 0x2008000 ADDR (.data_RAM3)
                0x0000011c        0x4 LONG 0x0 SIZEOF (.data_RAM3)
                0x00000120                __data_section_table_end = .
                0x00000120                __bss_section_table = .
                0x00000120        0x4 LONG 0x20008a4 ADDR (.bss)
                0x00000124        0x4 LONG 0x6c SIZEOF (.bss)
                0x00000128        0x4 LONG 0x2004000 ADDR (.bss_RAM2)
                0x0000012c        0x4 LONG 0x0 SIZEOF (.bss_RAM2)
                0x00000130        0x4 LONG 0x2008000 ADDR (.bss_RAM3)
                0x00000134        0x4 LONG 0x0 SIZEOF (.bss_RAM3)
                0x00000138                __bss_section_table_end = .
                0x00000138                __section_table_end = .
 *(.after_vectors*)
 .after_vectors
                0x00000138      0x158 ./src/cr_startup_lpc15xx.o
                0x00000138                data_init(unsigned int, unsigned int, unsigned int)
                0x0000017c                bss_init(unsigned int, unsigned int)
                0x000001b4                ResetISR
                0x00000240                NMI_Handler
                0x00000248                HardFault_Handler
                0x00000250                MemManage_Handler
                0x00000258                BusFault_Handler
                0x00000260                UsageFault_Handler
                0x00000268                SVC_Handler
                0x00000270                DebugMon_Handler
                0x00000278                PendSV_Handler
                0x00000288                RTC_WAKE_IRQHandler
                0x00000288                UART0_IRQHandler
                0x00000288                ADC1_THCMP_IRQHandler
                0x00000288                SPI1_IRQHandler
                0x00000288                PIN_INT6_IRQHandler
                0x00000288                IntDefaultHandler
                0x00000288                PIN_INT4_IRQHandler
                0x00000288                CAN_IRQHandler
                0x00000288                RTC_ALARM_IRQHandler
                0x00000288                ADC1B_IRQHandler
                0x00000288                ADC1_OVR_IRQHandler
                0x00000288                MRT_IRQHandler
                0x00000288                UART2_IRQHandler
                0x00000288                ADC0_OVR_IRQHandler
                0x00000288                SCT1_IRQHandler
                0x00000288                PIN_INT2_IRQHandler
                0x00000288                USB_FIQHandler
                0x00000288                SCT3_IRQHandler
                0x00000288                PIN_INT7_IRQHandler
                0x00000288                I2C0_IRQHandler
                0x00000288                PIN_INT1_IRQHandler
                0x00000288                USB_IRQHandler
                0x00000288                BOD_IRQHandler
                0x00000288                ADC0B_IRQHandler
                0x00000288                ACMP0_IRQHandler
                0x00000288                RIT_IRQHandler
                0x00000288                USBWakeup_IRQHandler
                0x00000288                WDT_IRQHandler
                0x00000288                SCT2_IRQHandler
                0x00000288                PIN_INT0_IRQHandler
                0x00000288                QEI_IRQHandler
                0x00000288                ACMP3_IRQHandler
                0x00000288                GINT0_IRQHandler
                0x00000288                DAC_IRQHandler
                0x00000288                SPI0_IRQHandler
                0x00000288                EEPROM_IRQHandler
                0x00000288                ACMP2_IRQHandler
                0x00000288                PIN_INT5_IRQHandler
                0x00000288                ADC1A_IRQHandler
                0x00000288                DMA_IRQHandler
                0x00000288                PIN_INT3_IRQHandler
                0x00000288                ACMP1_IRQHandler
                0x00000288                SCT0_IRQHandler
                0x00000288                ADC0A_IRQHandler
                0x00000288                FMC_IRQHandler
                0x00000288                GINT1_IRQHandler
                0x00000288                ADC0_THCMP_IRQHandler
 *(.text*)
 .text.Chip_IOCON_PinMuxSet
                0x00000290       0x2c ./src/I2C.o
 .text.Chip_I2C_SetClockDiv
                0x000002bc       0x34 ./src/I2C.o
 .text.Chip_I2CM_Enable
                0x000002f0       0x24 ./src/I2C.o
 .text._ZN3I2CC2Eim
                0x00000314       0x84 ./src/I2C.o
                0x00000314                I2C::I2C(int, unsigned long)
                0x00000314                I2C::I2C(int, unsigned long)
 .text._ZN3I2CD2Ev
                0x00000398       0x28 ./src/I2C.o
                0x00000398                I2C::~I2C()
                0x00000398                I2C::~I2C()
 .text._ZN3I2CD0Ev
                0x000003c0       0x20 ./src/I2C.o
                0x000003c0                I2C::~I2C()
 .text._ZN3I2C11transactionEhPhtS0_t
                0x000003e0       0x50 ./src/I2C.o
                0x000003e0                I2C::transaction(unsigned char, unsigned char*, unsigned short, unsigned char*, unsigned short)
 .text.Chip_SWM_MovablePortPinAssign
                0x00000430       0x30 ./src/ITM_write.o
 .text.ITM_init
                0x00000460       0x14 ./src/ITM_write.o
                0x00000460                ITM_init
 .text.ITM_write
                0x00000474       0x7c ./src/ITM_write.o
                0x00000474                ITM_write
 .text.UART1_IRQHandler
                0x000004f0       0x24 ./src/SerialPort.o
                0x000004f0                UART1_IRQHandler
 .text._ZdlPv   0x00000514       0x18 ./src/cr_cpp_config.o
                0x00000514                operator delete(void*)
 .text.NVIC_SetPriority
                0x0000052c       0x54 ./src/main.o
 .text.SysTick_Config
                0x00000580       0x44 ./src/main.o
 .text.SysTick_Handler
                0x000005c4       0x3c ./src/main.o
                0x000005c4                SysTick_Handler
 .text._Z5Sleepi
                0x00000600       0x34 ./src/main.o
                0x00000600                Sleep(int)
 .text._Z7i2cTestv
                0x00000634       0x98 ./src/main.o
                0x00000634                i2cTest()
 .text.main     0x000006cc       0x38 ./src/main.o
                0x000006cc                main
 .text._write   0x00000704       0x7c ./src/retarget_itm.o
                0x00000704                _write
 .text._read    0x00000780       0xb4 ./src/retarget_itm.o
                0x00000780                _read
 .text.SystemInit
                0x00000834        0xc ./src/sysinit.o
                0x00000834                SystemInit
 .text.Chip_IOCON_PinMuxSet
                0x00000840       0x2c C:\Users\Tommi\Documents\LPCXpresso_8.2.2_650\workspace\lpc_board_nxp_lpcxpresso_1549\Debug\liblpc_board_nxp_lpcxpresso_1549.a(board.o)
 .text.Chip_SWM_MovablePortPinAssign
                0x0000086c       0x30 C:\Users\Tommi\Documents\LPCXpresso_8.2.2_650\workspace\lpc_board_nxp_lpcxpresso_1549\Debug\liblpc_board_nxp_lpcxpresso_1549.a(board.o)
 .text.Chip_GPIO_SetPinState
                0x0000089c       0x38 C:\Users\Tommi\Documents\LPCXpresso_8.2.2_650\workspace\lpc_board_nxp_lpcxpresso_1549\Debug\liblpc_board_nxp_lpcxpresso_1549.a(board.o)
 .text.Chip_GPIO_SetPinDIROutput
                0x000008d4       0x3c C:\Users\Tommi\Documents\LPCXpresso_8.2.2_650\workspace\lpc_board_nxp_lpcxpresso_1549\Debug\liblpc_board_nxp_lpcxpresso_1549.a(board.o)
 .text.Chip_UART_Enable
                0x00000910       0x20 C:\Users\Tommi\Documents\LPCXpresso_8.2.2_650\workspace\lpc_board_nxp_lpcxpresso_1549\Debug\liblpc_board_nxp_lpcxpresso_1549.a(board.o)
 .text.Chip_UART_TXEnable
                0x00000930       0x20 C:\Users\Tommi\Documents\LPCXpresso_8.2.2_650\workspace\lpc_board_nxp_lpcxpresso_1549\Debug\liblpc_board_nxp_lpcxpresso_1549.a(board.o)
 .text.Chip_UART_ConfigData
                0x00000950       0x28 C:\Users\Tommi\Documents\LPCXpresso_8.2.2_650\workspace\lpc_board_nxp_lpcxpresso_1549\Debug\liblpc_board_nxp_lpcxpresso_1549.a(board.o)
 .text.Board_Debug_Init
                0x00000978       0x70 C:\Users\Tommi\Documents\LPCXpresso_8.2.2_650\workspace\lpc_board_nxp_lpcxpresso_1549\Debug\liblpc_board_nxp_lpcxpresso_1549.a(board.o)
                0x00000978                Board_Debug_Init
 .text.Board_LED_Init
                0x000009e8       0x5c C:\Users\Tommi\Documents\LPCXpresso_8.2.2_650\workspace\lpc_board_nxp_lpcxpresso_1549\Debug\liblpc_board_nxp_lpcxpresso_1549.a(board.o)
 .text.Board_LED_Set
                0x00000a44       0x54 C:\Users\Tommi\Documents\LPCXpresso_8.2.2_650\workspace\lpc_board_nxp_lpcxpresso_1549\Debug\liblpc_board_nxp_lpcxpresso_1549.a(board.o)
                0x00000a44                Board_LED_Set
 .text.Board_Init
                0x00000a98       0x18 C:\Users\Tommi\Documents\LPCXpresso_8.2.2_650\workspace\lpc_board_nxp_lpcxpresso_1549\Debug\liblpc_board_nxp_lpcxpresso_1549.a(board.o)
                0x00000a98                Board_Init
 .text.Chip_SYSCTL_PeriphReset
                0x00000ab0       0x24 C:\Users\Tommi\Documents\LPCXpresso_8.2.2_650\workspace\lpc_board_nxp_lpcxpresso_1549\Debug\liblpc_board_nxp_lpcxpresso_1549.a(board_sysinit.o)
 .text.Chip_Clock_SetUSBPLLSource
                0x00000ad4       0x20 C:\Users\Tommi\Documents\LPCXpresso_8.2.2_650\workspace\lpc_board_nxp_lpcxpresso_1549\Debug\liblpc_board_nxp_lpcxpresso_1549.a(board_sysinit.o)
 .text.Chip_Clock_SetupUSBPLL
                0x00000af4       0x34 C:\Users\Tommi\Documents\LPCXpresso_8.2.2_650\workspace\lpc_board_nxp_lpcxpresso_1549\Debug\liblpc_board_nxp_lpcxpresso_1549.a(board_sysinit.o)
 .text.Chip_Clock_IsUSBPLLLocked
                0x00000b28       0x24 C:\Users\Tommi\Documents\LPCXpresso_8.2.2_650\workspace\lpc_board_nxp_lpcxpresso_1549\Debug\liblpc_board_nxp_lpcxpresso_1549.a(board_sysinit.o)
 .text.Chip_Clock_SetSysTickClockDiv
                0x00000b4c       0x20 C:\Users\Tommi\Documents\LPCXpresso_8.2.2_650\workspace\lpc_board_nxp_lpcxpresso_1549\Debug\liblpc_board_nxp_lpcxpresso_1549.a(board_sysinit.o)
 .text.Chip_SWM_MovablePortPinAssign
                0x00000b6c       0x30 C:\Users\Tommi\Documents\LPCXpresso_8.2.2_650\workspace\lpc_board_nxp_lpcxpresso_1549\Debug\liblpc_board_nxp_lpcxpresso_1549.a(board_sysinit.o)
 .text.Board_SetupMuxing
                0x00000b9c       0x80 C:\Users\Tommi\Documents\LPCXpresso_8.2.2_650\workspace\lpc_board_nxp_lpcxpresso_1549\Debug\liblpc_board_nxp_lpcxpresso_1549.a(board_sysinit.o)
                0x00000b9c                Board_SetupMuxing
 .text.Board_SetupClocking
                0x00000c1c       0x3c C:\Users\Tommi\Documents\LPCXpresso_8.2.2_650\workspace\lpc_board_nxp_lpcxpresso_1549\Debug\liblpc_board_nxp_lpcxpresso_1549.a(board_sysinit.o)
                0x00000c1c                Board_SetupClocking
 .text.Board_SystemInit
                0x00000c58       0x1c C:\Users\Tommi\Documents\LPCXpresso_8.2.2_650\workspace\lpc_board_nxp_lpcxpresso_1549\Debug\liblpc_board_nxp_lpcxpresso_1549.a(board_sysinit.o)
                0x00000c58                Board_SystemInit
 .text.SystemCoreClockUpdate
                0x00000c74       0x18 C:\Users\Tommi\Documents\LPCXpresso_8.2.2_650\workspace\lpc_chip_15xx\Debug\liblpc_chip_15xx.a(chip_15xx.o)
                0x00000c74                SystemCoreClockUpdate
 .text.Chip_Clock_SetMain_A_ClockSource
                0x00000c8c       0x20 C:\Users\Tommi\Documents\LPCXpresso_8.2.2_650\workspace\lpc_chip_15xx\Debug\liblpc_chip_15xx.a(clock_15xx.o)
 .text.Chip_Clock_GetMain_A_ClockSource
                0x00000cac       0x18 C:\Users\Tommi\Documents\LPCXpresso_8.2.2_650\workspace\lpc_chip_15xx\Debug\liblpc_chip_15xx.a(clock_15xx.o)
 .text.Chip_Clock_SetMain_B_ClockSource
                0x00000cc4       0x20 C:\Users\Tommi\Documents\LPCXpresso_8.2.2_650\workspace\lpc_chip_15xx\Debug\liblpc_chip_15xx.a(clock_15xx.o)
 .text.Chip_Clock_GetMain_B_ClockSource
                0x00000ce4       0x18 C:\Users\Tommi\Documents\LPCXpresso_8.2.2_650\workspace\lpc_chip_15xx\Debug\liblpc_chip_15xx.a(clock_15xx.o)
 .text.Chip_Clock_SetUARTFRGDivider
                0x00000cfc       0x20 C:\Users\Tommi\Documents\LPCXpresso_8.2.2_650\workspace\lpc_chip_15xx\Debug\liblpc_chip_15xx.a(clock_15xx.o)
 .text.Chip_Clock_GetUARTFRGDivider
                0x00000d1c       0x18 C:\Users\Tommi\Documents\LPCXpresso_8.2.2_650\workspace\lpc_chip_15xx\Debug\liblpc_chip_15xx.a(clock_15xx.o)
 .text.Chip_Clock_GetMainOscRate
                0x00000d34       0x14 C:\Users\Tommi\Documents\LPCXpresso_8.2.2_650\workspace\lpc_chip_15xx\Debug\liblpc_chip_15xx.a(clock_15xx.o)
 .text.Chip_Clock_GetIntOscRate
                0x00000d48       0x14 C:\Users\Tommi\Documents\LPCXpresso_8.2.2_650\workspace\lpc_chip_15xx\Debug\liblpc_chip_15xx.a(clock_15xx.o)
 .text.Chip_Clock_GetRTCOscRate
                0x00000d5c       0x14 C:\Users\Tommi\Documents\LPCXpresso_8.2.2_650\workspace\lpc_chip_15xx\Debug\liblpc_chip_15xx.a(clock_15xx.o)
 .text.Chip_Clock_GetWDTOSCRate
                0x00000d70       0x14 C:\Users\Tommi\Documents\LPCXpresso_8.2.2_650\workspace\lpc_chip_15xx\Debug\liblpc_chip_15xx.a(clock_15xx.o)
 .text.Chip_Clock_GetPLLFreq
                0x00000d84       0x28 C:\Users\Tommi\Documents\LPCXpresso_8.2.2_650\workspace\lpc_chip_15xx\Debug\liblpc_chip_15xx.a(clock_15xx.o)
 .text.Chip_Clock_GetPLLInClockRate
                0x00000dac       0x38 C:\Users\Tommi\Documents\LPCXpresso_8.2.2_650\workspace\lpc_chip_15xx\Debug\liblpc_chip_15xx.a(clock_15xx.o)
 .text.Chip_Clock_GetSystemPLLInClockRate
                0x00000de4       0x1c C:\Users\Tommi\Documents\LPCXpresso_8.2.2_650\workspace\lpc_chip_15xx\Debug\liblpc_chip_15xx.a(clock_15xx.o)
                0x00000de4                Chip_Clock_GetSystemPLLInClockRate
 .text.Chip_Clock_GetSystemPLLOutClockRate
                0x00000e00       0x24 C:\Users\Tommi\Documents\LPCXpresso_8.2.2_650\workspace\lpc_chip_15xx\Debug\liblpc_chip_15xx.a(clock_15xx.o)
                0x00000e00                Chip_Clock_GetSystemPLLOutClockRate
 .text.Chip_Clock_GetMain_A_ClockRate
                0x00000e24       0x44 C:\Users\Tommi\Documents\LPCXpresso_8.2.2_650\workspace\lpc_chip_15xx\Debug\liblpc_chip_15xx.a(clock_15xx.o)
                0x00000e24                Chip_Clock_GetMain_A_ClockRate
 .text.Chip_Clock_GetMain_B_ClockRate
                0x00000e68       0x58 C:\Users\Tommi\Documents\LPCXpresso_8.2.2_650\workspace\lpc_chip_15xx\Debug\liblpc_chip_15xx.a(clock_15xx.o)
                0x00000e68                Chip_Clock_GetMain_B_ClockRate
 .text.Chip_Clock_SetMainClockSource
                0x00000ec0       0x3c C:\Users\Tommi\Documents\LPCXpresso_8.2.2_650\workspace\lpc_chip_15xx\Debug\liblpc_chip_15xx.a(clock_15xx.o)
                0x00000ec0                Chip_Clock_SetMainClockSource
 .text.Chip_Clock_GetMainClockRate
                0x00000efc       0x28 C:\Users\Tommi\Documents\LPCXpresso_8.2.2_650\workspace\lpc_chip_15xx\Debug\liblpc_chip_15xx.a(clock_15xx.o)
                0x00000efc                Chip_Clock_GetMainClockRate
 .text.Chip_Clock_EnablePeriphClock
                0x00000f24       0x54 C:\Users\Tommi\Documents\LPCXpresso_8.2.2_650\workspace\lpc_chip_15xx\Debug\liblpc_chip_15xx.a(clock_15xx.o)
                0x00000f24                Chip_Clock_EnablePeriphClock
 .text.Chip_Clock_GetUARTBaseClockRate
                0x00000f78       0x88 C:\Users\Tommi\Documents\LPCXpresso_8.2.2_650\workspace\lpc_chip_15xx\Debug\liblpc_chip_15xx.a(clock_15xx.o)
                0x00000f78                Chip_Clock_GetUARTBaseClockRate
 .text.Chip_Clock_SetUARTBaseClockRate
                0x00001000       0xa0 C:\Users\Tommi\Documents\LPCXpresso_8.2.2_650\workspace\lpc_chip_15xx\Debug\liblpc_chip_15xx.a(clock_15xx.o)
                0x00001000                Chip_Clock_SetUARTBaseClockRate
 .text.Chip_Clock_GetSystemClockRate
                0x000010a0       0x1c C:\Users\Tommi\Documents\LPCXpresso_8.2.2_650\workspace\lpc_chip_15xx\Debug\liblpc_chip_15xx.a(clock_15xx.o)
                0x000010a0                Chip_Clock_GetSystemClockRate
 .text.Chip_SYSCTL_PeriphReset
                0x000010bc       0x24 C:\Users\Tommi\Documents\LPCXpresso_8.2.2_650\workspace\lpc_chip_15xx\Debug\liblpc_chip_15xx.a(gpio_15xx.o)
 .text.Chip_GPIO_Init
                0x000010e0       0x30 C:\Users\Tommi\Documents\LPCXpresso_8.2.2_650\workspace\lpc_chip_15xx\Debug\liblpc_chip_15xx.a(gpio_15xx.o)
                0x000010e0                Chip_GPIO_Init
 .text.Chip_SYSCTL_PeriphReset
                0x00001110       0x24 C:\Users\Tommi\Documents\LPCXpresso_8.2.2_650\workspace\lpc_chip_15xx\Debug\liblpc_chip_15xx.a(i2c_common_15xx.o)
 .text.Chip_I2C_Init
                0x00001134       0x1c C:\Users\Tommi\Documents\LPCXpresso_8.2.2_650\workspace\lpc_chip_15xx\Debug\liblpc_chip_15xx.a(i2c_common_15xx.o)
                0x00001134                Chip_I2C_Init
 .text.Chip_I2C_GetClockDiv
                0x00001150       0x1c C:\Users\Tommi\Documents\LPCXpresso_8.2.2_650\workspace\lpc_chip_15xx\Debug\liblpc_chip_15xx.a(i2cm_15xx.o)
 .text.Chip_I2CM_SetDutyCycle
                0x0000116c       0x34 C:\Users\Tommi\Documents\LPCXpresso_8.2.2_650\workspace\lpc_chip_15xx\Debug\liblpc_chip_15xx.a(i2cm_15xx.o)
 .text.Chip_I2CM_GetStatus
                0x000011a0       0x18 C:\Users\Tommi\Documents\LPCXpresso_8.2.2_650\workspace\lpc_chip_15xx\Debug\liblpc_chip_15xx.a(i2cm_15xx.o)
 .text.Chip_I2CM_ClearStatus
                0x000011b8       0x20 C:\Users\Tommi\Documents\LPCXpresso_8.2.2_650\workspace\lpc_chip_15xx\Debug\liblpc_chip_15xx.a(i2cm_15xx.o)
 .text.Chip_I2CM_IsMasterPending
                0x000011d8       0x24 C:\Users\Tommi\Documents\LPCXpresso_8.2.2_650\workspace\lpc_chip_15xx\Debug\liblpc_chip_15xx.a(i2cm_15xx.o)
 .text.Chip_I2CM_GetMasterState
                0x000011fc       0x1c C:\Users\Tommi\Documents\LPCXpresso_8.2.2_650\workspace\lpc_chip_15xx\Debug\liblpc_chip_15xx.a(i2cm_15xx.o)
 .text.Chip_I2CM_SendStart
                0x00001218       0x18 C:\Users\Tommi\Documents\LPCXpresso_8.2.2_650\workspace\lpc_chip_15xx\Debug\liblpc_chip_15xx.a(i2cm_15xx.o)
 .text.Chip_I2CM_SendStop
                0x00001230       0x18 C:\Users\Tommi\Documents\LPCXpresso_8.2.2_650\workspace\lpc_chip_15xx\Debug\liblpc_chip_15xx.a(i2cm_15xx.o)
 .text.Chip_I2CM_MasterContinue
                0x00001248       0x18 C:\Users\Tommi\Documents\LPCXpresso_8.2.2_650\workspace\lpc_chip_15xx\Debug\liblpc_chip_15xx.a(i2cm_15xx.o)
 .text.Chip_I2CM_WriteByte
                0x00001260       0x1c C:\Users\Tommi\Documents\LPCXpresso_8.2.2_650\workspace\lpc_chip_15xx\Debug\liblpc_chip_15xx.a(i2cm_15xx.o)
 .text.Chip_I2CM_SetBusSpeed
                0x0000127c       0x48 C:\Users\Tommi\Documents\LPCXpresso_8.2.2_650\workspace\lpc_chip_15xx\Debug\liblpc_chip_15xx.a(i2cm_15xx.o)
                0x0000127c                Chip_I2CM_SetBusSpeed
 .text.Chip_I2CM_XferHandler
                0x000012c4      0x160 C:\Users\Tommi\Documents\LPCXpresso_8.2.2_650\workspace\lpc_chip_15xx\Debug\liblpc_chip_15xx.a(i2cm_15xx.o)
                0x000012c4                Chip_I2CM_XferHandler
 .text.Chip_I2CM_Xfer
                0x00001424       0x4c C:\Users\Tommi\Documents\LPCXpresso_8.2.2_650\workspace\lpc_chip_15xx\Debug\liblpc_chip_15xx.a(i2cm_15xx.o)
                0x00001424                Chip_I2CM_Xfer
 .text.Chip_I2CM_XferBlocking
                0x00001470       0x48 C:\Users\Tommi\Documents\LPCXpresso_8.2.2_650\workspace\lpc_chip_15xx\Debug\liblpc_chip_15xx.a(i2cm_15xx.o)
                0x00001470                Chip_I2CM_XferBlocking
 .text.Chip_IOCON_PinMuxSet
                0x000014b8       0x2c C:\Users\Tommi\Documents\LPCXpresso_8.2.2_650\workspace\lpc_chip_15xx\Debug\liblpc_chip_15xx.a(iocon_15xx.o)
 .text.Chip_IOCON_SetPinMuxing
                0x000014e4       0x50 C:\Users\Tommi\Documents\LPCXpresso_8.2.2_650\workspace\lpc_chip_15xx\Debug\liblpc_chip_15xx.a(iocon_15xx.o)
                0x000014e4                Chip_IOCON_SetPinMuxing
 .text.RingBuffer_GetCount
                0x00001534       0x20 C:\Users\Tommi\Documents\LPCXpresso_8.2.2_650\workspace\lpc_chip_15xx\Debug\liblpc_chip_15xx.a(ring_buffer.o)
 .text.RingBuffer_IsFull
                0x00001554       0x28 C:\Users\Tommi\Documents\LPCXpresso_8.2.2_650\workspace\lpc_chip_15xx\Debug\liblpc_chip_15xx.a(ring_buffer.o)
 .text.RingBuffer_IsEmpty
                0x0000157c       0x28 C:\Users\Tommi\Documents\LPCXpresso_8.2.2_650\workspace\lpc_chip_15xx\Debug\liblpc_chip_15xx.a(ring_buffer.o)
 .text.RingBuffer_Insert
                0x000015a4       0x5c C:\Users\Tommi\Documents\LPCXpresso_8.2.2_650\workspace\lpc_chip_15xx\Debug\liblpc_chip_15xx.a(ring_buffer.o)
                0x000015a4                RingBuffer_Insert
 .text.RingBuffer_Pop
                0x00001600       0x5c C:\Users\Tommi\Documents\LPCXpresso_8.2.2_650\workspace\lpc_chip_15xx\Debug\liblpc_chip_15xx.a(ring_buffer.o)
                0x00001600                RingBuffer_Pop
 .text.Chip_SWM_MovablePinAssign
                0x0000165c       0x5c C:\Users\Tommi\Documents\LPCXpresso_8.2.2_650\workspace\lpc_chip_15xx\Debug\liblpc_chip_15xx.a(swm_15xx.o)
                0x0000165c                Chip_SWM_MovablePinAssign
 .text.Chip_SWM_EnableFixedPin
                0x000016b8       0x48 C:\Users\Tommi\Documents\LPCXpresso_8.2.2_650\workspace\lpc_chip_15xx\Debug\liblpc_chip_15xx.a(swm_15xx.o)
                0x000016b8                Chip_SWM_EnableFixedPin
 .text.Chip_SYSCTL_AssertPeriphReset
                0x00001700       0x48 C:\Users\Tommi\Documents\LPCXpresso_8.2.2_650\workspace\lpc_chip_15xx\Debug\liblpc_chip_15xx.a(sysctl_15xx.o)
                0x00001700                Chip_SYSCTL_AssertPeriphReset
 .text.Chip_SYSCTL_DeassertPeriphReset
                0x00001748       0x4c C:\Users\Tommi\Documents\LPCXpresso_8.2.2_650\workspace\lpc_chip_15xx\Debug\liblpc_chip_15xx.a(sysctl_15xx.o)
                0x00001748                Chip_SYSCTL_DeassertPeriphReset
 .text.Chip_SYSCTL_PowerDown
                0x00001794       0x40 C:\Users\Tommi\Documents\LPCXpresso_8.2.2_650\workspace\lpc_chip_15xx\Debug\liblpc_chip_15xx.a(sysctl_15xx.o)
                0x00001794                Chip_SYSCTL_PowerDown
 .text.Chip_SYSCTL_PowerUp
                0x000017d4       0x40 C:\Users\Tommi\Documents\LPCXpresso_8.2.2_650\workspace\lpc_chip_15xx\Debug\liblpc_chip_15xx.a(sysctl_15xx.o)
                0x000017d4                Chip_SYSCTL_PowerUp
 .text.Chip_FMC_SetFLASHAccess
                0x00001814       0x38 C:\Users\Tommi\Documents\LPCXpresso_8.2.2_650\workspace\lpc_chip_15xx\Debug\liblpc_chip_15xx.a(sysinit_15xx.o)
 .text.Chip_Clock_SetSystemPLLSource
                0x0000184c       0x20 C:\Users\Tommi\Documents\LPCXpresso_8.2.2_650\workspace\lpc_chip_15xx\Debug\liblpc_chip_15xx.a(sysinit_15xx.o)
 .text.Chip_Clock_SetupSystemPLL
                0x0000186c       0x34 C:\Users\Tommi\Documents\LPCXpresso_8.2.2_650\workspace\lpc_chip_15xx\Debug\liblpc_chip_15xx.a(sysinit_15xx.o)
 .text.Chip_Clock_IsSystemPLLLocked
                0x000018a0       0x24 C:\Users\Tommi\Documents\LPCXpresso_8.2.2_650\workspace\lpc_chip_15xx\Debug\liblpc_chip_15xx.a(sysinit_15xx.o)
 .text.Chip_Clock_SetSysClockDiv
                0x000018c4       0x20 C:\Users\Tommi\Documents\LPCXpresso_8.2.2_650\workspace\lpc_chip_15xx\Debug\liblpc_chip_15xx.a(sysinit_15xx.o)
 .text.Chip_SetupXtalClocking
                0x000018e4       0x6c C:\Users\Tommi\Documents\LPCXpresso_8.2.2_650\workspace\lpc_chip_15xx\Debug\liblpc_chip_15xx.a(sysinit_15xx.o)
                0x000018e4                Chip_SetupXtalClocking
 .text.Chip_SYSCTL_PeriphReset
                0x00001950       0x24 C:\Users\Tommi\Documents\LPCXpresso_8.2.2_650\workspace\lpc_chip_15xx\Debug\liblpc_chip_15xx.a(uart_15xx.o)
 .text.RingBuffer_IsEmpty
                0x00001974       0x28 C:\Users\Tommi\Documents\LPCXpresso_8.2.2_650\workspace\lpc_chip_15xx\Debug\liblpc_chip_15xx.a(uart_15xx.o)
 .text.Chip_UART_SendByte
                0x0000199c       0x1c C:\Users\Tommi\Documents\LPCXpresso_8.2.2_650\workspace\lpc_chip_15xx\Debug\liblpc_chip_15xx.a(uart_15xx.o)
 .text.Chip_UART_ReadByte
                0x000019b8       0x1c C:\Users\Tommi\Documents\LPCXpresso_8.2.2_650\workspace\lpc_chip_15xx\Debug\liblpc_chip_15xx.a(uart_15xx.o)
 .text.Chip_UART_IntDisable
                0x000019d4       0x1c C:\Users\Tommi\Documents\LPCXpresso_8.2.2_650\workspace\lpc_chip_15xx\Debug\liblpc_chip_15xx.a(uart_15xx.o)
 .text.Chip_UART_GetStatus
                0x000019f0       0x18 C:\Users\Tommi\Documents\LPCXpresso_8.2.2_650\workspace\lpc_chip_15xx\Debug\liblpc_chip_15xx.a(uart_15xx.o)
 .text.getUARTClockID
                0x00001a08       0x34 C:\Users\Tommi\Documents\LPCXpresso_8.2.2_650\workspace\lpc_chip_15xx\Debug\liblpc_chip_15xx.a(uart_15xx.o)
 .text.Chip_UART_Init
                0x00001a3c       0x4c C:\Users\Tommi\Documents\LPCXpresso_8.2.2_650\workspace\lpc_chip_15xx\Debug\liblpc_chip_15xx.a(uart_15xx.o)
                0x00001a3c                Chip_UART_Init
 .text.Chip_UART_SetBaud
                0x00001a88       0x2c C:\Users\Tommi\Documents\LPCXpresso_8.2.2_650\workspace\lpc_chip_15xx\Debug\liblpc_chip_15xx.a(uart_15xx.o)
                0x00001a88                Chip_UART_SetBaud
 .text.Chip_UART_RXIntHandlerRB
                0x00001ab4       0x3c C:\Users\Tommi\Documents\LPCXpresso_8.2.2_650\workspace\lpc_chip_15xx\Debug\liblpc_chip_15xx.a(uart_15xx.o)
                0x00001ab4                Chip_UART_RXIntHandlerRB
 .text.Chip_UART_TXIntHandlerRB
                0x00001af0       0x40 C:\Users\Tommi\Documents\LPCXpresso_8.2.2_650\workspace\lpc_chip_15xx\Debug\liblpc_chip_15xx.a(uart_15xx.o)
                0x00001af0                Chip_UART_TXIntHandlerRB
 .text.Chip_UART_IRQRBHandler
                0x00001b30       0x48 C:\Users\Tommi\Documents\LPCXpresso_8.2.2_650\workspace\lpc_chip_15xx\Debug\liblpc_chip_15xx.a(uart_15xx.o)
                0x00001b30                Chip_UART_IRQRBHandler
 .text          0x00001b78      0x370 d:/softa/lpcxpresso_8.2.2_650/lpcxpresso/tools/bin/../lib/gcc/arm-none-eabi/5.4.1/armv7-m\libgcc.a(_arm_addsubdf3.o)
                0x00001b78                __aeabi_drsub
                0x00001b80                __aeabi_dsub
                0x00001b80                __subdf3
                0x00001b84                __aeabi_dadd
                0x00001b84                __adddf3
                0x00001dfc                __floatunsidf
                0x00001dfc                __aeabi_ui2d
                0x00001e1c                __floatsidf
                0x00001e1c                __aeabi_i2d
                0x00001e40                __aeabi_f2d
                0x00001e40                __extendsfdf2
                0x00001e7c                __floatundidf
                0x00001e7c                __aeabi_ul2d
                0x00001e8c                __floatdidf
                0x00001e8c                __aeabi_l2d
 .text          0x00001ee8      0x424 d:/softa/lpcxpresso_8.2.2_650/lpcxpresso/tools/bin/../lib/gcc/arm-none-eabi/5.4.1/armv7-m\libgcc.a(_arm_muldivdf3.o)
                0x00001ee8                __aeabi_dmul
                0x00001ee8                __muldf3
                0x0000213c                __divdf3
                0x0000213c                __aeabi_ddiv
 .text          0x0000230c       0x30 d:/softa/lpcxpresso_8.2.2_650/lpcxpresso/tools/bin/../lib/gcc/arm-none-eabi/5.4.1/armv7-m\libgcc.a(_aeabi_uldivmod.o)
                0x0000230c                __aeabi_uldivmod
 .text          0x0000233c      0x2ec d:/softa/lpcxpresso_8.2.2_650/lpcxpresso/tools/bin/../lib/gcc/arm-none-eabi/5.4.1/armv7-m\libgcc.a(_udivmoddi4.o)
                0x0000233c                __udivmoddi4
 .text          0x00002628        0x4 d:/softa/lpcxpresso_8.2.2_650/lpcxpresso/tools/bin/../lib/gcc/arm-none-eabi/5.4.1/armv7-m\libgcc.a(_dvmd_tls.o)
                0x00002628                __aeabi_idiv0
                0x00002628                __aeabi_ldiv0
 .text.__libc_init_array
                0x0000262c       0x50 d:/softa/lpcxpresso_8.2.2_650/lpcxpresso/tools/bin/../lib/gcc/arm-none-eabi/5.4.1/../../../../arm-none-eabi/lib/armv7-m\libc.a(lib_a-init.o)
                0x0000262c                __libc_init_array
 .text.free     0x0000267c       0x10 d:/softa/lpcxpresso_8.2.2_650/lpcxpresso/tools/bin/../lib/gcc/arm-none-eabi/5.4.1/../../../../arm-none-eabi/lib/armv7-m\libc.a(lib_a-malloc.o)
                0x0000267c                free
 .text._malloc_r
                0x0000268c      0x558 d:/softa/lpcxpresso_8.2.2_650/lpcxpresso/tools/bin/../lib/gcc/arm-none-eabi/5.4.1/../../../../arm-none-eabi/lib/armv7-m\libc.a(lib_a-mallocr.o)
                0x0000268c                _malloc_r
 .text          0x00002be4       0xec d:/softa/lpcxpresso_8.2.2_650/lpcxpresso/tools/bin/../lib/gcc/arm-none-eabi/5.4.1/../../../../arm-none-eabi/lib/armv7-m\libc.a(lib_a-memcpy.o)
                0x00002be4                memcpy
 .text.__malloc_lock
                0x00002cd0        0x4 d:/softa/lpcxpresso_8.2.2_650/lpcxpresso/tools/bin/../lib/gcc/arm-none-eabi/5.4.1/../../../../arm-none-eabi/lib/armv7-m\libc.a(lib_a-mlock.o)
                0x00002cd0                __malloc_lock
 .text.__malloc_unlock
                0x00002cd4        0x4 d:/softa/lpcxpresso_8.2.2_650/lpcxpresso/tools/bin/../lib/gcc/arm-none-eabi/5.4.1/../../../../arm-none-eabi/lib/armv7-m\libc.a(lib_a-mlock.o)
                0x00002cd4                __malloc_unlock
 .text.printf   0x00002cd8       0x28 d:/softa/lpcxpresso_8.2.2_650/lpcxpresso/tools/bin/../lib/gcc/arm-none-eabi/5.4.1/../../../../arm-none-eabi/lib/armv7-m\libc.a(lib_a-printf.o)
                0x00002cd8                printf
 .text._sbrk_r  0x00002d00       0x24 d:/softa/lpcxpresso_8.2.2_650/lpcxpresso/tools/bin/../lib/gcc/arm-none-eabi/5.4.1/../../../../arm-none-eabi/lib/armv7-m\libc.a(lib_a-sbrkr.o)
                0x00002d00                _sbrk_r
 .text._vfprintf_r
                0x00002d24     0x1788 d:/softa/lpcxpresso_8.2.2_650/lpcxpresso/tools/bin/../lib/gcc/arm-none-eabi/5.4.1/../../../../arm-none-eabi/lib/armv7-m\libc.a(lib_a-vfprintf.o)
                0x00002d24                _vfprintf_r
 .text.__sbprintf
                0x000044ac       0x6c d:/softa/lpcxpresso_8.2.2_650/lpcxpresso/tools/bin/../lib/gcc/arm-none-eabi/5.4.1/../../../../arm-none-eabi/lib/armv7-m\libc.a(lib_a-vfprintf.o)
 .text.__swsetup_r
                0x00004518       0xc8 d:/softa/lpcxpresso_8.2.2_650/lpcxpresso/tools/bin/../lib/gcc/arm-none-eabi/5.4.1/../../../../arm-none-eabi/lib/armv7-m\libc.a(lib_a-wsetup.o)
                0x00004518                __swsetup_r
 .text.quorem   0x000045e0      0x12c d:/softa/lpcxpresso_8.2.2_650/lpcxpresso/tools/bin/../lib/gcc/arm-none-eabi/5.4.1/../../../../arm-none-eabi/lib/armv7-m\libc.a(lib_a-dtoa.o)
 *fill*         0x0000470c        0x4 ff
 .text._dtoa_r  0x00004710      0xe4c d:/softa/lpcxpresso_8.2.2_650/lpcxpresso/tools/bin/../lib/gcc/arm-none-eabi/5.4.1/../../../../arm-none-eabi/lib/armv7-m\libc.a(lib_a-dtoa.o)
                0x00004710                _dtoa_r
 .text.__sflush_r
                0x0000555c      0x148 d:/softa/lpcxpresso_8.2.2_650/lpcxpresso/tools/bin/../lib/gcc/arm-none-eabi/5.4.1/../../../../arm-none-eabi/lib/armv7-m\libc.a(lib_a-fflush.o)
                0x0000555c                __sflush_r
 .text._fflush_r
                0x000056a4       0x2c d:/softa/lpcxpresso_8.2.2_650/lpcxpresso/tools/bin/../lib/gcc/arm-none-eabi/5.4.1/../../../../arm-none-eabi/lib/armv7-m\libc.a(lib_a-fflush.o)
                0x000056a4                _fflush_r
 .text._cleanup_r
                0x000056d0        0xc d:/softa/lpcxpresso_8.2.2_650/lpcxpresso/tools/bin/../lib/gcc/arm-none-eabi/5.4.1/../../../../arm-none-eabi/lib/armv7-m\libc.a(lib_a-findfp.o)
                0x000056d0                _cleanup_r
 .text.__sinit.part.1
                0x000056dc       0xf0 d:/softa/lpcxpresso_8.2.2_650/lpcxpresso/tools/bin/../lib/gcc/arm-none-eabi/5.4.1/../../../../arm-none-eabi/lib/armv7-m\libc.a(lib_a-findfp.o)
 .text.__sinit  0x000057cc        0xc d:/softa/lpcxpresso_8.2.2_650/lpcxpresso/tools/bin/../lib/gcc/arm-none-eabi/5.4.1/../../../../arm-none-eabi/lib/armv7-m\libc.a(lib_a-findfp.o)
                0x000057cc                __sinit
 .text.__sfp_lock_acquire
                0x000057d8        0x4 d:/softa/lpcxpresso_8.2.2_650/lpcxpresso/tools/bin/../lib/gcc/arm-none-eabi/5.4.1/../../../../arm-none-eabi/lib/armv7-m\libc.a(lib_a-findfp.o)
                0x000057d8                __sfp_lock_acquire
 .text.__sfp_lock_release
                0x000057dc        0x4 d:/softa/lpcxpresso_8.2.2_650/lpcxpresso/tools/bin/../lib/gcc/arm-none-eabi/5.4.1/../../../../arm-none-eabi/lib/armv7-m\libc.a(lib_a-findfp.o)
                0x000057dc                __sfp_lock_release
 .text._malloc_trim_r
                0x000057e0       0x9c d:/softa/lpcxpresso_8.2.2_650/lpcxpresso/tools/bin/../lib/gcc/arm-none-eabi/5.4.1/../../../../arm-none-eabi/lib/armv7-m\libc.a(lib_a-freer.o)
                0x000057e0                _malloc_trim_r
 .text._free_r  0x0000587c      0x1d0 d:/softa/lpcxpresso_8.2.2_650/lpcxpresso/tools/bin/../lib/gcc/arm-none-eabi/5.4.1/../../../../arm-none-eabi/lib/armv7-m\libc.a(lib_a-freer.o)
                0x0000587c                _free_r
 .text._fwalk_reent
                0x00005a4c       0x50 d:/softa/lpcxpresso_8.2.2_650/lpcxpresso/tools/bin/../lib/gcc/arm-none-eabi/5.4.1/../../../../arm-none-eabi/lib/armv7-m\libc.a(lib_a-fwalk.o)
                0x00005a4c                _fwalk_reent
 .text.__locale_charset
                0x00005a9c        0x8 d:/softa/lpcxpresso_8.2.2_650/lpcxpresso/tools/bin/../lib/gcc/arm-none-eabi/5.4.1/../../../../arm-none-eabi/lib/armv7-m\libc.a(lib_a-locale.o)
                0x00005a9c                __locale_charset
 .text.__locale_mb_cur_max
                0x00005aa4        0xc d:/softa/lpcxpresso_8.2.2_650/lpcxpresso/tools/bin/../lib/gcc/arm-none-eabi/5.4.1/../../../../arm-none-eabi/lib/armv7-m\libc.a(lib_a-locale.o)
                0x00005aa4                __locale_mb_cur_max
 .text._localeconv_r
                0x00005ab0        0x8 d:/softa/lpcxpresso_8.2.2_650/lpcxpresso/tools/bin/../lib/gcc/arm-none-eabi/5.4.1/../../../../arm-none-eabi/lib/armv7-m\libc.a(lib_a-locale.o)
                0x00005ab0                _localeconv_r
 .text.__swhatbuf_r
                0x00005ab8       0x60 d:/softa/lpcxpresso_8.2.2_650/lpcxpresso/tools/bin/../lib/gcc/arm-none-eabi/5.4.1/../../../../arm-none-eabi/lib/armv7-m\libc.a(lib_a-makebuf.o)
                0x00005ab8                __swhatbuf_r
 .text.__smakebuf_r
                0x00005b18       0x88 d:/softa/lpcxpresso_8.2.2_650/lpcxpresso/tools/bin/../lib/gcc/arm-none-eabi/5.4.1/../../../../arm-none-eabi/lib/armv7-m\libc.a(lib_a-makebuf.o)
                0x00005b18                __smakebuf_r
 .text.memchr   0x00005ba0       0x8c d:/softa/lpcxpresso_8.2.2_650/lpcxpresso/tools/bin/../lib/gcc/arm-none-eabi/5.4.1/../../../../arm-none-eabi/lib/armv7-m\libc.a(lib_a-memchr-stub.o)
                0x00005ba0                memchr
 .text.memset   0x00005c2c       0x9c d:/softa/lpcxpresso_8.2.2_650/lpcxpresso/tools/bin/../lib/gcc/arm-none-eabi/5.4.1/../../../../arm-none-eabi/lib/armv7-m\libc.a(lib_a-memset.o)
                0x00005c2c                memset
 .text._Balloc  0x00005cc8       0x50 d:/softa/lpcxpresso_8.2.2_650/lpcxpresso/tools/bin/../lib/gcc/arm-none-eabi/5.4.1/../../../../arm-none-eabi/lib/armv7-m\libc.a(lib_a-mprec.o)
                0x00005cc8                _Balloc
 .text._Bfree   0x00005d18       0x14 d:/softa/lpcxpresso_8.2.2_650/lpcxpresso/tools/bin/../lib/gcc/arm-none-eabi/5.4.1/../../../../arm-none-eabi/lib/armv7-m\libc.a(lib_a-mprec.o)
                0x00005d18                _Bfree
 .text.__multadd
                0x00005d2c       0x80 d:/softa/lpcxpresso_8.2.2_650/lpcxpresso/tools/bin/../lib/gcc/arm-none-eabi/5.4.1/../../../../arm-none-eabi/lib/armv7-m\libc.a(lib_a-mprec.o)
                0x00005d2c                __multadd
 .text.__hi0bits
                0x00005dac       0x40 d:/softa/lpcxpresso_8.2.2_650/lpcxpresso/tools/bin/../lib/gcc/arm-none-eabi/5.4.1/../../../../arm-none-eabi/lib/armv7-m\libc.a(lib_a-mprec.o)
                0x00005dac                __hi0bits
 .text.__lo0bits
                0x00005dec       0x5c d:/softa/lpcxpresso_8.2.2_650/lpcxpresso/tools/bin/../lib/gcc/arm-none-eabi/5.4.1/../../../../arm-none-eabi/lib/armv7-m\libc.a(lib_a-mprec.o)
                0x00005dec                __lo0bits
 .text.__i2b    0x00005e48       0x14 d:/softa/lpcxpresso_8.2.2_650/lpcxpresso/tools/bin/../lib/gcc/arm-none-eabi/5.4.1/../../../../arm-none-eabi/lib/armv7-m\libc.a(lib_a-mprec.o)
                0x00005e48                __i2b
 .text.__multiply
                0x00005e5c      0x13c d:/softa/lpcxpresso_8.2.2_650/lpcxpresso/tools/bin/../lib/gcc/arm-none-eabi/5.4.1/../../../../arm-none-eabi/lib/armv7-m\libc.a(lib_a-mprec.o)
                0x00005e5c                __multiply
 .text.__pow5mult
                0x00005f98       0xa0 d:/softa/lpcxpresso_8.2.2_650/lpcxpresso/tools/bin/../lib/gcc/arm-none-eabi/5.4.1/../../../../arm-none-eabi/lib/armv7-m\libc.a(lib_a-mprec.o)
                0x00005f98                __pow5mult
 .text.__lshift
                0x00006038       0xac d:/softa/lpcxpresso_8.2.2_650/lpcxpresso/tools/bin/../lib/gcc/arm-none-eabi/5.4.1/../../../../arm-none-eabi/lib/armv7-m\libc.a(lib_a-mprec.o)
                0x00006038                __lshift
 .text.__mcmp   0x000060e4       0x40 d:/softa/lpcxpresso_8.2.2_650/lpcxpresso/tools/bin/../lib/gcc/arm-none-eabi/5.4.1/../../../../arm-none-eabi/lib/armv7-m\libc.a(lib_a-mprec.o)
                0x000060e4                __mcmp
 .text.__mdiff  0x00006124      0x128 d:/softa/lpcxpresso_8.2.2_650/lpcxpresso/tools/bin/../lib/gcc/arm-none-eabi/5.4.1/../../../../arm-none-eabi/lib/armv7-m\libc.a(lib_a-mprec.o)
                0x00006124                __mdiff
 .text.__d2b    0x0000624c       0xa8 d:/softa/lpcxpresso_8.2.2_650/lpcxpresso/tools/bin/../lib/gcc/arm-none-eabi/5.4.1/../../../../arm-none-eabi/lib/armv7-m\libc.a(lib_a-mprec.o)
                0x0000624c                __d2b
 .text.__sread  0x000062f4       0x24 d:/softa/lpcxpresso_8.2.2_650/lpcxpresso/tools/bin/../lib/gcc/arm-none-eabi/5.4.1/../../../../arm-none-eabi/lib/armv7-m\libc.a(lib_a-stdio.o)
                0x000062f4                __sread
 .text.__swrite
                0x00006318       0x3c d:/softa/lpcxpresso_8.2.2_650/lpcxpresso/tools/bin/../lib/gcc/arm-none-eabi/5.4.1/../../../../arm-none-eabi/lib/armv7-m\libc.a(lib_a-stdio.o)
                0x00006318                __swrite
 .text.__sseek  0x00006354       0x20 d:/softa/lpcxpresso_8.2.2_650/lpcxpresso/tools/bin/../lib/gcc/arm-none-eabi/5.4.1/../../../../arm-none-eabi/lib/armv7-m\libc.a(lib_a-stdio.o)
                0x00006354                __sseek
 .text.__sclose
                0x00006374        0x8 d:/softa/lpcxpresso_8.2.2_650/lpcxpresso/tools/bin/../lib/gcc/arm-none-eabi/5.4.1/../../../../arm-none-eabi/lib/armv7-m\libc.a(lib_a-stdio.o)
                0x00006374                __sclose
 .text.strlen   0x0000637c       0x5c d:/softa/lpcxpresso_8.2.2_650/lpcxpresso/tools/bin/../lib/gcc/arm-none-eabi/5.4.1/../../../../arm-none-eabi/lib/armv7-m\libc.a(lib_a-strlen-stub.o)
                0x0000637c                strlen
 .text.__sprint_r.part.0
                0x000063d8       0x78 d:/softa/lpcxpresso_8.2.2_650/lpcxpresso/tools/bin/../lib/gcc/arm-none-eabi/5.4.1/../../../../arm-none-eabi/lib/armv7-m\libc.a(lib_a-vfiprintf.o)
 .text.__sprint_r
                0x00006450       0x14 d:/softa/lpcxpresso_8.2.2_650/lpcxpresso/tools/bin/../lib/gcc/arm-none-eabi/5.4.1/../../../../arm-none-eabi/lib/armv7-m\libc.a(lib_a-vfiprintf.o)
                0x00006450                __sprint_r
 .text._write_r
                0x00006464       0x2c d:/softa/lpcxpresso_8.2.2_650/lpcxpresso/tools/bin/../lib/gcc/arm-none-eabi/5.4.1/../../../../arm-none-eabi/lib/armv7-m\libc.a(lib_a-writer.o)
                0x00006464                _write_r
 .text._calloc_r
                0x00006490       0x60 d:/softa/lpcxpresso_8.2.2_650/lpcxpresso/tools/bin/../lib/gcc/arm-none-eabi/5.4.1/../../../../arm-none-eabi/lib/armv7-m\libc.a(lib_a-callocr.o)
                0x00006490                _calloc_r
 .text._close_r
                0x000064f0       0x24 d:/softa/lpcxpresso_8.2.2_650/lpcxpresso/tools/bin/../lib/gcc/arm-none-eabi/5.4.1/../../../../arm-none-eabi/lib/armv7-m\libc.a(lib_a-closer.o)
                0x000064f0                _close_r
 .text._fclose_r
                0x00006514       0x84 d:/softa/lpcxpresso_8.2.2_650/lpcxpresso/tools/bin/../lib/gcc/arm-none-eabi/5.4.1/../../../../arm-none-eabi/lib/armv7-m\libc.a(lib_a-fclose.o)
                0x00006514                _fclose_r
 .text.__fputwc
                0x00006598       0x94 d:/softa/lpcxpresso_8.2.2_650/lpcxpresso/tools/bin/../lib/gcc/arm-none-eabi/5.4.1/../../../../arm-none-eabi/lib/armv7-m\libc.a(lib_a-fputwc.o)
                0x00006598                __fputwc
 .text._fputwc_r
                0x0000662c       0x24 d:/softa/lpcxpresso_8.2.2_650/lpcxpresso/tools/bin/../lib/gcc/arm-none-eabi/5.4.1/../../../../arm-none-eabi/lib/armv7-m\libc.a(lib_a-fputwc.o)
                0x0000662c                _fputwc_r
 .text._fstat_r
                0x00006650       0x28 d:/softa/lpcxpresso_8.2.2_650/lpcxpresso/tools/bin/../lib/gcc/arm-none-eabi/5.4.1/../../../../arm-none-eabi/lib/armv7-m\libc.a(lib_a-fstatr.o)
                0x00006650                _fstat_r
 .text.__sfvwrite_r
                0x00006678      0x308 d:/softa/lpcxpresso_8.2.2_650/lpcxpresso/tools/bin/../lib/gcc/arm-none-eabi/5.4.1/../../../../arm-none-eabi/lib/armv7-m\libc.a(lib_a-fvwrite.o)
                0x00006678                __sfvwrite_r
 .text._isatty_r
                0x00006980       0x24 d:/softa/lpcxpresso_8.2.2_650/lpcxpresso/tools/bin/../lib/gcc/arm-none-eabi/5.4.1/../../../../arm-none-eabi/lib/armv7-m\libc.a(lib_a-isattyr.o)
                0x00006980                _isatty_r
 .text._lseek_r
                0x000069a4       0x2c d:/softa/lpcxpresso_8.2.2_650/lpcxpresso/tools/bin/../lib/gcc/arm-none-eabi/5.4.1/../../../../arm-none-eabi/lib/armv7-m\libc.a(lib_a-lseekr.o)
                0x000069a4                _lseek_r
 .text.memmove  0x000069d0       0xc8 d:/softa/lpcxpresso_8.2.2_650/lpcxpresso/tools/bin/../lib/gcc/arm-none-eabi/5.4.1/../../../../arm-none-eabi/lib/armv7-m\libc.a(lib_a-memmove.o)
                0x000069d0                memmove
 .text._read_r  0x00006a98       0x2c d:/softa/lpcxpresso_8.2.2_650/lpcxpresso/tools/bin/../lib/gcc/arm-none-eabi/5.4.1/../../../../arm-none-eabi/lib/armv7-m\libc.a(lib_a-readr.o)
                0x00006a98                _read_r
 .text._realloc_r
                0x00006ac4      0x3d4 d:/softa/lpcxpresso_8.2.2_650/lpcxpresso/tools/bin/../lib/gcc/arm-none-eabi/5.4.1/../../../../arm-none-eabi/lib/armv7-m\libc.a(lib_a-reallocr.o)
                0x00006ac4                _realloc_r
 .text.__swbuf_r
                0x00006e98       0xac d:/softa/lpcxpresso_8.2.2_650/lpcxpresso/tools/bin/../lib/gcc/arm-none-eabi/5.4.1/../../../../arm-none-eabi/lib/armv7-m\libc.a(lib_a-wbuf.o)
                0x00006e98                __swbuf_r
 .text._wcrtomb_r
                0x00006f44       0x54 d:/softa/lpcxpresso_8.2.2_650/lpcxpresso/tools/bin/../lib/gcc/arm-none-eabi/5.4.1/../../../../arm-none-eabi/lib/armv7-m\libc.a(lib_a-wcrtomb.o)
                0x00006f44                _wcrtomb_r
 .text.__ascii_wctomb
                0x00006f98       0x1c d:/softa/lpcxpresso_8.2.2_650/lpcxpresso/tools/bin/../lib/gcc/arm-none-eabi/5.4.1/../../../../arm-none-eabi/lib/armv7-m\libc.a(lib_a-wctomb_r.o)
                0x00006f98                __ascii_wctomb
 .text._sbrk    0x00006fb4       0x3c d:/softa/lpcxpresso_8.2.2_650/lpcxpresso/tools/bin/../lib/gcc/arm-none-eabi/5.4.1/../../../../arm-none-eabi/lib/armv7-m\libcr_newlib_nohost.a(_cr_sbrk.o)
                0x00006fb4                _sbrk
 .text._close   0x00006ff0       0x10 d:/softa/lpcxpresso_8.2.2_650/lpcxpresso/tools/bin/../lib/gcc/arm-none-eabi/5.4.1/../../../../arm-none-eabi/lib/armv7-m\libcr_newlib_nohost.a(close.o)
                0x00006ff0                _close
 .text._fstat   0x00007000       0x10 d:/softa/lpcxpresso_8.2.2_650/lpcxpresso/tools/bin/../lib/gcc/arm-none-eabi/5.4.1/../../../../arm-none-eabi/lib/armv7-m\libcr_newlib_nohost.a(fstat.o)
                0x00007000                _fstat
 .text._isatty  0x00007010       0x10 d:/softa/lpcxpresso_8.2.2_650/lpcxpresso/tools/bin/../lib/gcc/arm-none-eabi/5.4.1/../../../../arm-none-eabi/lib/armv7-m\libcr_newlib_nohost.a(isatty.o)
                0x00007010                _isatty
 .text._lseek   0x00007020       0x10 d:/softa/lpcxpresso_8.2.2_650/lpcxpresso/tools/bin/../lib/gcc/arm-none-eabi/5.4.1/../../../../arm-none-eabi/lib/armv7-m\libcr_newlib_nohost.a(lseek.o)
                0x00007020                _lseek
 .text.__check_heap_overflow
                0x00007030       0x18 d:/softa/lpcxpresso_8.2.2_650/lpcxpresso/tools/bin/../lib/gcc/arm-none-eabi/5.4.1/../../../../arm-none-eabi/lib/armv7-m\libcr_newlib_nohost.a(_cr_check_heap.o)
                0x00007030                __check_heap_overflow
 .text          0x00007048       0x5c d:/softa/lpcxpresso_8.2.2_650/lpcxpresso/tools/bin/../lib/gcc/arm-none-eabi/5.4.1/armv7-m\crtbegin.o
 .text          0x000070a4      0x110 d:/softa/lpcxpresso_8.2.2_650/lpcxpresso/tools/bin/../lib/gcc/arm-none-eabi/5.4.1/armv7-m\libgcc.a(_arm_cmpdf2.o)
                0x000070a4                __gtdf2
                0x000070a4                __gedf2
                0x000070ac                __ltdf2
                0x000070ac                __ledf2
                0x000070b4                __nedf2
                0x000070b4                __eqdf2
                0x000070b4                __cmpdf2
                0x00007130                __aeabi_cdrcmple
                0x00007140                __aeabi_cdcmpeq
                0x00007140                __aeabi_cdcmple
                0x00007150                __aeabi_dcmpeq
                0x00007164                __aeabi_dcmplt
                0x00007178                __aeabi_dcmple
                0x0000718c                __aeabi_dcmpge
                0x000071a0                __aeabi_dcmpgt
 .text          0x000071b4       0x2c d:/softa/lpcxpresso_8.2.2_650/lpcxpresso/tools/bin/../lib/gcc/arm-none-eabi/5.4.1/armv7-m\libgcc.a(_arm_unorddf2.o)
                0x000071b4                __unorddf2
                0x000071b4                __aeabi_dcmpun
 .text          0x000071e0       0x50 d:/softa/lpcxpresso_8.2.2_650/lpcxpresso/tools/bin/../lib/gcc/arm-none-eabi/5.4.1/armv7-m\libgcc.a(_arm_fixdfsi.o)
                0x000071e0                __aeabi_d2iz
                0x000071e0                __fixdfsi
 .text.__errno  0x00007230        0xc d:/softa/lpcxpresso_8.2.2_650/lpcxpresso/tools/bin/../lib/gcc/arm-none-eabi/5.4.1/../../../../arm-none-eabi/lib/armv7-m\libc.a(lib_a-errno.o)
                0x00007230                __errno
 *(.rodata .rodata.* .constdata .constdata.*)
 .rodata._ZTV3I2C
                0x0000723c       0x10 ./src/I2C.o
                0x0000723c                vtable for I2C
 .rodata        0x0000724c       0xc6 ./src/main.o
 *fill*         0x00007312        0x2 ff
 .rodata.OscRateIn
                0x00007314        0x4 C:\Users\Tommi\Documents\LPCXpresso_8.2.2_650\workspace\lpc_board_nxp_lpcxpresso_1549\Debug\liblpc_board_nxp_lpcxpresso_1549.a(board.o)
                0x00007314                OscRateIn
 .rodata.RTCOscRateIn
                0x00007318        0x4 C:\Users\Tommi\Documents\LPCXpresso_8.2.2_650\workspace\lpc_board_nxp_lpcxpresso_1549\Debug\liblpc_board_nxp_lpcxpresso_1549.a(board.o)
                0x00007318                RTCOscRateIn
 .rodata.ledpins
                0x0000731c        0x3 C:\Users\Tommi\Documents\LPCXpresso_8.2.2_650\workspace\lpc_board_nxp_lpcxpresso_1549\Debug\liblpc_board_nxp_lpcxpresso_1549.a(board.o)
 *fill*         0x0000731f        0x1 ff
 .rodata.ledports
                0x00007320        0x3 C:\Users\Tommi\Documents\LPCXpresso_8.2.2_650\workspace\lpc_board_nxp_lpcxpresso_1549\Debug\liblpc_board_nxp_lpcxpresso_1549.a(board.o)
 *fill*         0x00007323        0x1 ff
 .rodata.ioconSetup
                0x00007324       0x74 C:\Users\Tommi\Documents\LPCXpresso_8.2.2_650\workspace\lpc_board_nxp_lpcxpresso_1549\Debug\liblpc_board_nxp_lpcxpresso_1549.a(board_sysinit.o)
 .rodata.swmSetup
                0x00007398        0x6 C:\Users\Tommi\Documents\LPCXpresso_8.2.2_650\workspace\lpc_board_nxp_lpcxpresso_1549\Debug\liblpc_board_nxp_lpcxpresso_1549.a(board_sysinit.o)
 *fill*         0x0000739e        0x2 ff
 .rodata.blanks.7070
                0x000073a0       0x10 d:/softa/lpcxpresso_8.2.2_650/lpcxpresso/tools/bin/../lib/gcc/arm-none-eabi/5.4.1/../../../../arm-none-eabi/lib/armv7-m\libc.a(lib_a-vfprintf.o)
 .rodata.str1.4
                0x000073b0       0x42 d:/softa/lpcxpresso_8.2.2_650/lpcxpresso/tools/bin/../lib/gcc/arm-none-eabi/5.4.1/../../../../arm-none-eabi/lib/armv7-m\libc.a(lib_a-vfprintf.o)
 *fill*         0x000073f2        0x2 ff
 .rodata.zeroes.7071
                0x000073f4       0x10 d:/softa/lpcxpresso_8.2.2_650/lpcxpresso/tools/bin/../lib/gcc/arm-none-eabi/5.4.1/../../../../arm-none-eabi/lib/armv7-m\libc.a(lib_a-vfprintf.o)
 .rodata.str1.4
                0x00007404       0x10 d:/softa/lpcxpresso_8.2.2_650/lpcxpresso/tools/bin/../lib/gcc/arm-none-eabi/5.4.1/../../../../arm-none-eabi/lib/armv7-m\libc.a(lib_a-dtoa.o)
                                 0x12 (size before relaxing)
 .rodata.str1.4
                0x00007414        0x2 d:/softa/lpcxpresso_8.2.2_650/lpcxpresso/tools/bin/../lib/gcc/arm-none-eabi/5.4.1/../../../../arm-none-eabi/lib/armv7-m\libc.a(lib_a-impure.o)
 *fill*         0x00007416        0x2 ff
 .rodata.str1.4
                0x00007418        0xc d:/softa/lpcxpresso_8.2.2_650/lpcxpresso/tools/bin/../lib/gcc/arm-none-eabi/5.4.1/../../../../arm-none-eabi/lib/armv7-m\libc.a(lib_a-locale.o)
                                 0x12 (size before relaxing)
 *fill*         0x00007424        0x4 ff
 .rodata.__mprec_tens
                0x00007428       0xc8 d:/softa/lpcxpresso_8.2.2_650/lpcxpresso/tools/bin/../lib/gcc/arm-none-eabi/5.4.1/../../../../arm-none-eabi/lib/armv7-m\libc.a(lib_a-mprec.o)
                0x00007428                __mprec_tens
 .rodata.__mprec_bigtens
                0x000074f0       0x28 d:/softa/lpcxpresso_8.2.2_650/lpcxpresso/tools/bin/../lib/gcc/arm-none-eabi/5.4.1/../../../../arm-none-eabi/lib/armv7-m\libc.a(lib_a-mprec.o)
                0x000074f0                __mprec_bigtens
 .rodata.p05.5396
                0x00007518        0xc d:/softa/lpcxpresso_8.2.2_650/lpcxpresso/tools/bin/../lib/gcc/arm-none-eabi/5.4.1/../../../../arm-none-eabi/lib/armv7-m\libc.a(lib_a-mprec.o)
                0x00007524                . = ALIGN (0x4)
                0x00007524                . = ALIGN (0x4)
 *(.init)
 .init          0x00007524        0x4 d:/softa/lpcxpresso_8.2.2_650/lpcxpresso/tools/bin/../lib/gcc/arm-none-eabi/5.4.1/armv7-m\crti.o
                0x00007524                _init
 .init          0x00007528        0x8 d:/softa/lpcxpresso_8.2.2_650/lpcxpresso/tools/bin/../lib/gcc/arm-none-eabi/5.4.1/armv7-m\crtn.o
                0x00007530                . = ALIGN (0x4)
                0x00007530                __preinit_array_start = .
 *(.preinit_array)
                0x00007530                __preinit_array_end = .
                0x00007530                . = ALIGN (0x4)
                0x00007530                __init_array_start = .
 *(SORT(.init_array.*))
 *(.init_array)
 .init_array    0x00007530        0x4 d:/softa/lpcxpresso_8.2.2_650/lpcxpresso/tools/bin/../lib/gcc/arm-none-eabi/5.4.1/armv7-m\crtbegin.o
                0x00007534                __init_array_end = .
 *(.fini)
 .fini          0x00007534        0x4 d:/softa/lpcxpresso_8.2.2_650/lpcxpresso/tools/bin/../lib/gcc/arm-none-eabi/5.4.1/armv7-m\crti.o
                0x00007534                _fini
 .fini          0x00007538        0x8 d:/softa/lpcxpresso_8.2.2_650/lpcxpresso/tools/bin/../lib/gcc/arm-none-eabi/5.4.1/armv7-m\crtn.o
                0x00007540                . = ALIGN (0x4)
 *crtbegin.o(.ctors)
 *(EXCLUDE_FILE(*crtend.o) .ctors)
 *(SORT(.ctors.*))
 *crtend.o(.ctors)
                0x00007540                . = ALIGN (0x4)
 *crtbegin.o(.dtors)
 *(EXCLUDE_FILE(*crtend.o) .dtors)
 *(SORT(.dtors.*))
 *crtend.o(.dtors)
                0x00007540                . = ALIGN (0x4)

.glue_7         0x00007540        0x0
 .glue_7        0x00007540        0x0 linker stubs

.glue_7t        0x00007540        0x0
 .glue_7t       0x00007540        0x0 linker stubs

.vfp11_veneer   0x00007540        0x0
 .vfp11_veneer  0x00007540        0x0 linker stubs

.v4_bx          0x00007540        0x0
 .v4_bx         0x00007540        0x0 linker stubs

.iplt           0x00007540        0x0
 .iplt          0x00007540        0x0 ./src/ABBcontroller.o

.ARM.extab
 *(.ARM.extab* .gnu.linkonce.armextab.*)
                0x00007540                __exidx_start = .

.ARM.exidx      0x00007540        0x8
 *(.ARM.exidx* .gnu.linkonce.armexidx.*)
 .ARM.exidx     0x00007540        0x8 d:/softa/lpcxpresso_8.2.2_650/lpcxpresso/tools/bin/../lib/gcc/arm-none-eabi/5.4.1/armv7-m\libgcc.a(_udivmoddi4.o)
                0x00007548                __exidx_end = .
                0x00007548                _etext = .

.rel.dyn        0x00007548        0x0
 .rel.iplt      0x00007548        0x0 ./src/ABBcontroller.o

.eh_frame       0x00007548        0x0
 .eh_frame      0x00007548        0x0 d:/softa/lpcxpresso_8.2.2_650/lpcxpresso/tools/bin/../lib/gcc/arm-none-eabi/5.4.1/armv7-m\crtbegin.o

.data_RAM2      0x02004000        0x0 load address 0x00007548
 FILL mask 0xff
                [!provide]                PROVIDE (__start_data_RAM2, .)
 *(.ramfunc.$RAM2)
 *(.ramfunc.$Ram1_16)
 *(.data.$RAM2*)
 *(.data.$Ram1_16*)
                0x02004000                . = ALIGN (0x4)
                [!provide]                PROVIDE (__end_data_RAM2, .)

.data_RAM3      0x02008000        0x0 load address 0x00007548
 FILL mask 0xff
                [!provide]                PROVIDE (__start_data_RAM3, .)
 *(.ramfunc.$RAM3)
 *(.ramfunc.$Ram2_4)
 *(.data.$RAM3*)
 *(.data.$Ram2_4*)
                0x02008000                . = ALIGN (0x4)
                [!provide]                PROVIDE (__end_data_RAM3, .)

.uninit_RESERVED
                0x02000000        0x0
 *(.bss.$RESERVED*)
                0x02000000                . = ALIGN (0x4)
                0x02000000                _end_uninit_RESERVED = .

.data           0x02000000      0x8a4 load address 0x00007548
 FILL mask 0xff
                0x02000000                _data = .
 *(vtable)
 *(.ramfunc*)
 *(.data*)
 .data.ITM_RxBuffer
                0x02000000        0x4 ./src/retarget_itm.o
                0x02000000                ITM_RxBuffer
 .data.__malloc_av_
                0x02000004      0x408 d:/softa/lpcxpresso_8.2.2_650/lpcxpresso/tools/bin/../lib/gcc/arm-none-eabi/5.4.1/../../../../arm-none-eabi/lib/armv7-m\libc.a(lib_a-mallocr.o)
                0x02000004                __malloc_av_
 .data.__malloc_trim_threshold
                0x0200040c        0x4 d:/softa/lpcxpresso_8.2.2_650/lpcxpresso/tools/bin/../lib/gcc/arm-none-eabi/5.4.1/../../../../arm-none-eabi/lib/armv7-m\libc.a(lib_a-mallocr.o)
                0x0200040c                __malloc_trim_threshold
 .data.__malloc_sbrk_base
                0x02000410        0x4 d:/softa/lpcxpresso_8.2.2_650/lpcxpresso/tools/bin/../lib/gcc/arm-none-eabi/5.4.1/../../../../arm-none-eabi/lib/armv7-m\libc.a(lib_a-mallocr.o)
                0x02000410                __malloc_sbrk_base
 *fill*         0x02000414        0x4 ff
 .data.impure_data
                0x02000418      0x428 d:/softa/lpcxpresso_8.2.2_650/lpcxpresso/tools/bin/../lib/gcc/arm-none-eabi/5.4.1/../../../../arm-none-eabi/lib/armv7-m\libc.a(lib_a-impure.o)
 .data._impure_ptr
                0x02000840        0x4 d:/softa/lpcxpresso_8.2.2_650/lpcxpresso/tools/bin/../lib/gcc/arm-none-eabi/5.4.1/../../../../arm-none-eabi/lib/armv7-m\libc.a(lib_a-impure.o)
                0x02000840                _impure_ptr
 .data.lconv    0x02000844       0x38 d:/softa/lpcxpresso_8.2.2_650/lpcxpresso/tools/bin/../lib/gcc/arm-none-eabi/5.4.1/../../../../arm-none-eabi/lib/armv7-m\libc.a(lib_a-locale.o)
 .data.lc_ctype_charset
                0x0200087c       0x20 d:/softa/lpcxpresso_8.2.2_650/lpcxpresso/tools/bin/../lib/gcc/arm-none-eabi/5.4.1/../../../../arm-none-eabi/lib/armv7-m\libc.a(lib_a-locale.o)
 .data.__mb_cur_max
                0x0200089c        0x4 d:/softa/lpcxpresso_8.2.2_650/lpcxpresso/tools/bin/../lib/gcc/arm-none-eabi/5.4.1/../../../../arm-none-eabi/lib/armv7-m\libc.a(lib_a-locale.o)
                0x0200089c                __mb_cur_max
 .data.__wctomb
                0x020008a0        0x4 d:/softa/lpcxpresso_8.2.2_650/lpcxpresso/tools/bin/../lib/gcc/arm-none-eabi/5.4.1/../../../../arm-none-eabi/lib/armv7-m\libc.a(lib_a-wctomb_r.o)
                0x020008a0                __wctomb
                0x020008a4                . = ALIGN (0x4)
                0x020008a4                _edata = .

.igot.plt       0x020008a4        0x0 load address 0x00007dec
 .igot.plt      0x020008a4        0x0 ./src/ABBcontroller.o

.jcr            0x020008a4        0x0 load address 0x00007dec
 .jcr           0x020008a4        0x0 d:/softa/lpcxpresso_8.2.2_650/lpcxpresso/tools/bin/../lib/gcc/arm-none-eabi/5.4.1/armv7-m\crtbegin.o

.bss_RAM2       0x02004000        0x0
                [!provide]                PROVIDE (__start_bss_RAM2, .)
 *(.bss.$RAM2*)
 *(.bss.$Ram1_16*)
                0x02004000                . = ALIGN ((. != 0x0)?0x4:0x1)
                [!provide]                PROVIDE (__end_bss_RAM2, .)

.bss_RAM3       0x02008000        0x0
                [!provide]                PROVIDE (__start_bss_RAM3, .)
 *(.bss.$RAM3*)
 *(.bss.$Ram2_4*)
                0x02008000                . = ALIGN ((. != 0x0)?0x4:0x1)
                [!provide]                PROVIDE (__end_bss_RAM3, .)

.bss            0x020008a4       0x6c
                0x020008a4                _bss = .
 *(.bss*)
 .bss._ZL7rxring1
                0x020008a4        0x4 ./src/SerialPort.o
 .bss._ZL7txring1
                0x020008a8        0x4 ./src/SerialPort.o
 .bss._ZL7counter
                0x020008ac        0x4 ./src/main.o
 .bss._ZL8systicks
                0x020008b0        0x4 ./src/main.o
 .bss.__malloc_max_total_mem
                0x020008b4        0x4 d:/softa/lpcxpresso_8.2.2_650/lpcxpresso/tools/bin/../lib/gcc/arm-none-eabi/5.4.1/../../../../arm-none-eabi/lib/armv7-m\libc.a(lib_a-mallocr.o)
                0x020008b4                __malloc_max_total_mem
 .bss.__malloc_max_sbrked_mem
                0x020008b8        0x4 d:/softa/lpcxpresso_8.2.2_650/lpcxpresso/tools/bin/../lib/gcc/arm-none-eabi/5.4.1/../../../../arm-none-eabi/lib/armv7-m\libc.a(lib_a-mallocr.o)
                0x020008b8                __malloc_max_sbrked_mem
 .bss.__malloc_top_pad
                0x020008bc        0x4 d:/softa/lpcxpresso_8.2.2_650/lpcxpresso/tools/bin/../lib/gcc/arm-none-eabi/5.4.1/../../../../arm-none-eabi/lib/armv7-m\libc.a(lib_a-mallocr.o)
                0x020008bc                __malloc_top_pad
 .bss.__malloc_current_mallinfo
                0x020008c0       0x28 d:/softa/lpcxpresso_8.2.2_650/lpcxpresso/tools/bin/../lib/gcc/arm-none-eabi/5.4.1/../../../../arm-none-eabi/lib/armv7-m\libc.a(lib_a-mallocr.o)
                0x020008c0                __malloc_current_mallinfo
 .bss.__end_of_heap
                0x020008e8        0x4 d:/softa/lpcxpresso_8.2.2_650/lpcxpresso/tools/bin/../lib/gcc/arm-none-eabi/5.4.1/../../../../arm-none-eabi/lib/armv7-m\libcr_newlib_nohost.a(_cr_sbrk.o)
                0x020008e8                __end_of_heap
 .bss           0x020008ec       0x1c d:/softa/lpcxpresso_8.2.2_650/lpcxpresso/tools/bin/../lib/gcc/arm-none-eabi/5.4.1/armv7-m\crtbegin.o
 *(COMMON)
 COMMON         0x02000908        0x4 C:\Users\Tommi\Documents\LPCXpresso_8.2.2_650\workspace\lpc_chip_15xx\Debug\liblpc_chip_15xx.a(chip_15xx.o)
                0x02000908                SystemCoreClock
 COMMON         0x0200090c        0x4 d:/softa/lpcxpresso_8.2.2_650/lpcxpresso/tools/bin/../lib/gcc/arm-none-eabi/5.4.1/../../../../arm-none-eabi/lib/armv7-m\libc.a(lib_a-reent.o)
                0x0200090c                errno
                0x02000910                . = ALIGN (0x4)
                0x02000910                _ebss = .
                [!provide]                PROVIDE (end, .)

.noinit_RAM2    0x02004000        0x0
 *(.noinit.$RAM2*)
 *(.noinit.$Ram1_16*)
                0x02004000                . = ALIGN (0x4)

.noinit_RAM3    0x02008000        0x0
 *(.noinit.$RAM3*)
 *(.noinit.$Ram2_4*)
                0x02008000                . = ALIGN (0x4)

.noinit         0x02000910        0x0
                0x02000910                _noinit = .
 *(.noinit*)
                0x02000910                . = ALIGN (0x4)
                0x02000910                _end_noinit = .
                0x02000910                PROVIDE (_pvHeapStart, DEFINED (__user_heap_base)?__user_heap_base:.)
                0x02004000                PROVIDE (_vStackTop, DEFINED (__user_stack_top)?__user_stack_top:(__top_Ram0_16 - 0x0))
                0xfdffb2b6                PROVIDE (__valid_user_code_checksum, (0x0 - ((((((_vStackTop + (ResetISR + 0x1)) + (NMI_Handler + 0x1)) + (HardFault_Handler + 0x1)) + (DEFINED (MemManage_Handler)?MemManage_Handler:0x0 + 0x1)) + (DEFINED (BusFault_Handler)?BusFault_Handler:0x0 + 0x1)) + (DEFINED (UsageFault_Handler)?UsageFault_Handler:0x0 + 0x1))))
OUTPUT(ABBproject.axf elf32-littlearm)

.debug_info     0x00000000     0xa44d
 .debug_info    0x00000000      0x763 ./src/I2C.o
 .debug_info    0x00000763      0x34e ./src/ITM_write.o
 .debug_info    0x00000ab1      0xced ./src/SerialPort.o
 .debug_info    0x0000179e      0x1aa ./src/cr_cpp_config.o
 .debug_info    0x00001948      0x281 ./src/cr_startup_lpc15xx.o
 .debug_info    0x00001bc9     0x2005 ./src/main.o
 .debug_info    0x00003bce      0x18f ./src/retarget_itm.o
 .debug_info    0x00003d5d       0xee ./src/sysinit.o
 .debug_info    0x00003e4b      0xaa8 C:\Users\Tommi\Documents\LPCXpresso_8.2.2_650\workspace\lpc_board_nxp_lpcxpresso_1549\Debug\liblpc_board_nxp_lpcxpresso_1549.a(board.o)
 .debug_info    0x000048f3      0xc90 C:\Users\Tommi\Documents\LPCXpresso_8.2.2_650\workspace\lpc_board_nxp_lpcxpresso_1549\Debug\liblpc_board_nxp_lpcxpresso_1549.a(board_sysinit.o)
 .debug_info    0x00005583      0x98d C:\Users\Tommi\Documents\LPCXpresso_8.2.2_650\workspace\lpc_chip_15xx\Debug\liblpc_chip_15xx.a(chip_15xx.o)
 .debug_info    0x00005f10      0xd3e C:\Users\Tommi\Documents\LPCXpresso_8.2.2_650\workspace\lpc_chip_15xx\Debug\liblpc_chip_15xx.a(clock_15xx.o)
 .debug_info    0x00006c4e      0x624 C:\Users\Tommi\Documents\LPCXpresso_8.2.2_650\workspace\lpc_chip_15xx\Debug\liblpc_chip_15xx.a(gpio_15xx.o)
 .debug_info    0x00007272      0x421 C:\Users\Tommi\Documents\LPCXpresso_8.2.2_650\workspace\lpc_chip_15xx\Debug\liblpc_chip_15xx.a(i2c_common_15xx.o)
 .debug_info    0x00007693      0x53f C:\Users\Tommi\Documents\LPCXpresso_8.2.2_650\workspace\lpc_chip_15xx\Debug\liblpc_chip_15xx.a(i2cm_15xx.o)
 .debug_info    0x00007bd2      0x1f9 C:\Users\Tommi\Documents\LPCXpresso_8.2.2_650\workspace\lpc_chip_15xx\Debug\liblpc_chip_15xx.a(iocon_15xx.o)
 .debug_info    0x00007dcb      0x344 C:\Users\Tommi\Documents\LPCXpresso_8.2.2_650\workspace\lpc_chip_15xx\Debug\liblpc_chip_15xx.a(ring_buffer.o)
 .debug_info    0x0000810f      0x5ea C:\Users\Tommi\Documents\LPCXpresso_8.2.2_650\workspace\lpc_chip_15xx\Debug\liblpc_chip_15xx.a(swm_15xx.o)
 .debug_info    0x000086f9      0x74c C:\Users\Tommi\Documents\LPCXpresso_8.2.2_650\workspace\lpc_chip_15xx\Debug\liblpc_chip_15xx.a(sysctl_15xx.o)
 .debug_info    0x00008e45      0x738 C:\Users\Tommi\Documents\LPCXpresso_8.2.2_650\workspace\lpc_chip_15xx\Debug\liblpc_chip_15xx.a(sysinit_15xx.o)
 .debug_info    0x0000957d      0x8d3 C:\Users\Tommi\Documents\LPCXpresso_8.2.2_650\workspace\lpc_chip_15xx\Debug\liblpc_chip_15xx.a(uart_15xx.o)
 .debug_info    0x00009e50      0x124 d:/softa/lpcxpresso_8.2.2_650/lpcxpresso/tools/bin/../lib/gcc/arm-none-eabi/5.4.1/../../../../arm-none-eabi/lib/armv7-m\libcr_newlib_nohost.a(_cr_sbrk.o)
 .debug_info    0x00009f74       0xb5 d:/softa/lpcxpresso_8.2.2_650/lpcxpresso/tools/bin/../lib/gcc/arm-none-eabi/5.4.1/../../../../arm-none-eabi/lib/armv7-m\libcr_newlib_nohost.a(close.o)
 .debug_info    0x0000a029      0x234 d:/softa/lpcxpresso_8.2.2_650/lpcxpresso/tools/bin/../lib/gcc/arm-none-eabi/5.4.1/../../../../arm-none-eabi/lib/armv7-m\libcr_newlib_nohost.a(fstat.o)
 .debug_info    0x0000a25d       0xb5 d:/softa/lpcxpresso_8.2.2_650/lpcxpresso/tools/bin/../lib/gcc/arm-none-eabi/5.4.1/../../../../arm-none-eabi/lib/armv7-m\libcr_newlib_nohost.a(isatty.o)
 .debug_info    0x0000a312       0xd1 d:/softa/lpcxpresso_8.2.2_650/lpcxpresso/tools/bin/../lib/gcc/arm-none-eabi/5.4.1/../../../../arm-none-eabi/lib/armv7-m\libcr_newlib_nohost.a(lseek.o)
 .debug_info    0x0000a3e3       0x6a d:/softa/lpcxpresso_8.2.2_650/lpcxpresso/tools/bin/../lib/gcc/arm-none-eabi/5.4.1/../../../../arm-none-eabi/lib/armv7-m\libcr_newlib_nohost.a(_cr_check_heap.o)

.debug_abbrev   0x00000000     0x25cf
 .debug_abbrev  0x00000000      0x253 ./src/I2C.o
 .debug_abbrev  0x00000253      0x106 ./src/ITM_write.o
 .debug_abbrev  0x00000359      0x34a ./src/SerialPort.o
 .debug_abbrev  0x000006a3       0xf4 ./src/cr_cpp_config.o
 .debug_abbrev  0x00000797       0xe7 ./src/cr_startup_lpc15xx.o
 .debug_abbrev  0x0000087e      0x490 ./src/main.o
 .debug_abbrev  0x00000d0e       0xad ./src/retarget_itm.o
 .debug_abbrev  0x00000dbb       0x82 ./src/sysinit.o
 .debug_abbrev  0x00000e3d      0x20e C:\Users\Tommi\Documents\LPCXpresso_8.2.2_650\workspace\lpc_board_nxp_lpcxpresso_1549\Debug\liblpc_board_nxp_lpcxpresso_1549.a(board.o)
 .debug_abbrev  0x0000104b      0x208 C:\Users\Tommi\Documents\LPCXpresso_8.2.2_650\workspace\lpc_board_nxp_lpcxpresso_1549\Debug\liblpc_board_nxp_lpcxpresso_1549.a(board_sysinit.o)
 .debug_abbrev  0x00001253      0x1b3 C:\Users\Tommi\Documents\LPCXpresso_8.2.2_650\workspace\lpc_chip_15xx\Debug\liblpc_chip_15xx.a(chip_15xx.o)
 .debug_abbrev  0x00001406      0x285 C:\Users\Tommi\Documents\LPCXpresso_8.2.2_650\workspace\lpc_chip_15xx\Debug\liblpc_chip_15xx.a(clock_15xx.o)
 .debug_abbrev  0x0000168b      0x16a C:\Users\Tommi\Documents\LPCXpresso_8.2.2_650\workspace\lpc_chip_15xx\Debug\liblpc_chip_15xx.a(gpio_15xx.o)
 .debug_abbrev  0x000017f5      0x11a C:\Users\Tommi\Documents\LPCXpresso_8.2.2_650\workspace\lpc_chip_15xx\Debug\liblpc_chip_15xx.a(i2c_common_15xx.o)
 .debug_abbrev  0x0000190f      0x145 C:\Users\Tommi\Documents\LPCXpresso_8.2.2_650\workspace\lpc_chip_15xx\Debug\liblpc_chip_15xx.a(i2cm_15xx.o)
 .debug_abbrev  0x00001a54      0x137 C:\Users\Tommi\Documents\LPCXpresso_8.2.2_650\workspace\lpc_chip_15xx\Debug\liblpc_chip_15xx.a(iocon_15xx.o)
 .debug_abbrev  0x00001b8b      0x12d C:\Users\Tommi\Documents\LPCXpresso_8.2.2_650\workspace\lpc_chip_15xx\Debug\liblpc_chip_15xx.a(ring_buffer.o)
 .debug_abbrev  0x00001cb8      0x13e C:\Users\Tommi\Documents\LPCXpresso_8.2.2_650\workspace\lpc_chip_15xx\Debug\liblpc_chip_15xx.a(swm_15xx.o)
 .debug_abbrev  0x00001df6      0x12b C:\Users\Tommi\Documents\LPCXpresso_8.2.2_650\workspace\lpc_chip_15xx\Debug\liblpc_chip_15xx.a(sysctl_15xx.o)
 .debug_abbrev  0x00001f21      0x18c C:\Users\Tommi\Documents\LPCXpresso_8.2.2_650\workspace\lpc_chip_15xx\Debug\liblpc_chip_15xx.a(sysinit_15xx.o)
 .debug_abbrev  0x000020ad      0x1e6 C:\Users\Tommi\Documents\LPCXpresso_8.2.2_650\workspace\lpc_chip_15xx\Debug\liblpc_chip_15xx.a(uart_15xx.o)
 .debug_abbrev  0x00002293       0xcf d:/softa/lpcxpresso_8.2.2_650/lpcxpresso/tools/bin/../lib/gcc/arm-none-eabi/5.4.1/../../../../arm-none-eabi/lib/armv7-m\libcr_newlib_nohost.a(_cr_sbrk.o)
 .debug_abbrev  0x00002362       0x66 d:/softa/lpcxpresso_8.2.2_650/lpcxpresso/tools/bin/../lib/gcc/arm-none-eabi/5.4.1/../../../../arm-none-eabi/lib/armv7-m\libcr_newlib_nohost.a(close.o)
 .debug_abbrev  0x000023c8       0xbb d:/softa/lpcxpresso_8.2.2_650/lpcxpresso/tools/bin/../lib/gcc/arm-none-eabi/5.4.1/../../../../arm-none-eabi/lib/armv7-m\libcr_newlib_nohost.a(fstat.o)
 .debug_abbrev  0x00002483       0x66 d:/softa/lpcxpresso_8.2.2_650/lpcxpresso/tools/bin/../lib/gcc/arm-none-eabi/5.4.1/../../../../arm-none-eabi/lib/armv7-m\libcr_newlib_nohost.a(isatty.o)
 .debug_abbrev  0x000024e9       0x84 d:/softa/lpcxpresso_8.2.2_650/lpcxpresso/tools/bin/../lib/gcc/arm-none-eabi/5.4.1/../../../../arm-none-eabi/lib/armv7-m\libcr_newlib_nohost.a(lseek.o)
 .debug_abbrev  0x0000256d       0x62 d:/softa/lpcxpresso_8.2.2_650/lpcxpresso/tools/bin/../lib/gcc/arm-none-eabi/5.4.1/../../../../arm-none-eabi/lib/armv7-m\libcr_newlib_nohost.a(_cr_check_heap.o)

.debug_aranges  0x00000000      0x978
 .debug_aranges
                0x00000000       0x50 ./src/I2C.o
 .debug_aranges
                0x00000050       0x30 ./src/ITM_write.o
 .debug_aranges
                0x00000080       0xb8 ./src/SerialPort.o
 .debug_aranges
                0x00000138       0x48 ./src/cr_cpp_config.o
 .debug_aranges
                0x00000180       0x80 ./src/cr_startup_lpc15xx.o
 .debug_aranges
                0x00000200       0x68 ./src/main.o
 .debug_aranges
                0x00000268       0x28 ./src/retarget_itm.o
 .debug_aranges
                0x00000290       0x20 ./src/sysinit.o
 .debug_aranges
                0x000002b0       0xd0 C:\Users\Tommi\Documents\LPCXpresso_8.2.2_650\workspace\lpc_board_nxp_lpcxpresso_1549\Debug\liblpc_board_nxp_lpcxpresso_1549.a(board.o)
 .debug_aranges
                0x00000380       0x60 C:\Users\Tommi\Documents\LPCXpresso_8.2.2_650\workspace\lpc_board_nxp_lpcxpresso_1549\Debug\liblpc_board_nxp_lpcxpresso_1549.a(board_sysinit.o)
 .debug_aranges
                0x000003e0       0x50 C:\Users\Tommi\Documents\LPCXpresso_8.2.2_650\workspace\lpc_chip_15xx\Debug\liblpc_chip_15xx.a(chip_15xx.o)
 .debug_aranges
                0x00000430      0x128 C:\Users\Tommi\Documents\LPCXpresso_8.2.2_650\workspace\lpc_chip_15xx\Debug\liblpc_chip_15xx.a(clock_15xx.o)
 .debug_aranges
                0x00000558       0x70 C:\Users\Tommi\Documents\LPCXpresso_8.2.2_650\workspace\lpc_chip_15xx\Debug\liblpc_chip_15xx.a(gpio_15xx.o)
 .debug_aranges
                0x000005c8       0x30 C:\Users\Tommi\Documents\LPCXpresso_8.2.2_650\workspace\lpc_chip_15xx\Debug\liblpc_chip_15xx.a(i2c_common_15xx.o)
 .debug_aranges
                0x000005f8       0x88 C:\Users\Tommi\Documents\LPCXpresso_8.2.2_650\workspace\lpc_chip_15xx\Debug\liblpc_chip_15xx.a(i2cm_15xx.o)
 .debug_aranges
                0x00000680       0x28 C:\Users\Tommi\Documents\LPCXpresso_8.2.2_650\workspace\lpc_chip_15xx\Debug\liblpc_chip_15xx.a(iocon_15xx.o)
 .debug_aranges
                0x000006a8       0x60 C:\Users\Tommi\Documents\LPCXpresso_8.2.2_650\workspace\lpc_chip_15xx\Debug\liblpc_chip_15xx.a(ring_buffer.o)
 .debug_aranges
                0x00000708       0x40 C:\Users\Tommi\Documents\LPCXpresso_8.2.2_650\workspace\lpc_chip_15xx\Debug\liblpc_chip_15xx.a(swm_15xx.o)
 .debug_aranges
                0x00000748       0x50 C:\Users\Tommi\Documents\LPCXpresso_8.2.2_650\workspace\lpc_chip_15xx\Debug\liblpc_chip_15xx.a(sysctl_15xx.o)
 .debug_aranges
                0x00000798       0x58 C:\Users\Tommi\Documents\LPCXpresso_8.2.2_650\workspace\lpc_chip_15xx\Debug\liblpc_chip_15xx.a(sysinit_15xx.o)
 .debug_aranges
                0x000007f0       0xc8 C:\Users\Tommi\Documents\LPCXpresso_8.2.2_650\workspace\lpc_chip_15xx\Debug\liblpc_chip_15xx.a(uart_15xx.o)
 .debug_aranges
                0x000008b8       0x20 d:/softa/lpcxpresso_8.2.2_650/lpcxpresso/tools/bin/../lib/gcc/arm-none-eabi/5.4.1/../../../../arm-none-eabi/lib/armv7-m\libcr_newlib_nohost.a(_cr_sbrk.o)
 .debug_aranges
                0x000008d8       0x20 d:/softa/lpcxpresso_8.2.2_650/lpcxpresso/tools/bin/../lib/gcc/arm-none-eabi/5.4.1/../../../../arm-none-eabi/lib/armv7-m\libcr_newlib_nohost.a(close.o)
 .debug_aranges
                0x000008f8       0x20 d:/softa/lpcxpresso_8.2.2_650/lpcxpresso/tools/bin/../lib/gcc/arm-none-eabi/5.4.1/../../../../arm-none-eabi/lib/armv7-m\libcr_newlib_nohost.a(fstat.o)
 .debug_aranges
                0x00000918       0x20 d:/softa/lpcxpresso_8.2.2_650/lpcxpresso/tools/bin/../lib/gcc/arm-none-eabi/5.4.1/../../../../arm-none-eabi/lib/armv7-m\libcr_newlib_nohost.a(isatty.o)
 .debug_aranges
                0x00000938       0x20 d:/softa/lpcxpresso_8.2.2_650/lpcxpresso/tools/bin/../lib/gcc/arm-none-eabi/5.4.1/../../../../arm-none-eabi/lib/armv7-m\libcr_newlib_nohost.a(lseek.o)
 .debug_aranges
                0x00000958       0x20 d:/softa/lpcxpresso_8.2.2_650/lpcxpresso/tools/bin/../lib/gcc/arm-none-eabi/5.4.1/../../../../arm-none-eabi/lib/armv7-m\libcr_newlib_nohost.a(_cr_check_heap.o)

.debug_ranges   0x00000000      0x7c8
 .debug_ranges  0x00000000       0x40 ./src/I2C.o
 .debug_ranges  0x00000040       0x20 ./src/ITM_write.o
 .debug_ranges  0x00000060       0xa8 ./src/SerialPort.o
 .debug_ranges  0x00000108       0x38 ./src/cr_cpp_config.o
 .debug_ranges  0x00000140       0x70 ./src/cr_startup_lpc15xx.o
 .debug_ranges  0x000001b0       0x58 ./src/main.o
 .debug_ranges  0x00000208       0x18 ./src/retarget_itm.o
 .debug_ranges  0x00000220       0x10 ./src/sysinit.o
 .debug_ranges  0x00000230       0xc0 C:\Users\Tommi\Documents\LPCXpresso_8.2.2_650\workspace\lpc_board_nxp_lpcxpresso_1549\Debug\liblpc_board_nxp_lpcxpresso_1549.a(board.o)
 .debug_ranges  0x000002f0       0x50 C:\Users\Tommi\Documents\LPCXpresso_8.2.2_650\workspace\lpc_board_nxp_lpcxpresso_1549\Debug\liblpc_board_nxp_lpcxpresso_1549.a(board_sysinit.o)
 .debug_ranges  0x00000340       0x40 C:\Users\Tommi\Documents\LPCXpresso_8.2.2_650\workspace\lpc_chip_15xx\Debug\liblpc_chip_15xx.a(chip_15xx.o)
 .debug_ranges  0x00000380      0x118 C:\Users\Tommi\Documents\LPCXpresso_8.2.2_650\workspace\lpc_chip_15xx\Debug\liblpc_chip_15xx.a(clock_15xx.o)
 .debug_ranges  0x00000498       0x60 C:\Users\Tommi\Documents\LPCXpresso_8.2.2_650\workspace\lpc_chip_15xx\Debug\liblpc_chip_15xx.a(gpio_15xx.o)
 .debug_ranges  0x000004f8       0x20 C:\Users\Tommi\Documents\LPCXpresso_8.2.2_650\workspace\lpc_chip_15xx\Debug\liblpc_chip_15xx.a(i2c_common_15xx.o)
 .debug_ranges  0x00000518       0x78 C:\Users\Tommi\Documents\LPCXpresso_8.2.2_650\workspace\lpc_chip_15xx\Debug\liblpc_chip_15xx.a(i2cm_15xx.o)
 .debug_ranges  0x00000590       0x18 C:\Users\Tommi\Documents\LPCXpresso_8.2.2_650\workspace\lpc_chip_15xx\Debug\liblpc_chip_15xx.a(iocon_15xx.o)
 .debug_ranges  0x000005a8       0x50 C:\Users\Tommi\Documents\LPCXpresso_8.2.2_650\workspace\lpc_chip_15xx\Debug\liblpc_chip_15xx.a(ring_buffer.o)
 .debug_ranges  0x000005f8       0x30 C:\Users\Tommi\Documents\LPCXpresso_8.2.2_650\workspace\lpc_chip_15xx\Debug\liblpc_chip_15xx.a(swm_15xx.o)
 .debug_ranges  0x00000628       0x40 C:\Users\Tommi\Documents\LPCXpresso_8.2.2_650\workspace\lpc_chip_15xx\Debug\liblpc_chip_15xx.a(sysctl_15xx.o)
 .debug_ranges  0x00000668       0x48 C:\Users\Tommi\Documents\LPCXpresso_8.2.2_650\workspace\lpc_chip_15xx\Debug\liblpc_chip_15xx.a(sysinit_15xx.o)
 .debug_ranges  0x000006b0       0xb8 C:\Users\Tommi\Documents\LPCXpresso_8.2.2_650\workspace\lpc_chip_15xx\Debug\liblpc_chip_15xx.a(uart_15xx.o)
 .debug_ranges  0x00000768       0x10 d:/softa/lpcxpresso_8.2.2_650/lpcxpresso/tools/bin/../lib/gcc/arm-none-eabi/5.4.1/../../../../arm-none-eabi/lib/armv7-m\libcr_newlib_nohost.a(_cr_sbrk.o)
 .debug_ranges  0x00000778       0x10 d:/softa/lpcxpresso_8.2.2_650/lpcxpresso/tools/bin/../lib/gcc/arm-none-eabi/5.4.1/../../../../arm-none-eabi/lib/armv7-m\libcr_newlib_nohost.a(close.o)
 .debug_ranges  0x00000788       0x10 d:/softa/lpcxpresso_8.2.2_650/lpcxpresso/tools/bin/../lib/gcc/arm-none-eabi/5.4.1/../../../../arm-none-eabi/lib/armv7-m\libcr_newlib_nohost.a(fstat.o)
 .debug_ranges  0x00000798       0x10 d:/softa/lpcxpresso_8.2.2_650/lpcxpresso/tools/bin/../lib/gcc/arm-none-eabi/5.4.1/../../../../arm-none-eabi/lib/armv7-m\libcr_newlib_nohost.a(isatty.o)
 .debug_ranges  0x000007a8       0x10 d:/softa/lpcxpresso_8.2.2_650/lpcxpresso/tools/bin/../lib/gcc/arm-none-eabi/5.4.1/../../../../arm-none-eabi/lib/armv7-m\libcr_newlib_nohost.a(lseek.o)
 .debug_ranges  0x000007b8       0x10 d:/softa/lpcxpresso_8.2.2_650/lpcxpresso/tools/bin/../lib/gcc/arm-none-eabi/5.4.1/../../../../arm-none-eabi/lib/armv7-m\libcr_newlib_nohost.a(_cr_check_heap.o)

.debug_macro    0x00000000     0x5db3
 .debug_macro   0x00000000      0x26a ./src/I2C.o
 .debug_macro   0x0000026a       0x87 ./src/I2C.o
 .debug_macro   0x000002f1       0x44 ./src/I2C.o
 .debug_macro   0x00000335       0x7b ./src/I2C.o
 .debug_macro   0x000003b0       0x18 ./src/I2C.o
 .debug_macro   0x000003c8      0x2a0 ./src/ITM_write.o
 .debug_macro   0x00000668      0x892 ./src/ITM_write.o
 .debug_macro   0x00000efa       0x87 ./src/ITM_write.o
 .debug_macro   0x00000f81       0x22 ./src/ITM_write.o
 .debug_macro   0x00000fa3      0xa7d ./src/ITM_write.o
 .debug_macro   0x00001a20      0x3e1 ./src/SerialPort.o
 .debug_macro   0x00001e01       0x97 ./src/SerialPort.o
 .debug_macro   0x00001e98       0xf6 ./src/SerialPort.o
 .debug_macro   0x00001f8e       0xf7 ./src/cr_cpp_config.o
 .debug_macro   0x00002085       0x16 ./src/cr_cpp_config.o
 .debug_macro   0x0000209b      0x10e ./src/cr_cpp_config.o
 .debug_macro   0x000021a9       0x86 ./src/cr_cpp_config.o
 .debug_macro   0x0000222f       0x16 ./src/cr_cpp_config.o
 .debug_macro   0x00002245       0x29 ./src/cr_cpp_config.o
 .debug_macro   0x0000226e       0x23 ./src/cr_startup_lpc15xx.o
 .debug_macro   0x00002291      0x46c ./src/main.o
 .debug_macro   0x000026fd       0x82 ./src/main.o
 .debug_macro   0x0000277f       0x16 ./src/main.o
 .debug_macro   0x00002795       0x9f ./src/retarget_itm.o
 .debug_macro   0x00002834      0x3bf ./src/sysinit.o
 .debug_macro   0x00002bf3       0x9c ./src/sysinit.o
 .debug_macro   0x00002c8f       0x97 ./src/sysinit.o
 .debug_macro   0x00002d26      0x30d ./src/sysinit.o
 .debug_macro   0x00003033       0xfd ./src/sysinit.o
 .debug_macro   0x00003130       0x43 ./src/sysinit.o
 .debug_macro   0x00003173      0x284 C:\Users\Tommi\Documents\LPCXpresso_8.2.2_650\workspace\lpc_board_nxp_lpcxpresso_1549\Debug\liblpc_board_nxp_lpcxpresso_1549.a(board.o)
 .debug_macro   0x000033f7      0x886 C:\Users\Tommi\Documents\LPCXpresso_8.2.2_650\workspace\lpc_board_nxp_lpcxpresso_1549\Debug\liblpc_board_nxp_lpcxpresso_1549.a(board.o)
 .debug_macro   0x00003c7d       0x10 C:\Users\Tommi\Documents\LPCXpresso_8.2.2_650\workspace\lpc_board_nxp_lpcxpresso_1549\Debug\liblpc_board_nxp_lpcxpresso_1549.a(board.o)
 .debug_macro   0x00003c8d      0x12d C:\Users\Tommi\Documents\LPCXpresso_8.2.2_650\workspace\lpc_board_nxp_lpcxpresso_1549\Debug\liblpc_board_nxp_lpcxpresso_1549.a(board.o)
 .debug_macro   0x00003dba      0x5b2 C:\Users\Tommi\Documents\LPCXpresso_8.2.2_650\workspace\lpc_board_nxp_lpcxpresso_1549\Debug\liblpc_board_nxp_lpcxpresso_1549.a(board.o)
 .debug_macro   0x0000436c       0x22 C:\Users\Tommi\Documents\LPCXpresso_8.2.2_650\workspace\lpc_board_nxp_lpcxpresso_1549\Debug\liblpc_board_nxp_lpcxpresso_1549.a(board.o)
 .debug_macro   0x0000438e       0x9a C:\Users\Tommi\Documents\LPCXpresso_8.2.2_650\workspace\lpc_board_nxp_lpcxpresso_1549\Debug\liblpc_board_nxp_lpcxpresso_1549.a(board.o)
 .debug_macro   0x00004428       0x12 C:\Users\Tommi\Documents\LPCXpresso_8.2.2_650\workspace\lpc_board_nxp_lpcxpresso_1549\Debug\liblpc_board_nxp_lpcxpresso_1549.a(board.o)
 .debug_macro   0x0000443a      0x288 C:\Users\Tommi\Documents\LPCXpresso_8.2.2_650\workspace\lpc_board_nxp_lpcxpresso_1549\Debug\liblpc_board_nxp_lpcxpresso_1549.a(board_sysinit.o)
 .debug_macro   0x000046c2      0x239 C:\Users\Tommi\Documents\LPCXpresso_8.2.2_650\workspace\lpc_chip_15xx\Debug\liblpc_chip_15xx.a(chip_15xx.o)
 .debug_macro   0x000048fb      0x239 C:\Users\Tommi\Documents\LPCXpresso_8.2.2_650\workspace\lpc_chip_15xx\Debug\liblpc_chip_15xx.a(clock_15xx.o)
 .debug_macro   0x00004b34      0x239 C:\Users\Tommi\Documents\LPCXpresso_8.2.2_650\workspace\lpc_chip_15xx\Debug\liblpc_chip_15xx.a(gpio_15xx.o)
 .debug_macro   0x00004d6d      0x239 C:\Users\Tommi\Documents\LPCXpresso_8.2.2_650\workspace\lpc_chip_15xx\Debug\liblpc_chip_15xx.a(i2c_common_15xx.o)
 .debug_macro   0x00004fa6      0x239 C:\Users\Tommi\Documents\LPCXpresso_8.2.2_650\workspace\lpc_chip_15xx\Debug\liblpc_chip_15xx.a(i2cm_15xx.o)
 .debug_macro   0x000051df      0x239 C:\Users\Tommi\Documents\LPCXpresso_8.2.2_650\workspace\lpc_chip_15xx\Debug\liblpc_chip_15xx.a(iocon_15xx.o)
 .debug_macro   0x00005418       0x83 C:\Users\Tommi\Documents\LPCXpresso_8.2.2_650\workspace\lpc_chip_15xx\Debug\liblpc_chip_15xx.a(ring_buffer.o)
 .debug_macro   0x0000549b       0x10 C:\Users\Tommi\Documents\LPCXpresso_8.2.2_650\workspace\lpc_chip_15xx\Debug\liblpc_chip_15xx.a(ring_buffer.o)
 .debug_macro   0x000054ab      0x245 C:\Users\Tommi\Documents\LPCXpresso_8.2.2_650\workspace\lpc_chip_15xx\Debug\liblpc_chip_15xx.a(swm_15xx.o)
 .debug_macro   0x000056f0      0x251 C:\Users\Tommi\Documents\LPCXpresso_8.2.2_650\workspace\lpc_chip_15xx\Debug\liblpc_chip_15xx.a(sysctl_15xx.o)
 .debug_macro   0x00005941      0x239 C:\Users\Tommi\Documents\LPCXpresso_8.2.2_650\workspace\lpc_chip_15xx\Debug\liblpc_chip_15xx.a(sysinit_15xx.o)
 .debug_macro   0x00005b7a      0x239 C:\Users\Tommi\Documents\LPCXpresso_8.2.2_650\workspace\lpc_chip_15xx\Debug\liblpc_chip_15xx.a(uart_15xx.o)

.debug_line     0x00000000     0x6e20
 .debug_line    0x00000000      0x5b2 ./src/I2C.o
 .debug_line    0x000005b2      0x55b ./src/ITM_write.o
 .debug_line    0x00000b0d      0x85f ./src/SerialPort.o
 .debug_line    0x0000136c      0x29f ./src/cr_cpp_config.o
 .debug_line    0x0000160b       0xd5 ./src/cr_startup_lpc15xx.o
 .debug_line    0x000016e0      0x952 ./src/main.o
 .debug_line    0x00002032      0x238 ./src/retarget_itm.o
 .debug_line    0x0000226a      0x685 ./src/sysinit.o
 .debug_line    0x000028ef      0x6de C:\Users\Tommi\Documents\LPCXpresso_8.2.2_650\workspace\lpc_board_nxp_lpcxpresso_1549\Debug\liblpc_board_nxp_lpcxpresso_1549.a(board.o)
 .debug_line    0x00002fcd      0x5a0 C:\Users\Tommi\Documents\LPCXpresso_8.2.2_650\workspace\lpc_board_nxp_lpcxpresso_1549\Debug\liblpc_board_nxp_lpcxpresso_1549.a(board_sysinit.o)
 .debug_line    0x0000356d      0x4bd C:\Users\Tommi\Documents\LPCXpresso_8.2.2_650\workspace\lpc_chip_15xx\Debug\liblpc_chip_15xx.a(chip_15xx.o)
 .debug_line    0x00003a2a      0x711 C:\Users\Tommi\Documents\LPCXpresso_8.2.2_650\workspace\lpc_chip_15xx\Debug\liblpc_chip_15xx.a(clock_15xx.o)
 .debug_line    0x0000413b      0x515 C:\Users\Tommi\Documents\LPCXpresso_8.2.2_650\workspace\lpc_chip_15xx\Debug\liblpc_chip_15xx.a(gpio_15xx.o)
 .debug_line    0x00004650      0x465 C:\Users\Tommi\Documents\LPCXpresso_8.2.2_650\workspace\lpc_chip_15xx\Debug\liblpc_chip_15xx.a(i2c_common_15xx.o)
 .debug_line    0x00004ab5      0x580 C:\Users\Tommi\Documents\LPCXpresso_8.2.2_650\workspace\lpc_chip_15xx\Debug\liblpc_chip_15xx.a(i2cm_15xx.o)
 .debug_line    0x00005035      0x45d C:\Users\Tommi\Documents\LPCXpresso_8.2.2_650\workspace\lpc_chip_15xx\Debug\liblpc_chip_15xx.a(iocon_15xx.o)
 .debug_line    0x00005492      0x259 C:\Users\Tommi\Documents\LPCXpresso_8.2.2_650\workspace\lpc_chip_15xx\Debug\liblpc_chip_15xx.a(ring_buffer.o)
 .debug_line    0x000056eb      0x488 C:\Users\Tommi\Documents\LPCXpresso_8.2.2_650\workspace\lpc_chip_15xx\Debug\liblpc_chip_15xx.a(swm_15xx.o)
 .debug_line    0x00005b73      0x4bf C:\Users\Tommi\Documents\LPCXpresso_8.2.2_650\workspace\lpc_chip_15xx\Debug\liblpc_chip_15xx.a(sysctl_15xx.o)
 .debug_line    0x00006032      0x4f2 C:\Users\Tommi\Documents\LPCXpresso_8.2.2_650\workspace\lpc_chip_15xx\Debug\liblpc_chip_15xx.a(sysinit_15xx.o)
 .debug_line    0x00006524      0x637 C:\Users\Tommi\Documents\LPCXpresso_8.2.2_650\workspace\lpc_chip_15xx\Debug\liblpc_chip_15xx.a(uart_15xx.o)
 .debug_line    0x00006b5b      0x101 d:/softa/lpcxpresso_8.2.2_650/lpcxpresso/tools/bin/../lib/gcc/arm-none-eabi/5.4.1/../../../../arm-none-eabi/lib/armv7-m\libcr_newlib_nohost.a(_cr_sbrk.o)
 .debug_line    0x00006c5c       0x40 d:/softa/lpcxpresso_8.2.2_650/lpcxpresso/tools/bin/../lib/gcc/arm-none-eabi/5.4.1/../../../../arm-none-eabi/lib/armv7-m\libcr_newlib_nohost.a(close.o)
 .debug_line    0x00006c9c       0xb6 d:/softa/lpcxpresso_8.2.2_650/lpcxpresso/tools/bin/../lib/gcc/arm-none-eabi/5.4.1/../../../../arm-none-eabi/lib/armv7-m\libcr_newlib_nohost.a(fstat.o)
 .debug_line    0x00006d52       0x41 d:/softa/lpcxpresso_8.2.2_650/lpcxpresso/tools/bin/../lib/gcc/arm-none-eabi/5.4.1/../../../../arm-none-eabi/lib/armv7-m\libcr_newlib_nohost.a(isatty.o)
 .debug_line    0x00006d93       0x40 d:/softa/lpcxpresso_8.2.2_650/lpcxpresso/tools/bin/../lib/gcc/arm-none-eabi/5.4.1/../../../../arm-none-eabi/lib/armv7-m\libcr_newlib_nohost.a(lseek.o)
 .debug_line    0x00006dd3       0x4d d:/softa/lpcxpresso_8.2.2_650/lpcxpresso/tools/bin/../lib/gcc/arm-none-eabi/5.4.1/../../../../arm-none-eabi/lib/armv7-m\libcr_newlib_nohost.a(_cr_check_heap.o)

.debug_str      0x00000000    0x1a228
 .debug_str     0x00000000     0xeec9 ./src/I2C.o
                               0xf0aa (size before relaxing)
 .debug_str     0x0000eec9      0x922 ./src/ITM_write.o
                               0xf0b1 (size before relaxing)
 .debug_str     0x0000f7eb     0x430a ./src/SerialPort.o
                              0x133c9 (size before relaxing)
 .debug_str     0x00013af5      0x1ab ./src/cr_cpp_config.o
                               0x5531 (size before relaxing)
 .debug_str     0x00013ca0      0x209 ./src/cr_startup_lpc15xx.o
                               0x2765 (size before relaxing)
 .debug_str     0x00013ea9     0x26dc ./src/main.o
                              0x152dc (size before relaxing)
 .debug_str     0x00016585       0x32 ./src/retarget_itm.o
                               0x35ed (size before relaxing)
 .debug_str     0x000165b7       0xe8 ./src/sysinit.o
                              0x12606 (size before relaxing)
 .debug_str     0x0001669f     0x1cf8 C:\Users\Tommi\Documents\LPCXpresso_8.2.2_650\workspace\lpc_board_nxp_lpcxpresso_1549\Debug\liblpc_board_nxp_lpcxpresso_1549.a(board.o)
                               0xff6d (size before relaxing)
 .debug_str     0x00018397      0x85d C:\Users\Tommi\Documents\LPCXpresso_8.2.2_650\workspace\lpc_board_nxp_lpcxpresso_1549\Debug\liblpc_board_nxp_lpcxpresso_1549.a(board_sysinit.o)
                              0x1055f (size before relaxing)
 .debug_str     0x00018bf4      0x148 C:\Users\Tommi\Documents\LPCXpresso_8.2.2_650\workspace\lpc_chip_15xx\Debug\liblpc_chip_15xx.a(chip_15xx.o)
                               0xfcb3 (size before relaxing)
 .debug_str     0x00018d3c      0x89d C:\Users\Tommi\Documents\LPCXpresso_8.2.2_650\workspace\lpc_chip_15xx\Debug\liblpc_chip_15xx.a(clock_15xx.o)
                              0x100b3 (size before relaxing)
 .debug_str     0x000195d9       0xdf C:\Users\Tommi\Documents\LPCXpresso_8.2.2_650\workspace\lpc_chip_15xx\Debug\liblpc_chip_15xx.a(gpio_15xx.o)
                               0xf760 (size before relaxing)
 .debug_str     0x000196b8       0x37 C:\Users\Tommi\Documents\LPCXpresso_8.2.2_650\workspace\lpc_chip_15xx\Debug\liblpc_chip_15xx.a(i2c_common_15xx.o)
                               0xf6e7 (size before relaxing)
 .debug_str     0x000196ef      0x164 C:\Users\Tommi\Documents\LPCXpresso_8.2.2_650\workspace\lpc_chip_15xx\Debug\liblpc_chip_15xx.a(i2cm_15xx.o)
                               0xf43e (size before relaxing)
 .debug_str     0x00019853       0x41 C:\Users\Tommi\Documents\LPCXpresso_8.2.2_650\workspace\lpc_chip_15xx\Debug\liblpc_chip_15xx.a(iocon_15xx.o)
                               0xf27d (size before relaxing)
 .debug_str     0x00019894      0x11b C:\Users\Tommi\Documents\LPCXpresso_8.2.2_650\workspace\lpc_chip_15xx\Debug\liblpc_chip_15xx.a(ring_buffer.o)
                               0x4035 (size before relaxing)
 .debug_str     0x000199af      0x145 C:\Users\Tommi\Documents\LPCXpresso_8.2.2_650\workspace\lpc_chip_15xx\Debug\liblpc_chip_15xx.a(swm_15xx.o)
                               0xfc85 (size before relaxing)
 .debug_str     0x00019af4      0x183 C:\Users\Tommi\Documents\LPCXpresso_8.2.2_650\workspace\lpc_chip_15xx\Debug\liblpc_chip_15xx.a(sysctl_15xx.o)
                               0xf76a (size before relaxing)
 .debug_str     0x00019c77      0x13f C:\Users\Tommi\Documents\LPCXpresso_8.2.2_650\workspace\lpc_chip_15xx\Debug\liblpc_chip_15xx.a(sysinit_15xx.o)
                               0xf759 (size before relaxing)
 .debug_str     0x00019db6      0x1a6 C:\Users\Tommi\Documents\LPCXpresso_8.2.2_650\workspace\lpc_chip_15xx\Debug\liblpc_chip_15xx.a(uart_15xx.o)
                               0xf8bc (size before relaxing)
 .debug_str     0x00019f5c      0x184 d:/softa/lpcxpresso_8.2.2_650/lpcxpresso/tools/bin/../lib/gcc/arm-none-eabi/5.4.1/../../../../arm-none-eabi/lib/armv7-m\libcr_newlib_nohost.a(_cr_sbrk.o)
                                0x229 (size before relaxing)
 .debug_str     0x0001a0e0       0x16 d:/softa/lpcxpresso_8.2.2_650/lpcxpresso/tools/bin/../lib/gcc/arm-none-eabi/5.4.1/../../../../arm-none-eabi/lib/armv7-m\libcr_newlib_nohost.a(close.o)
                                0x1cf (size before relaxing)
 .debug_str     0x0001a0f6       0xdf d:/softa/lpcxpresso_8.2.2_650/lpcxpresso/tools/bin/../lib/gcc/arm-none-eabi/5.4.1/../../../../arm-none-eabi/lib/armv7-m\libcr_newlib_nohost.a(fstat.o)
                                0x2bc (size before relaxing)
 .debug_str     0x0001a1d5       0x18 d:/softa/lpcxpresso_8.2.2_650/lpcxpresso/tools/bin/../lib/gcc/arm-none-eabi/5.4.1/../../../../arm-none-eabi/lib/armv7-m\libcr_newlib_nohost.a(isatty.o)
                                0x1cf (size before relaxing)
 .debug_str     0x0001a1ed       0x16 d:/softa/lpcxpresso_8.2.2_650/lpcxpresso/tools/bin/../lib/gcc/arm-none-eabi/5.4.1/../../../../arm-none-eabi/lib/armv7-m\libcr_newlib_nohost.a(lseek.o)
                                0x1cd (size before relaxing)