Archive member included to satisfy reference by file (symbol)

C:\Users\Tommi\Documents\LPCXpresso_8.2.2_650\workspace\lpc_board_nxp_lpcxpresso_1549\Debug\liblpc_board_nxp_lpcxpresso_1549.a(board.o)
                              ./src/uart_test.o (Board_LED_Set)
C:\Users\Tommi\Documents\LPCXpresso_8.2.2_650\workspace\lpc_board_nxp_lpcxpresso_1549\Debug\liblpc_board_nxp_lpcxpresso_1549.a(board_sysinit.o)
                              ./src/sysinit.o (Board_SystemInit)
C:\Users\Tommi\Documents\LPCXpresso_8.2.2_650\workspace\lpc_chip_15xx\Debug\liblpc_chip_15xx.a(chip_15xx.o)
                              ./src/uart_test.o (SystemCoreClock)
C:\Users\Tommi\Documents\LPCXpresso_8.2.2_650\workspace\lpc_chip_15xx\Debug\liblpc_chip_15xx.a(clock_15xx.o)
                              ./src/SerialPort.o (Chip_Clock_GetMainClockRate)
C:\Users\Tommi\Documents\LPCXpresso_8.2.2_650\workspace\lpc_chip_15xx\Debug\liblpc_chip_15xx.a(gpio_15xx.o)
                              C:\Users\Tommi\Documents\LPCXpresso_8.2.2_650\workspace\lpc_board_nxp_lpcxpresso_1549\Debug\liblpc_board_nxp_lpcxpresso_1549.a(board.o) (Chip_GPIO_Init)
C:\Users\Tommi\Documents\LPCXpresso_8.2.2_650\workspace\lpc_chip_15xx\Debug\liblpc_chip_15xx.a(iocon_15xx.o)
                              C:\Users\Tommi\Documents\LPCXpresso_8.2.2_650\workspace\lpc_board_nxp_lpcxpresso_1549\Debug\liblpc_board_nxp_lpcxpresso_1549.a(board_sysinit.o) (Chip_IOCON_SetPinMuxing)
C:\Users\Tommi\Documents\LPCXpresso_8.2.2_650\workspace\lpc_chip_15xx\Debug\liblpc_chip_15xx.a(ring_buffer.o)
                              ./src/SerialPort.o (RingBuffer_Init)
C:\Users\Tommi\Documents\LPCXpresso_8.2.2_650\workspace\lpc_chip_15xx\Debug\liblpc_chip_15xx.a(swm_15xx.o)
                              ./src/SerialPort.o (Chip_SWM_MovablePinAssign)
C:\Users\Tommi\Documents\LPCXpresso_8.2.2_650\workspace\lpc_chip_15xx\Debug\liblpc_chip_15xx.a(sysctl_15xx.o)
                              C:\Users\Tommi\Documents\LPCXpresso_8.2.2_650\workspace\lpc_board_nxp_lpcxpresso_1549\Debug\liblpc_board_nxp_lpcxpresso_1549.a(board_sysinit.o) (Chip_SYSCTL_AssertPeriphReset)
C:\Users\Tommi\Documents\LPCXpresso_8.2.2_650\workspace\lpc_chip_15xx\Debug\liblpc_chip_15xx.a(sysinit_15xx.o)
                              C:\Users\Tommi\Documents\LPCXpresso_8.2.2_650\workspace\lpc_board_nxp_lpcxpresso_1549\Debug\liblpc_board_nxp_lpcxpresso_1549.a(board_sysinit.o) (Chip_SetupXtalClocking)
C:\Users\Tommi\Documents\LPCXpresso_8.2.2_650\workspace\lpc_chip_15xx\Debug\liblpc_chip_15xx.a(uart_15xx.o)
                              ./src/SerialPort.o (Chip_UART_Init)
d:/softa/lpcxpresso_8.2.2_650/lpcxpresso/tools/bin/../lib/gcc/arm-none-eabi/5.4.1/armv7-m\libgcc.a(_aeabi_uldivmod.o)
                              C:\Users\Tommi\Documents\LPCXpresso_8.2.2_650\workspace\lpc_chip_15xx\Debug\liblpc_chip_15xx.a(clock_15xx.o) (__aeabi_uldivmod)
d:/softa/lpcxpresso_8.2.2_650/lpcxpresso/tools/bin/../lib/gcc/arm-none-eabi/5.4.1/armv7-m\libgcc.a(_udivmoddi4.o)
                              d:/softa/lpcxpresso_8.2.2_650/lpcxpresso/tools/bin/../lib/gcc/arm-none-eabi/5.4.1/armv7-m\libgcc.a(_aeabi_uldivmod.o) (__udivmoddi4)
d:/softa/lpcxpresso_8.2.2_650/lpcxpresso/tools/bin/../lib/gcc/arm-none-eabi/5.4.1/armv7-m\libgcc.a(_dvmd_tls.o)
                              d:/softa/lpcxpresso_8.2.2_650/lpcxpresso/tools/bin/../lib/gcc/arm-none-eabi/5.4.1/armv7-m\libgcc.a(_aeabi_uldivmod.o) (__aeabi_ldiv0)
d:/softa/lpcxpresso_8.2.2_650/lpcxpresso/tools/bin/../lib/gcc/arm-none-eabi/5.4.1/../../../../arm-none-eabi/lib/armv7-m\libc.a(lib_a-init.o)
                              ./src/cr_startup_lpc15xx.o (__libc_init_array)
d:/softa/lpcxpresso_8.2.2_650/lpcxpresso/tools/bin/../lib/gcc/arm-none-eabi/5.4.1/../../../../arm-none-eabi/lib/armv7-m\libc.a(lib_a-malloc.o)
                              ./src/cr_cpp_config.o (malloc)
d:/softa/lpcxpresso_8.2.2_650/lpcxpresso/tools/bin/../lib/gcc/arm-none-eabi/5.4.1/../../../../arm-none-eabi/lib/armv7-m\libc.a(lib_a-mallocr.o)
                              d:/softa/lpcxpresso_8.2.2_650/lpcxpresso/tools/bin/../lib/gcc/arm-none-eabi/5.4.1/../../../../arm-none-eabi/lib/armv7-m\libc.a(lib_a-malloc.o) (_malloc_r)
d:/softa/lpcxpresso_8.2.2_650/lpcxpresso/tools/bin/../lib/gcc/arm-none-eabi/5.4.1/../../../../arm-none-eabi/lib/armv7-m\libc.a(lib_a-memcpy.o)
                              C:\Users\Tommi\Documents\LPCXpresso_8.2.2_650\workspace\lpc_chip_15xx\Debug\liblpc_chip_15xx.a(ring_buffer.o) (memcpy)
d:/softa/lpcxpresso_8.2.2_650/lpcxpresso/tools/bin/../lib/gcc/arm-none-eabi/5.4.1/../../../../arm-none-eabi/lib/armv7-m\libc.a(lib_a-mlock.o)
                              d:/softa/lpcxpresso_8.2.2_650/lpcxpresso/tools/bin/../lib/gcc/arm-none-eabi/5.4.1/../../../../arm-none-eabi/lib/armv7-m\libc.a(lib_a-mallocr.o) (__malloc_lock)
d:/softa/lpcxpresso_8.2.2_650/lpcxpresso/tools/bin/../lib/gcc/arm-none-eabi/5.4.1/../../../../arm-none-eabi/lib/armv7-m\libc.a(lib_a-printf.o)
                              ./src/uart_test.o (printf)
[...]
Memory Configuration

Name             Origin             Length             Attributes
MFlash256        0x00000000         0x00040000         xr
Ram0_16          0x02000000         0x00004000         xrw
Ram1_16          0x02004000         0x00004000         xrw
Ram2_4           0x02008000         0x00001000         xrw
*default*        0x00000000         0xffffffff

Linker script and memory map

LOAD ./src/ModbusMaster.o
LOAD ./src/SerialPort.o
LOAD ./src/cr_cpp_config.o
LOAD ./src/cr_startup_lpc15xx.o
LOAD ./src/crp.o
LOAD ./src/retarget_itm.o
LOAD ./src/sysinit.o
LOAD ./src/uart_test.o
LOAD C:\Users\Tommi\Documents\LPCXpresso_8.2.2_650\workspace\lpc_board_nxp_lpcxpresso_1549\Debug\liblpc_board_nxp_lpcxpresso_1549.a
LOAD C:\Users\Tommi\Documents\LPCXpresso_8.2.2_650\workspace\lpc_chip_15xx\Debug\liblpc_chip_15xx.a
START GROUP
LOAD d:/softa/lpcxpresso_8.2.2_650/lpcxpresso/tools/bin/../lib/gcc/arm-none-eabi/5.4.1/armv7-m\libgcc.a
LOAD d:/softa/lpcxpresso_8.2.2_650/lpcxpresso/tools/bin/../lib/gcc/arm-none-eabi/5.4.1/../../../../arm-none-eabi/lib/armv7-m\libc.a
LOAD d:/softa/lpcxpresso_8.2.2_650/lpcxpresso/tools/bin/../lib/gcc/arm-none-eabi/5.4.1/../../../../arm-none-eabi/lib/armv7-m\libstdc++.a
LOAD d:/softa/lpcxpresso_8.2.2_650/lpcxpresso/tools/bin/../lib/gcc/arm-none-eabi/5.4.1/../../../../arm-none-eabi/lib/armv7-m\libm.a
LOAD d:/softa/lpcxpresso_8.2.2_650/lpcxpresso/tools/bin/../lib/gcc/arm-none-eabi/5.4.1/../../../../arm-none-eabi/lib/armv7-m\libcr_newlib_nohost.a
LOAD d:/softa/lpcxpresso_8.2.2_650/lpcxpresso/tools/bin/../lib/gcc/arm-none-eabi/5.4.1/armv7-m\crti.o
LOAD d:/softa/lpcxpresso_8.2.2_650/lpcxpresso/tools/bin/../lib/gcc/arm-none-eabi/5.4.1/armv7-m\crtn.o
LOAD d:/softa/lpcxpresso_8.2.2_650/lpcxpresso/tools/bin/../lib/gcc/arm-none-eabi/5.4.1/armv7-m\crtbegin.o
LOAD d:/softa/lpcxpresso_8.2.2_650/lpcxpresso/tools/bin/../lib/gcc/arm-none-eabi/5.4.1/armv7-m\crtend.o
END GROUP
                0x00000000                __base_MFlash256 = 0x0
                0x00000000                __base_Flash = 0x0
                0x00040000                __top_MFlash256 = 0x40000
                0x00040000                __top_Flash = 0x40000
                0x02000000                __base_Ram0_16 = 0x2000000
                0x02000000                __base_RAM = 0x2000000
                0x02004000                __top_Ram0_16 = 0x2004000
                0x02004000                __top_RAM = 0x2004000
                0x02004000                __base_Ram1_16 = 0x2004000
                0x02004000                __base_RAM2 = 0x2004000
                0x02008000                __top_Ram1_16 = 0x2008000
                0x02008000                __top_RAM2 = 0x2008000
                0x02008000                __base_Ram2_4 = 0x2008000
                0x02008000                __base_RAM3 = 0x2008000
                0x02009000                __top_Ram2_4 = 0x2009000
                0x02009000                __top_RAM3 = 0x2009000

.text           0x00000000     0x8308
 FILL mask 0xff
                0x00000000                __vectors_start__ = ABSOLUTE (.)
 *(.isr_vector)
 .isr_vector    0x00000000       0xfc ./src/cr_startup_lpc15xx.o
                0x00000000                g_pfnVectors
                0x000000fc                . = ALIGN (0x4)
                0x000000fc                __section_table_start = .
                0x000000fc                __data_section_table = .
                0x000000fc        0x4 LONG 0x8310 LOADADDR (.data)
                0x00000100        0x4 LONG 0x2000000 ADDR (.data)
                0x00000104        0x4 LONG 0x8a4 SIZEOF (.data)
                0x00000108        0x4 LONG 0x8310 LOADADDR (.data_RAM2)
                0x0000010c        0x4 LONG 0x2004000 ADDR (.data_RAM2)
                0x00000110        0x4 LONG 0x0 SIZEOF (.data_RAM2)
                0x00000114        0x4 LONG 0x8310 LOADADDR (.data_RAM3)
                0x00000118        0x4 LONG 0x2008000 ADDR (.data_RAM3)
                0x0000011c        0x4 LONG 0x0 SIZEOF (.data_RAM3)
                0x00000120                __data_section_table_end = .
                0x00000120                __bss_section_table = .
                0x00000120        0x4 LONG 0x20008a4 ADDR (.bss)
                0x00000124        0x4 LONG 0x70 SIZEOF (.bss)
                0x00000128        0x4 LONG 0x2004000 ADDR (.bss_RAM2)
                0x0000012c        0x4 LONG 0x0 SIZEOF (.bss_RAM2)
                0x00000130        0x4 LONG 0x2008000 ADDR (.bss_RAM3)
                0x00000134        0x4 LONG 0x0 SIZEOF (.bss_RAM3)
                0x00000138                __bss_section_table_end = .
                0x00000138                __section_table_end = .
 *(.after_vectors*)
 .after_vectors
                0x00000138      0x158 ./src/cr_startup_lpc15xx.o
                0x00000138                data_init(unsigned int, unsigned int, unsigned int)
                0x0000017c                bss_init(unsigned int, unsigned int)
                0x000001b4                ResetISR
                0x00000240                NMI_Handler
                0x00000248                HardFault_Handler
                0x00000250                MemManage_Handler
                0x00000258                BusFault_Handler
                0x00000260                UsageFault_Handler
                0x00000268                SVC_Handler
                0x00000270                DebugMon_Handler
                0x00000278                PendSV_Handler
                0x00000288                RTC_WAKE_IRQHandler
                0x00000288                UART0_IRQHandler
                0x00000288                ADC1_THCMP_IRQHandler
                0x00000288                SPI1_IRQHandler
                0x00000288                PIN_INT6_IRQHandler
                0x00000288                IntDefaultHandler
                0x00000288                PIN_INT4_IRQHandler
                0x00000288                CAN_IRQHandler
                0x00000288                RTC_ALARM_IRQHandler
                0x00000288                ADC1B_IRQHandler
                0x00000288                ADC1_OVR_IRQHandler
                0x00000288                MRT_IRQHandler
                0x00000288                UART2_IRQHandler
                0x00000288                ADC0_OVR_IRQHandler
                0x00000288                SCT1_IRQHandler
                0x00000288                PIN_INT2_IRQHandler
                0x00000288                USB_FIQHandler
                0x00000288                SCT3_IRQHandler
                0x00000288                PIN_INT7_IRQHandler
                0x00000288                I2C0_IRQHandler
                0x00000288                PIN_INT1_IRQHandler
                0x00000288                USB_IRQHandler
                0x00000288                BOD_IRQHandler
                0x00000288                ADC0B_IRQHandler
                0x00000288                ACMP0_IRQHandler
                0x00000288                RIT_IRQHandler
                0x00000288                USBWakeup_IRQHandler
                0x00000288                WDT_IRQHandler
                0x00000288                SCT2_IRQHandler
                0x00000288                PIN_INT0_IRQHandler
                0x00000288                QEI_IRQHandler
                0x00000288                ACMP3_IRQHandler
                0x00000288                GINT0_IRQHandler
                0x00000288                DAC_IRQHandler
                0x00000288                SPI0_IRQHandler
                0x00000288                EEPROM_IRQHandler
                0x00000288                ACMP2_IRQHandler
                0x00000288                PIN_INT5_IRQHandler
                0x00000288                ADC1A_IRQHandler
                0x00000288                DMA_IRQHandler
                0x00000288                PIN_INT3_IRQHandler
                0x00000288                ACMP1_IRQHandler
                0x00000288                SCT0_IRQHandler
                0x00000288                ADC0A_IRQHandler
                0x00000288                FMC_IRQHandler
                0x00000288                GINT1_IRQHandler
                0x00000288                ADC0_THCMP_IRQHandler
 *(.text*)
 .text._ZL4wordhh
                0x00000290       0x2c ./src/ModbusMaster.o
 .text._ZL8highBytet
                0x000002bc       0x1c ./src/ModbusMaster.o
 .text._ZL7lowBytet
                0x000002d8       0x1c ./src/ModbusMaster.o
 .text._ZL7bitReadhh
                0x000002f4       0x2c ./src/ModbusMaster.o
 .text._ZL12crc16_updateth
                0x00000320       0x5c ./src/ModbusMaster.o
 .text._ZN12ModbusMasterC2Eh
                0x0000037c       0x2c ./src/ModbusMaster.o
                0x0000037c                ModbusMaster::ModbusMaster(unsigned char)
                0x0000037c                ModbusMaster::ModbusMaster(unsigned char)
 .text._ZN12ModbusMaster5beginEt
                0x000003a8       0x60 ./src/ModbusMaster.o
                0x000003a8                ModbusMaster::begin(unsigned short)
 .text._ZN12ModbusMaster17getResponseBufferEh
                0x00000408       0x2c ./src/ModbusMaster.o
                0x00000408                ModbusMaster::getResponseBuffer(unsigned char)
 .text._ZN12ModbusMaster17setTransmitBufferEht
                0x00000434       0x34 ./src/ModbusMaster.o
                0x00000434                ModbusMaster::setTransmitBuffer(unsigned char, unsigned short)
 .text._ZN12ModbusMaster20readHoldingRegistersEtt
                0x00000468       0x30 ./src/ModbusMaster.o
                0x00000468                ModbusMaster::readHoldingRegisters(unsigned short, unsigned short)
 .text._ZN12ModbusMaster22writeMultipleRegistersEtt
                0x00000498       0x34 ./src/ModbusMaster.o
                0x00000498                ModbusMaster::writeMultipleRegisters(unsigned short, unsigned short)
 .text._ZN12ModbusMaster23ModbusMasterTransactionEh
                0x000004cc      0xa28 ./src/ModbusMaster.o
                0x000004cc                ModbusMaster::ModbusMasterTransaction(unsigned char)
 .text.NVIC_EnableIRQ
                0x00000ef4       0x30 ./src/SerialPort.o
 .text.NVIC_DisableIRQ
                0x00000f24       0x34 ./src/SerialPort.o
 .text.Chip_IOCON_PinMuxSet
                0x00000f58       0x2c ./src/SerialPort.o
 .text.Chip_SWM_MovablePortPinAssign
                0x00000f84       0x30 ./src/SerialPort.o
 .text.RingBuffer_GetCount
                0x00000fb4       0x20 ./src/SerialPort.o
 .text.Chip_UART_Enable
                0x00000fd4       0x20 ./src/SerialPort.o
 .text.Chip_UART_TXEnable
                0x00000ff4       0x20 ./src/SerialPort.o
 .text.Chip_UART_IntEnable
                0x00001014       0x1c ./src/SerialPort.o
 .text.Chip_UART_IntDisable
                0x00001030       0x1c ./src/SerialPort.o
 .text.Chip_UART_ConfigData
                0x0000104c       0x28 ./src/SerialPort.o
 .text.UART1_IRQHandler
                0x00001074       0x24 ./src/SerialPort.o
                0x00001074                UART1_IRQHandler
 .text._ZN10SerialPortC2Ev
                0x00001098      0x104 ./src/SerialPort.o
                0x00001098                SerialPort::SerialPort()
                0x00001098                SerialPort::SerialPort()
 .text._ZN10SerialPortD2Ev
                0x0000119c       0x38 ./src/SerialPort.o
                0x0000119c                SerialPort::~SerialPort()
                0x0000119c                SerialPort::~SerialPort()
 .text._ZN10SerialPortD0Ev
                0x000011d4       0x20 ./src/SerialPort.o
                0x000011d4                SerialPort::~SerialPort()
 .text._ZN10SerialPort9availableEv
                0x000011f4       0x1c ./src/SerialPort.o
                0x000011f4                SerialPort::available()
 .text._ZN10SerialPort5beginEi
                0x00001210       0x20 ./src/SerialPort.o
                0x00001210                SerialPort::begin(int)
 .text._ZN10SerialPort4readEv
                0x00001230       0x38 ./src/SerialPort.o
                0x00001230                SerialPort::read()
 .text._ZN10SerialPort5writeEPKci
                0x00001268       0x28 ./src/SerialPort.o
                0x00001268                SerialPort::write(char const*, int)
 .text._ZN10SerialPort5flushEv
                0x00001290       0x30 ./src/SerialPort.o
                0x00001290                SerialPort::flush()
 .text._Znwj    0x000012c0       0x18 ./src/cr_cpp_config.o
                0x000012c0                operator new(unsigned int)
 .text._ZdlPv   0x000012d8       0x18 ./src/cr_cpp_config.o
                0x000012d8                operator delete(void*)
 .text._write   0x000012f0       0x7c ./src/retarget_itm.o
                0x000012f0                _write
 .text._read    0x0000136c       0xb4 ./src/retarget_itm.o
                0x0000136c                _read
 .text.SystemInit
                0x00001420        0xc ./src/sysinit.o
                0x00001420                SystemInit
 .text.NVIC_SetPriority
                0x0000142c       0x54 ./src/uart_test.o
 .text.SysTick_Config
                0x00001480       0x44 ./src/uart_test.o
 .text.Chip_SWM_MovablePortPinAssign
                0x000014c4       0x30 ./src/uart_test.o
 .text.SysTick_Handler
                0x000014f4       0x3c ./src/uart_test.o
                0x000014f4                SysTick_Handler
 .text._Z5Sleepi
                0x00001530       0x34 ./src/uart_test.o
                0x00001530                Sleep(int)
 .text._Z6millisv
                0x00001564       0x14 ./src/uart_test.o
                0x00001564                millis()
 .text.main     0x00001578      0x154 ./src/uart_test.o
                0x00001578                main
 .text.Chip_IOCON_PinMuxSet
                0x000016cc       0x2c C:\Users\Tommi\Documents\LPCXpresso_8.2.2_650\workspace\lpc_board_nxp_lpcxpresso_1549\Debug\liblpc_board_nxp_lpcxpresso_1549.a(board.o)
 .text.Chip_SWM_MovablePortPinAssign
                0x000016f8       0x30 C:\Users\Tommi\Documents\LPCXpresso_8.2.2_650\workspace\lpc_board_nxp_lpcxpresso_1549\Debug\liblpc_board_nxp_lpcxpresso_1549.a(board.o)
 .text.Chip_GPIO_SetPinState
                0x00001728       0x38 C:\Users\Tommi\Documents\LPCXpresso_8.2.2_650\workspace\lpc_board_nxp_lpcxpresso_1549\Debug\liblpc_board_nxp_lpcxpresso_1549.a(board.o)
 .text.Chip_GPIO_SetPinDIROutput
                0x00001760       0x3c C:\Users\Tommi\Documents\LPCXpresso_8.2.2_650\workspace\lpc_board_nxp_lpcxpresso_1549\Debug\liblpc_board_nxp_lpcxpresso_1549.a(board.o)
 .text.Chip_UART_Enable
                0x0000179c       0x20 C:\Users\Tommi\Documents\LPCXpresso_8.2.2_650\workspace\lpc_board_nxp_lpcxpresso_1549\Debug\liblpc_board_nxp_lpcxpresso_1549.a(board.o)
 .text.Chip_UART_TXEnable
                0x000017bc       0x20 C:\Users\Tommi\Documents\LPCXpresso_8.2.2_650\workspace\lpc_board_nxp_lpcxpresso_1549\Debug\liblpc_board_nxp_lpcxpresso_1549.a(board.o)
 .text.Chip_UART_ConfigData
                0x000017dc       0x28 C:\Users\Tommi\Documents\LPCXpresso_8.2.2_650\workspace\lpc_board_nxp_lpcxpresso_1549\Debug\liblpc_board_nxp_lpcxpresso_1549.a(board.o)
 .text.Board_Debug_Init
                0x00001804       0x70 C:\Users\Tommi\Documents\LPCXpresso_8.2.2_650\workspace\lpc_board_nxp_lpcxpresso_1549\Debug\liblpc_board_nxp_lpcxpresso_1549.a(board.o)
                0x00001804                Board_Debug_Init
 .text.Board_LED_Init
                0x00001874       0x5c C:\Users\Tommi\Documents\LPCXpresso_8.2.2_650\workspace\lpc_board_nxp_lpcxpresso_1549\Debug\liblpc_board_nxp_lpcxpresso_1549.a(board.o)
 .text.Board_LED_Set
                0x000018d0       0x54 C:\Users\Tommi\Documents\LPCXpresso_8.2.2_650\workspace\lpc_board_nxp_lpcxpresso_1549\Debug\liblpc_board_nxp_lpcxpresso_1549.a(board.o)
                0x000018d0                Board_LED_Set
 .text.Board_Init
                0x00001924       0x18 C:\Users\Tommi\Documents\LPCXpresso_8.2.2_650\workspace\lpc_board_nxp_lpcxpresso_1549\Debug\liblpc_board_nxp_lpcxpresso_1549.a(board.o)
                0x00001924                Board_Init
 .text.Chip_SYSCTL_PeriphReset
                0x0000193c       0x24 C:\Users\Tommi\Documents\LPCXpresso_8.2.2_650\workspace\lpc_board_nxp_lpcxpresso_1549\Debug\liblpc_board_nxp_lpcxpresso_1549.a(board_sysinit.o)
 .text.Chip_Clock_SetUSBPLLSource
                0x00001960       0x20 C:\Users\Tommi\Documents\LPCXpresso_8.2.2_650\workspace\lpc_board_nxp_lpcxpresso_1549\Debug\liblpc_board_nxp_lpcxpresso_1549.a(board_sysinit.o)
 .text.Chip_Clock_SetupUSBPLL
                0x00001980       0x34 C:\Users\Tommi\Documents\LPCXpresso_8.2.2_650\workspace\lpc_board_nxp_lpcxpresso_1549\Debug\liblpc_board_nxp_lpcxpresso_1549.a(board_sysinit.o)
 .text.Chip_Clock_IsUSBPLLLocked
                0x000019b4       0x24 C:\Users\Tommi\Documents\LPCXpresso_8.2.2_650\workspace\lpc_board_nxp_lpcxpresso_1549\Debug\liblpc_board_nxp_lpcxpresso_1549.a(board_sysinit.o)
 .text.Chip_Clock_SetSysTickClockDiv
                0x000019d8       0x20 C:\Users\Tommi\Documents\LPCXpresso_8.2.2_650\workspace\lpc_board_nxp_lpcxpresso_1549\Debug\liblpc_board_nxp_lpcxpresso_1549.a(board_sysinit.o)
 .text.Chip_SWM_MovablePortPinAssign
                0x000019f8       0x30 C:\Users\Tommi\Documents\LPCXpresso_8.2.2_650\workspace\lpc_board_nxp_lpcxpresso_1549\Debug\liblpc_board_nxp_lpcxpresso_1549.a(board_sysinit.o)
 .text.Board_SetupMuxing
                0x00001a28       0x80 C:\Users\Tommi\Documents\LPCXpresso_8.2.2_650\workspace\lpc_board_nxp_lpcxpresso_1549\Debug\liblpc_board_nxp_lpcxpresso_1549.a(board_sysinit.o)
                0x00001a28                Board_SetupMuxing
 .text.Board_SetupClocking
                0x00001aa8       0x3c C:\Users\Tommi\Documents\LPCXpresso_8.2.2_650\workspace\lpc_board_nxp_lpcxpresso_1549\Debug\liblpc_board_nxp_lpcxpresso_1549.a(board_sysinit.o)
                0x00001aa8                Board_SetupClocking
 .text.Board_SystemInit
                0x00001ae4       0x1c C:\Users\Tommi\Documents\LPCXpresso_8.2.2_650\workspace\lpc_board_nxp_lpcxpresso_1549\Debug\liblpc_board_nxp_lpcxpresso_1549.a(board_sysinit.o)
                0x00001ae4                Board_SystemInit
 .text.SystemCoreClockUpdate
                0x00001b00       0x18 C:\Users\Tommi\Documents\LPCXpresso_8.2.2_650\workspace\lpc_chip_15xx\Debug\liblpc_chip_15xx.a(chip_15xx.o)
                0x00001b00                SystemCoreClockUpdate
 .text.Chip_Clock_SetMain_A_ClockSource
                0x00001b18       0x20 C:\Users\Tommi\Documents\LPCXpresso_8.2.2_650\workspace\lpc_chip_15xx\Debug\liblpc_chip_15xx.a(clock_15xx.o)
 .text.Chip_Clock_GetMain_A_ClockSource
                0x00001b38       0x18 C:\Users\Tommi\Documents\LPCXpresso_8.2.2_650\workspace\lpc_chip_15xx\Debug\liblpc_chip_15xx.a(clock_15xx.o)
 .text.Chip_Clock_SetMain_B_ClockSource
                0x00001b50       0x20 C:\Users\Tommi\Documents\LPCXpresso_8.2.2_650\workspace\lpc_chip_15xx\Debug\liblpc_chip_15xx.a(clock_15xx.o)
 .text.Chip_Clock_GetMain_B_ClockSource
                0x00001b70       0x18 C:\Users\Tommi\Documents\LPCXpresso_8.2.2_650\workspace\lpc_chip_15xx\Debug\liblpc_chip_15xx.a(clock_15xx.o)
 .text.Chip_Clock_SetUARTFRGDivider
                0x00001b88       0x20 C:\Users\Tommi\Documents\LPCXpresso_8.2.2_650\workspace\lpc_chip_15xx\Debug\liblpc_chip_15xx.a(clock_15xx.o)
 .text.Chip_Clock_GetUARTFRGDivider
                0x00001ba8       0x18 C:\Users\Tommi\Documents\LPCXpresso_8.2.2_650\workspace\lpc_chip_15xx\Debug\liblpc_chip_15xx.a(clock_15xx.o)
 .text.Chip_Clock_GetMainOscRate
                0x00001bc0       0x14 C:\Users\Tommi\Documents\LPCXpresso_8.2.2_650\workspace\lpc_chip_15xx\Debug\liblpc_chip_15xx.a(clock_15xx.o)
 .text.Chip_Clock_GetIntOscRate
                0x00001bd4       0x14 C:\Users\Tommi\Documents\LPCXpresso_8.2.2_650\workspace\lpc_chip_15xx\Debug\liblpc_chip_15xx.a(clock_15xx.o)
 .text.Chip_Clock_GetRTCOscRate
                0x00001be8       0x14 C:\Users\Tommi\Documents\LPCXpresso_8.2.2_650\workspace\lpc_chip_15xx\Debug\liblpc_chip_15xx.a(clock_15xx.o)
 .text.Chip_Clock_GetWDTOSCRate
                0x00001bfc       0x14 C:\Users\Tommi\Documents\LPCXpresso_8.2.2_650\workspace\lpc_chip_15xx\Debug\liblpc_chip_15xx.a(clock_15xx.o)
 .text.Chip_Clock_GetPLLFreq
                0x00001c10       0x28 C:\Users\Tommi\Documents\LPCXpresso_8.2.2_650\workspace\lpc_chip_15xx\Debug\liblpc_chip_15xx.a(clock_15xx.o)
 .text.Chip_Clock_GetPLLInClockRate
                0x00001c38       0x38 C:\Users\Tommi\Documents\LPCXpresso_8.2.2_650\workspace\lpc_chip_15xx\Debug\liblpc_chip_15xx.a(clock_15xx.o)
 .text.Chip_Clock_GetSystemPLLInClockRate
                0x00001c70       0x1c C:\Users\Tommi\Documents\LPCXpresso_8.2.2_650\workspace\lpc_chip_15xx\Debug\liblpc_chip_15xx.a(clock_15xx.o)
                0x00001c70                Chip_Clock_GetSystemPLLInClockRate
 .text.Chip_Clock_GetSystemPLLOutClockRate
                0x00001c8c       0x24 C:\Users\Tommi\Documents\LPCXpresso_8.2.2_650\workspace\lpc_chip_15xx\Debug\liblpc_chip_15xx.a(clock_15xx.o)
                0x00001c8c                Chip_Clock_GetSystemPLLOutClockRate
 .text.Chip_Clock_GetMain_A_ClockRate
                0x00001cb0       0x44 C:\Users\Tommi\Documents\LPCXpresso_8.2.2_650\workspace\lpc_chip_15xx\Debug\liblpc_chip_15xx.a(clock_15xx.o)
                0x00001cb0                Chip_Clock_GetMain_A_ClockRate
 .text.Chip_Clock_GetMain_B_ClockRate
                0x00001cf4       0x58 C:\Users\Tommi\Documents\LPCXpresso_8.2.2_650\workspace\lpc_chip_15xx\Debug\liblpc_chip_15xx.a(clock_15xx.o)
                0x00001cf4                Chip_Clock_GetMain_B_ClockRate
 .text.Chip_Clock_SetMainClockSource
                0x00001d4c       0x3c C:\Users\Tommi\Documents\LPCXpresso_8.2.2_650\workspace\lpc_chip_15xx\Debug\liblpc_chip_15xx.a(clock_15xx.o)
                0x00001d4c                Chip_Clock_SetMainClockSource
 .text.Chip_Clock_GetMainClockRate
                0x00001d88       0x28 C:\Users\Tommi\Documents\LPCXpresso_8.2.2_650\workspace\lpc_chip_15xx\Debug\liblpc_chip_15xx.a(clock_15xx.o)
                0x00001d88                Chip_Clock_GetMainClockRate
 .text.Chip_Clock_EnablePeriphClock
                0x00001db0       0x54 C:\Users\Tommi\Documents\LPCXpresso_8.2.2_650\workspace\lpc_chip_15xx\Debug\liblpc_chip_15xx.a(clock_15xx.o)
                0x00001db0                Chip_Clock_EnablePeriphClock
 .text.Chip_Clock_DisablePeriphClock
                0x00001e04       0x58 C:\Users\Tommi\Documents\LPCXpresso_8.2.2_650\workspace\lpc_chip_15xx\Debug\liblpc_chip_15xx.a(clock_15xx.o)
                0x00001e04                Chip_Clock_DisablePeriphClock
 .text.Chip_Clock_GetUARTBaseClockRate
                0x00001e5c       0x88 C:\Users\Tommi\Documents\LPCXpresso_8.2.2_650\workspace\lpc_chip_15xx\Debug\liblpc_chip_15xx.a(clock_15xx.o)
                0x00001e5c                Chip_Clock_GetUARTBaseClockRate
 .text.Chip_Clock_SetUARTBaseClockRate
                0x00001ee4       0xa0 C:\Users\Tommi\Documents\LPCXpresso_8.2.2_650\workspace\lpc_chip_15xx\Debug\liblpc_chip_15xx.a(clock_15xx.o)
                0x00001ee4                Chip_Clock_SetUARTBaseClockRate
 .text.Chip_Clock_GetSystemClockRate
                0x00001f84       0x1c C:\Users\Tommi\Documents\LPCXpresso_8.2.2_650\workspace\lpc_chip_15xx\Debug\liblpc_chip_15xx.a(clock_15xx.o)
                0x00001f84                Chip_Clock_GetSystemClockRate
 .text.Chip_SYSCTL_PeriphReset
                0x00001fa0       0x24 C:\Users\Tommi\Documents\LPCXpresso_8.2.2_650\workspace\lpc_chip_15xx\Debug\liblpc_chip_15xx.a(gpio_15xx.o)
 .text.Chip_GPIO_Init
                0x00001fc4       0x30 C:\Users\Tommi\Documents\LPCXpresso_8.2.2_650\workspace\lpc_chip_15xx\Debug\liblpc_chip_15xx.a(gpio_15xx.o)
                0x00001fc4                Chip_GPIO_Init
 .text.Chip_IOCON_PinMuxSet
                0x00001ff4       0x2c C:\Users\Tommi\Documents\LPCXpresso_8.2.2_650\workspace\lpc_chip_15xx\Debug\liblpc_chip_15xx.a(iocon_15xx.o)
 .text.Chip_IOCON_SetPinMuxing
                0x00002020       0x50 C:\Users\Tommi\Documents\LPCXpresso_8.2.2_650\workspace\lpc_chip_15xx\Debug\liblpc_chip_15xx.a(iocon_15xx.o)
                0x00002020                Chip_IOCON_SetPinMuxing
 .text.RingBuffer_GetCount
                0x00002070       0x20 C:\Users\Tommi\Documents\LPCXpresso_8.2.2_650\workspace\lpc_chip_15xx\Debug\liblpc_chip_15xx.a(ring_buffer.o)
 .text.RingBuffer_GetFree
                0x00002090       0x20 C:\Users\Tommi\Documents\LPCXpresso_8.2.2_650\workspace\lpc_chip_15xx\Debug\liblpc_chip_15xx.a(ring_buffer.o)
 .text.RingBuffer_IsFull
                0x000020b0       0x28 C:\Users\Tommi\Documents\LPCXpresso_8.2.2_650\workspace\lpc_chip_15xx\Debug\liblpc_chip_15xx.a(ring_buffer.o)
 .text.RingBuffer_IsEmpty
                0x000020d8       0x28 C:\Users\Tommi\Documents\LPCXpresso_8.2.2_650\workspace\lpc_chip_15xx\Debug\liblpc_chip_15xx.a(ring_buffer.o)
 .text.RingBuffer_Init
                0x00002100       0x3c C:\Users\Tommi\Documents\LPCXpresso_8.2.2_650\workspace\lpc_chip_15xx\Debug\liblpc_chip_15xx.a(ring_buffer.o)
                0x00002100                RingBuffer_Init
 .text.RingBuffer_Insert
                0x0000213c       0x5c C:\Users\Tommi\Documents\LPCXpresso_8.2.2_650\workspace\lpc_chip_15xx\Debug\liblpc_chip_15xx.a(ring_buffer.o)
                0x0000213c                RingBuffer_Insert
 .text.RingBuffer_InsertMult
                0x00002198      0x124 C:\Users\Tommi\Documents\LPCXpresso_8.2.2_650\workspace\lpc_chip_15xx\Debug\liblpc_chip_15xx.a(ring_buffer.o)
                0x00002198                RingBuffer_InsertMult
 .text.RingBuffer_Pop
                0x000022bc       0x5c C:\Users\Tommi\Documents\LPCXpresso_8.2.2_650\workspace\lpc_chip_15xx\Debug\liblpc_chip_15xx.a(ring_buffer.o)
                0x000022bc                RingBuffer_Pop
 .text.RingBuffer_PopMult
                0x00002318      0x124 C:\Users\Tommi\Documents\LPCXpresso_8.2.2_650\workspace\lpc_chip_15xx\Debug\liblpc_chip_15xx.a(ring_buffer.o)
                0x00002318                RingBuffer_PopMult
 .text.Chip_SWM_MovablePinAssign
                0x0000243c       0x5c C:\Users\Tommi\Documents\LPCXpresso_8.2.2_650\workspace\lpc_chip_15xx\Debug\liblpc_chip_15xx.a(swm_15xx.o)
                0x0000243c                Chip_SWM_MovablePinAssign
 .text.Chip_SYSCTL_AssertPeriphReset
                0x00002498       0x48 C:\Users\Tommi\Documents\LPCXpresso_8.2.2_650\workspace\lpc_chip_15xx\Debug\liblpc_chip_15xx.a(sysctl_15xx.o)
                0x00002498                Chip_SYSCTL_AssertPeriphReset
 .text.Chip_SYSCTL_DeassertPeriphReset
                0x000024e0       0x4c C:\Users\Tommi\Documents\LPCXpresso_8.2.2_650\workspace\lpc_chip_15xx\Debug\liblpc_chip_15xx.a(sysctl_15xx.o)
                0x000024e0                Chip_SYSCTL_DeassertPeriphReset
 .text.Chip_SYSCTL_PowerDown
                0x0000252c       0x40 C:\Users\Tommi\Documents\LPCXpresso_8.2.2_650\workspace\lpc_chip_15xx\Debug\liblpc_chip_15xx.a(sysctl_15xx.o)
                0x0000252c                Chip_SYSCTL_PowerDown
 .text.Chip_SYSCTL_PowerUp
                0x0000256c       0x40 C:\Users\Tommi\Documents\LPCXpresso_8.2.2_650\workspace\lpc_chip_15xx\Debug\liblpc_chip_15xx.a(sysctl_15xx.o)
                0x0000256c                Chip_SYSCTL_PowerUp
 .text.Chip_FMC_SetFLASHAccess
                0x000025ac       0x38 C:\Users\Tommi\Documents\LPCXpresso_8.2.2_650\workspace\lpc_chip_15xx\Debug\liblpc_chip_15xx.a(sysinit_15xx.o)
 .text.Chip_Clock_SetSystemPLLSource
                0x000025e4       0x20 C:\Users\Tommi\Documents\LPCXpresso_8.2.2_650\workspace\lpc_chip_15xx\Debug\liblpc_chip_15xx.a(sysinit_15xx.o)
 .text.Chip_Clock_SetupSystemPLL
                0x00002604       0x34 C:\Users\Tommi\Documents\LPCXpresso_8.2.2_650\workspace\lpc_chip_15xx\Debug\liblpc_chip_15xx.a(sysinit_15xx.o)
 .text.Chip_Clock_IsSystemPLLLocked
                0x00002638       0x24 C:\Users\Tommi\Documents\LPCXpresso_8.2.2_650\workspace\lpc_chip_15xx\Debug\liblpc_chip_15xx.a(sysinit_15xx.o)
 .text.Chip_Clock_SetSysClockDiv
                0x0000265c       0x20 C:\Users\Tommi\Documents\LPCXpresso_8.2.2_650\workspace\lpc_chip_15xx\Debug\liblpc_chip_15xx.a(sysinit_15xx.o)
 .text.Chip_SetupXtalClocking
                0x0000267c       0x6c C:\Users\Tommi\Documents\LPCXpresso_8.2.2_650\workspace\lpc_chip_15xx\Debug\liblpc_chip_15xx.a(sysinit_15xx.o)
                0x0000267c                Chip_SetupXtalClocking
 .text.Chip_SYSCTL_PeriphReset
                0x000026e8       0x24 C:\Users\Tommi\Documents\LPCXpresso_8.2.2_650\workspace\lpc_chip_15xx\Debug\liblpc_chip_15xx.a(uart_15xx.o)
 .text.RingBuffer_IsEmpty
                0x0000270c       0x28 C:\Users\Tommi\Documents\LPCXpresso_8.2.2_650\workspace\lpc_chip_15xx\Debug\liblpc_chip_15xx.a(uart_15xx.o)
 .text.Chip_UART_SendByte
                0x00002734       0x1c C:\Users\Tommi\Documents\LPCXpresso_8.2.2_650\workspace\lpc_chip_15xx\Debug\liblpc_chip_15xx.a(uart_15xx.o)
 .text.Chip_UART_ReadByte
                0x00002750       0x1c C:\Users\Tommi\Documents\LPCXpresso_8.2.2_650\workspace\lpc_chip_15xx\Debug\liblpc_chip_15xx.a(uart_15xx.o)
 .text.Chip_UART_IntEnable
                0x0000276c       0x1c C:\Users\Tommi\Documents\LPCXpresso_8.2.2_650\workspace\lpc_chip_15xx\Debug\liblpc_chip_15xx.a(uart_15xx.o)
 .text.Chip_UART_IntDisable
                0x00002788       0x1c C:\Users\Tommi\Documents\LPCXpresso_8.2.2_650\workspace\lpc_chip_15xx\Debug\liblpc_chip_15xx.a(uart_15xx.o)
 .text.Chip_UART_GetStatus
                0x000027a4       0x18 C:\Users\Tommi\Documents\LPCXpresso_8.2.2_650\workspace\lpc_chip_15xx\Debug\liblpc_chip_15xx.a(uart_15xx.o)
 .text.getUARTClockID
                0x000027bc       0x34 C:\Users\Tommi\Documents\LPCXpresso_8.2.2_650\workspace\lpc_chip_15xx\Debug\liblpc_chip_15xx.a(uart_15xx.o)
 .text.Chip_UART_Init
                0x000027f0       0x4c C:\Users\Tommi\Documents\LPCXpresso_8.2.2_650\workspace\lpc_chip_15xx\Debug\liblpc_chip_15xx.a(uart_15xx.o)
                0x000027f0                Chip_UART_Init
 .text.Chip_UART_DeInit
                0x0000283c       0x20 C:\Users\Tommi\Documents\LPCXpresso_8.2.2_650\workspace\lpc_chip_15xx\Debug\liblpc_chip_15xx.a(uart_15xx.o)
                0x0000283c                Chip_UART_DeInit
 .text.Chip_UART_SetBaud
                0x0000285c       0x2c C:\Users\Tommi\Documents\LPCXpresso_8.2.2_650\workspace\lpc_chip_15xx\Debug\liblpc_chip_15xx.a(uart_15xx.o)
                0x0000285c                Chip_UART_SetBaud
 .text.Chip_UART_RXIntHandlerRB
                0x00002888       0x3c C:\Users\Tommi\Documents\LPCXpresso_8.2.2_650\workspace\lpc_chip_15xx\Debug\liblpc_chip_15xx.a(uart_15xx.o)
                0x00002888                Chip_UART_RXIntHandlerRB
 .text.Chip_UART_TXIntHandlerRB
                0x000028c4       0x40 C:\Users\Tommi\Documents\LPCXpresso_8.2.2_650\workspace\lpc_chip_15xx\Debug\liblpc_chip_15xx.a(uart_15xx.o)
                0x000028c4                Chip_UART_TXIntHandlerRB
 .text.Chip_UART_SendRB
                0x00002904       0x60 C:\Users\Tommi\Documents\LPCXpresso_8.2.2_650\workspace\lpc_chip_15xx\Debug\liblpc_chip_15xx.a(uart_15xx.o)
                0x00002904                Chip_UART_SendRB
 .text.Chip_UART_ReadRB
                0x00002964       0x24 C:\Users\Tommi\Documents\LPCXpresso_8.2.2_650\workspace\lpc_chip_15xx\Debug\liblpc_chip_15xx.a(uart_15xx.o)
                0x00002964                Chip_UART_ReadRB
 .text.Chip_UART_IRQRBHandler
                0x00002988       0x48 C:\Users\Tommi\Documents\LPCXpresso_8.2.2_650\workspace\lpc_chip_15xx\Debug\liblpc_chip_15xx.a(uart_15xx.o)
                0x00002988                Chip_UART_IRQRBHandler
 .text          0x000029d0       0x30 d:/softa/lpcxpresso_8.2.2_650/lpcxpresso/tools/bin/../lib/gcc/arm-none-eabi/5.4.1/armv7-m\libgcc.a(_aeabi_uldivmod.o)
                0x000029d0                __aeabi_uldivmod
 .text          0x00002a00      0x2ec d:/softa/lpcxpresso_8.2.2_650/lpcxpresso/tools/bin/../lib/gcc/arm-none-eabi/5.4.1/armv7-m\libgcc.a(_udivmoddi4.o)
                0x00002a00                __udivmoddi4
 .text          0x00002cec        0x4 d:/softa/lpcxpresso_8.2.2_650/lpcxpresso/tools/bin/../lib/gcc/arm-none-eabi/5.4.1/armv7-m\libgcc.a(_dvmd_tls.o)
                0x00002cec                __aeabi_idiv0
                0x00002cec                __aeabi_ldiv0
 .text.__libc_init_array
                0x00002cf0       0x50 d:/softa/lpcxpresso_8.2.2_650/lpcxpresso/tools/bin/../lib/gcc/arm-none-eabi/5.4.1/../../../../arm-none-eabi/lib/armv7-m\libc.a(lib_a-init.o)
                0x00002cf0                __libc_init_array
 .text.malloc   0x00002d40       0x10 d:/softa/lpcxpresso_8.2.2_650/lpcxpresso/tools/bin/../lib/gcc/arm-none-eabi/5.4.1/../../../../arm-none-eabi/lib/armv7-m\libc.a(lib_a-malloc.o)
                0x00002d40                malloc
 .text.free     0x00002d50       0x10 d:/softa/lpcxpresso_8.2.2_650/lpcxpresso/tools/bin/../lib/gcc/arm-none-eabi/5.4.1/../../../../arm-none-eabi/lib/armv7-m\libc.a(lib_a-malloc.o)
                0x00002d50                free
 .text._malloc_r
                0x00002d60      0x558 d:/softa/lpcxpresso_8.2.2_650/lpcxpresso/tools/bin/../lib/gcc/arm-none-eabi/5.4.1/../../../../arm-none-eabi/lib/armv7-m\libc.a(lib_a-mallocr.o)
                0x00002d60                _malloc_r
 .text          0x000032b8       0xec d:/softa/lpcxpresso_8.2.2_650/lpcxpresso/tools/bin/../lib/gcc/arm-none-eabi/5.4.1/../../../../arm-none-eabi/lib/armv7-m\libc.a(lib_a-memcpy.o)
                0x000032b8                memcpy
 .text.__malloc_lock
                0x000033a4        0x4 d:/softa/lpcxpresso_8.2.2_650/lpcxpresso/tools/bin/../lib/gcc/arm-none-eabi/5.4.1/../../../../arm-none-eabi/lib/armv7-m\libc.a(lib_a-mlock.o)
                0x000033a4                __malloc_lock
 .text.__malloc_unlock
                0x000033a8        0x4 d:/softa/lpcxpresso_8.2.2_650/lpcxpresso/tools/bin/../lib/gcc/arm-none-eabi/5.4.1/../../../../arm-none-eabi/lib/armv7-m\libc.a(lib_a-mlock.o)
                0x000033a8                __malloc_unlock
 .text.printf   0x000033ac       0x28 d:/softa/lpcxpresso_8.2.2_650/lpcxpresso/tools/bin/../lib/gcc/arm-none-eabi/5.4.1/../../../../arm-none-eabi/lib/armv7-m\libc.a(lib_a-printf.o)
                0x000033ac                printf
 .text._sbrk_r  0x000033d4       0x24 d:/softa/lpcxpresso_8.2.2_650/lpcxpresso/tools/bin/../lib/gcc/arm-none-eabi/5.4.1/../../../../arm-none-eabi/lib/armv7-m\libc.a(lib_a-sbrkr.o)
                0x000033d4                _sbrk_r
 .text._vfprintf_r
                0x000033f8     0x1788 d:/softa/lpcxpresso_8.2.2_650/lpcxpresso/tools/bin/../lib/gcc/arm-none-eabi/5.4.1/../../../../arm-none-eabi/lib/armv7-m\libc.a(lib_a-vfprintf.o)
                0x000033f8                _vfprintf_r
 .text.__sbprintf
                0x00004b80       0x6c d:/softa/lpcxpresso_8.2.2_650/lpcxpresso/tools/bin/../lib/gcc/arm-none-eabi/5.4.1/../../../../arm-none-eabi/lib/armv7-m\libc.a(lib_a-vfprintf.o)
 .text.__swsetup_r
                0x00004bec       0xc8 d:/softa/lpcxpresso_8.2.2_650/lpcxpresso/tools/bin/../lib/gcc/arm-none-eabi/5.4.1/../../../../arm-none-eabi/lib/armv7-m\libc.a(lib_a-wsetup.o)
                0x00004bec                __swsetup_r
 .text.quorem   0x00004cb4      0x12c d:/softa/lpcxpresso_8.2.2_650/lpcxpresso/tools/bin/../lib/gcc/arm-none-eabi/5.4.1/../../../../arm-none-eabi/lib/armv7-m\libc.a(lib_a-dtoa.o)
 .text._dtoa_r  0x00004de0      0xe4c d:/softa/lpcxpresso_8.2.2_650/lpcxpresso/tools/bin/../lib/gcc/arm-none-eabi/5.4.1/../../../../arm-none-eabi/lib/armv7-m\libc.a(lib_a-dtoa.o)
                0x00004de0                _dtoa_r
 .text.__sflush_r
                0x00005c2c      0x148 d:/softa/lpcxpresso_8.2.2_650/lpcxpresso/tools/bin/../lib/gcc/arm-none-eabi/5.4.1/../../../../arm-none-eabi/lib/armv7-m\libc.a(lib_a-fflush.o)
                0x00005c2c                __sflush_r
 .text._fflush_r
                0x00005d74       0x2c d:/softa/lpcxpresso_8.2.2_650/lpcxpresso/tools/bin/../lib/gcc/arm-none-eabi/5.4.1/../../../../arm-none-eabi/lib/armv7-m\libc.a(lib_a-fflush.o)
                0x00005d74                _fflush_r
 .text._cleanup_r
                0x00005da0        0xc d:/softa/lpcxpresso_8.2.2_650/lpcxpresso/tools/bin/../lib/gcc/arm-none-eabi/5.4.1/../../../../arm-none-eabi/lib/armv7-m\libc.a(lib_a-findfp.o)
                0x00005da0                _cleanup_r
 .text.__sinit.part.1
                0x00005dac       0xf0 d:/softa/lpcxpresso_8.2.2_650/lpcxpresso/tools/bin/../lib/gcc/arm-none-eabi/5.4.1/../../../../arm-none-eabi/lib/armv7-m\libc.a(lib_a-findfp.o)
 .text.__sinit  0x00005e9c        0xc d:/softa/lpcxpresso_8.2.2_650/lpcxpresso/tools/bin/../lib/gcc/arm-none-eabi/5.4.1/../../../../arm-none-eabi/lib/armv7-m\libc.a(lib_a-findfp.o)
                0x00005e9c                __sinit
 .text.__sfp_lock_acquire
                0x00005ea8        0x4 d:/softa/lpcxpresso_8.2.2_650/lpcxpresso/tools/bin/../lib/gcc/arm-none-eabi/5.4.1/../../../../arm-none-eabi/lib/armv7-m\libc.a(lib_a-findfp.o)
                0x00005ea8                __sfp_lock_acquire
 .text.__sfp_lock_release
                0x00005eac        0x4 d:/softa/lpcxpresso_8.2.2_650/lpcxpresso/tools/bin/../lib/gcc/arm-none-eabi/5.4.1/../../../../arm-none-eabi/lib/armv7-m\libc.a(lib_a-findfp.o)
                0x00005eac                __sfp_lock_release
 .text._malloc_trim_r
                0x00005eb0       0x9c d:/softa/lpcxpresso_8.2.2_650/lpcxpresso/tools/bin/../lib/gcc/arm-none-eabi/5.4.1/../../../../arm-none-eabi/lib/armv7-m\libc.a(lib_a-freer.o)
                0x00005eb0                _malloc_trim_r
 .text._free_r  0x00005f4c      0x1d0 d:/softa/lpcxpresso_8.2.2_650/lpcxpresso/tools/bin/../lib/gcc/arm-none-eabi/5.4.1/../../../../arm-none-eabi/lib/armv7-m\libc.a(lib_a-freer.o)
                0x00005f4c                _free_r
 .text._fwalk_reent
                0x0000611c       0x50 d:/softa/lpcxpresso_8.2.2_650/lpcxpresso/tools/bin/../lib/gcc/arm-none-eabi/5.4.1/../../../../arm-none-eabi/lib/armv7-m\libc.a(lib_a-fwalk.o)
                0x0000611c                _fwalk_reent
 .text.__locale_charset
                0x0000616c        0x8 d:/softa/lpcxpresso_8.2.2_650/lpcxpresso/tools/bin/../lib/gcc/arm-none-eabi/5.4.1/../../../../arm-none-eabi/lib/armv7-m\libc.a(lib_a-locale.o)
                0x0000616c                __locale_charset
 .text.__locale_mb_cur_max
                0x00006174        0xc d:/softa/lpcxpresso_8.2.2_650/lpcxpresso/tools/bin/../lib/gcc/arm-none-eabi/5.4.1/../../../../arm-none-eabi/lib/armv7-m\libc.a(lib_a-locale.o)
                0x00006174                __locale_mb_cur_max
 .text._localeconv_r
                0x00006180        0x8 d:/softa/lpcxpresso_8.2.2_650/lpcxpresso/tools/bin/../lib/gcc/arm-none-eabi/5.4.1/../../../../arm-none-eabi/lib/armv7-m\libc.a(lib_a-locale.o)
                0x00006180                _localeconv_r
 .text.__swhatbuf_r
                0x00006188       0x60 d:/softa/lpcxpresso_8.2.2_650/lpcxpresso/tools/bin/../lib/gcc/arm-none-eabi/5.4.1/../../../../arm-none-eabi/lib/armv7-m\libc.a(lib_a-makebuf.o)
                0x00006188                __swhatbuf_r
 .text.__smakebuf_r
                0x000061e8       0x88 d:/softa/lpcxpresso_8.2.2_650/lpcxpresso/tools/bin/../lib/gcc/arm-none-eabi/5.4.1/../../../../arm-none-eabi/lib/armv7-m\libc.a(lib_a-makebuf.o)
                0x000061e8                __smakebuf_r
 .text.memchr   0x00006270       0x8c d:/softa/lpcxpresso_8.2.2_650/lpcxpresso/tools/bin/../lib/gcc/arm-none-eabi/5.4.1/../../../../arm-none-eabi/lib/armv7-m\libc.a(lib_a-memchr-stub.o)
                0x00006270                memchr
 .text.memset   0x000062fc       0x9c d:/softa/lpcxpresso_8.2.2_650/lpcxpresso/tools/bin/../lib/gcc/arm-none-eabi/5.4.1/../../../../arm-none-eabi/lib/armv7-m\libc.a(lib_a-memset.o)
                0x000062fc                memset
 .text._Balloc  0x00006398       0x50 d:/softa/lpcxpresso_8.2.2_650/lpcxpresso/tools/bin/../lib/gcc/arm-none-eabi/5.4.1/../../../../arm-none-eabi/lib/armv7-m\libc.a(lib_a-mprec.o)
                0x00006398                _Balloc
 .text._Bfree   0x000063e8       0x14 d:/softa/lpcxpresso_8.2.2_650/lpcxpresso/tools/bin/../lib/gcc/arm-none-eabi/5.4.1/../../../../arm-none-eabi/lib/armv7-m\libc.a(lib_a-mprec.o)
                0x000063e8                _Bfree
 .text.__multadd
                0x000063fc       0x80 d:/softa/lpcxpresso_8.2.2_650/lpcxpresso/tools/bin/../lib/gcc/arm-none-eabi/5.4.1/../../../../arm-none-eabi/lib/armv7-m\libc.a(lib_a-mprec.o)
                0x000063fc                __multadd
 .text.__hi0bits
                0x0000647c       0x40 d:/softa/lpcxpresso_8.2.2_650/lpcxpresso/tools/bin/../lib/gcc/arm-none-eabi/5.4.1/../../../../arm-none-eabi/lib/armv7-m\libc.a(lib_a-mprec.o)
                0x0000647c                __hi0bits
 .text.__lo0bits
                0x000064bc       0x5c d:/softa/lpcxpresso_8.2.2_650/lpcxpresso/tools/bin/../lib/gcc/arm-none-eabi/5.4.1/../../../../arm-none-eabi/lib/armv7-m\libc.a(lib_a-mprec.o)
                0x000064bc                __lo0bits
 .text.__i2b    0x00006518       0x14 d:/softa/lpcxpresso_8.2.2_650/lpcxpresso/tools/bin/../lib/gcc/arm-none-eabi/5.4.1/../../../../arm-none-eabi/lib/armv7-m\libc.a(lib_a-mprec.o)
                0x00006518                __i2b
 .text.__multiply
                0x0000652c      0x13c d:/softa/lpcxpresso_8.2.2_650/lpcxpresso/tools/bin/../lib/gcc/arm-none-eabi/5.4.1/../../../../arm-none-eabi/lib/armv7-m\libc.a(lib_a-mprec.o)
                0x0000652c                __multiply
 .text.__pow5mult
                0x00006668       0xa0 d:/softa/lpcxpresso_8.2.2_650/lpcxpresso/tools/bin/../lib/gcc/arm-none-eabi/5.4.1/../../../../arm-none-eabi/lib/armv7-m\libc.a(lib_a-mprec.o)
                0x00006668                __pow5mult
 .text.__lshift
                0x00006708       0xac d:/softa/lpcxpresso_8.2.2_650/lpcxpresso/tools/bin/../lib/gcc/arm-none-eabi/5.4.1/../../../../arm-none-eabi/lib/armv7-m\libc.a(lib_a-mprec.o)
                0x00006708                __lshift
 .text.__mcmp   0x000067b4       0x40 d:/softa/lpcxpresso_8.2.2_650/lpcxpresso/tools/bin/../lib/gcc/arm-none-eabi/5.4.1/../../../../arm-none-eabi/lib/armv7-m\libc.a(lib_a-mprec.o)
                0x000067b4                __mcmp
 .text.__mdiff  0x000067f4      0x128 d:/softa/lpcxpresso_8.2.2_650/lpcxpresso/tools/bin/../lib/gcc/arm-none-eabi/5.4.1/../../../../arm-none-eabi/lib/armv7-m\libc.a(lib_a-mprec.o)
                0x000067f4                __mdiff
 .text.__d2b    0x0000691c       0xa8 d:/softa/lpcxpresso_8.2.2_650/lpcxpresso/tools/bin/../lib/gcc/arm-none-eabi/5.4.1/../../../../arm-none-eabi/lib/armv7-m\libc.a(lib_a-mprec.o)
                0x0000691c                __d2b
 .text.__sread  0x000069c4       0x24 d:/softa/lpcxpresso_8.2.2_650/lpcxpresso/tools/bin/../lib/gcc/arm-none-eabi/5.4.1/../../../../arm-none-eabi/lib/armv7-m\libc.a(lib_a-stdio.o)
                0x000069c4                __sread
 .text.__swrite
                0x000069e8       0x3c d:/softa/lpcxpresso_8.2.2_650/lpcxpresso/tools/bin/../lib/gcc/arm-none-eabi/5.4.1/../../../../arm-none-eabi/lib/armv7-m\libc.a(lib_a-stdio.o)
                0x000069e8                __swrite
 .text.__sseek  0x00006a24       0x20 d:/softa/lpcxpresso_8.2.2_650/lpcxpresso/tools/bin/../lib/gcc/arm-none-eabi/5.4.1/../../../../arm-none-eabi/lib/armv7-m\libc.a(lib_a-stdio.o)
                0x00006a24                __sseek
 .text.__sclose
                0x00006a44        0x8 d:/softa/lpcxpresso_8.2.2_650/lpcxpresso/tools/bin/../lib/gcc/arm-none-eabi/5.4.1/../../../../arm-none-eabi/lib/armv7-m\libc.a(lib_a-stdio.o)
                0x00006a44                __sclose
 .text.strlen   0x00006a4c       0x5c d:/softa/lpcxpresso_8.2.2_650/lpcxpresso/tools/bin/../lib/gcc/arm-none-eabi/5.4.1/../../../../arm-none-eabi/lib/armv7-m\libc.a(lib_a-strlen-stub.o)
                0x00006a4c                strlen
 .text.__sprint_r.part.0
                0x00006aa8       0x78 d:/softa/lpcxpresso_8.2.2_650/lpcxpresso/tools/bin/../lib/gcc/arm-none-eabi/5.4.1/../../../../arm-none-eabi/lib/armv7-m\libc.a(lib_a-vfiprintf.o)
 .text.__sprint_r
                0x00006b20       0x14 d:/softa/lpcxpresso_8.2.2_650/lpcxpresso/tools/bin/../lib/gcc/arm-none-eabi/5.4.1/../../../../arm-none-eabi/lib/armv7-m\libc.a(lib_a-vfiprintf.o)
                0x00006b20                __sprint_r
 .text._write_r
                0x00006b34       0x2c d:/softa/lpcxpresso_8.2.2_650/lpcxpresso/tools/bin/../lib/gcc/arm-none-eabi/5.4.1/../../../../arm-none-eabi/lib/armv7-m\libc.a(lib_a-writer.o)
                0x00006b34                _write_r
 .text._calloc_r
                0x00006b60       0x60 d:/softa/lpcxpresso_8.2.2_650/lpcxpresso/tools/bin/../lib/gcc/arm-none-eabi/5.4.1/../../../../arm-none-eabi/lib/armv7-m\libc.a(lib_a-callocr.o)
                0x00006b60                _calloc_r
 .text._close_r
                0x00006bc0       0x24 d:/softa/lpcxpresso_8.2.2_650/lpcxpresso/tools/bin/../lib/gcc/arm-none-eabi/5.4.1/../../../../arm-none-eabi/lib/armv7-m\libc.a(lib_a-closer.o)
                0x00006bc0                _close_r
 .text._fclose_r
                0x00006be4       0x84 d:/softa/lpcxpresso_8.2.2_650/lpcxpresso/tools/bin/../lib/gcc/arm-none-eabi/5.4.1/../../../../arm-none-eabi/lib/armv7-m\libc.a(lib_a-fclose.o)
                0x00006be4                _fclose_r
 .text.__fputwc
                0x00006c68       0x94 d:/softa/lpcxpresso_8.2.2_650/lpcxpresso/tools/bin/../lib/gcc/arm-none-eabi/5.4.1/../../../../arm-none-eabi/lib/armv7-m\libc.a(lib_a-fputwc.o)
                0x00006c68                __fputwc
 .text._fputwc_r
                0x00006cfc       0x24 d:/softa/lpcxpresso_8.2.2_650/lpcxpresso/tools/bin/../lib/gcc/arm-none-eabi/5.4.1/../../../../arm-none-eabi/lib/armv7-m\libc.a(lib_a-fputwc.o)
                0x00006cfc                _fputwc_r
 .text._fstat_r
                0x00006d20       0x28 d:/softa/lpcxpresso_8.2.2_650/lpcxpresso/tools/bin/../lib/gcc/arm-none-eabi/5.4.1/../../../../arm-none-eabi/lib/armv7-m\libc.a(lib_a-fstatr.o)
                0x00006d20                _fstat_r
 .text.__sfvwrite_r
                0x00006d48      0x308 d:/softa/lpcxpresso_8.2.2_650/lpcxpresso/tools/bin/../lib/gcc/arm-none-eabi/5.4.1/../../../../arm-none-eabi/lib/armv7-m\libc.a(lib_a-fvwrite.o)
                0x00006d48                __sfvwrite_r
 .text._isatty_r
                0x00007050       0x24 d:/softa/lpcxpresso_8.2.2_650/lpcxpresso/tools/bin/../lib/gcc/arm-none-eabi/5.4.1/../../../../arm-none-eabi/lib/armv7-m\libc.a(lib_a-isattyr.o)
                0x00007050                _isatty_r
 .text._lseek_r
                0x00007074       0x2c d:/softa/lpcxpresso_8.2.2_650/lpcxpresso/tools/bin/../lib/gcc/arm-none-eabi/5.4.1/../../../../arm-none-eabi/lib/armv7-m\libc.a(lib_a-lseekr.o)
                0x00007074                _lseek_r
 .text.memmove  0x000070a0       0xc8 d:/softa/lpcxpresso_8.2.2_650/lpcxpresso/tools/bin/../lib/gcc/arm-none-eabi/5.4.1/../../../../arm-none-eabi/lib/armv7-m\libc.a(lib_a-memmove.o)
                0x000070a0                memmove
 .text._read_r  0x00007168       0x2c d:/softa/lpcxpresso_8.2.2_650/lpcxpresso/tools/bin/../lib/gcc/arm-none-eabi/5.4.1/../../../../arm-none-eabi/lib/armv7-m\libc.a(lib_a-readr.o)
                0x00007168                _read_r
 .text._realloc_r
                0x00007194      0x3d4 d:/softa/lpcxpresso_8.2.2_650/lpcxpresso/tools/bin/../lib/gcc/arm-none-eabi/5.4.1/../../../../arm-none-eabi/lib/armv7-m\libc.a(lib_a-reallocr.o)
                0x00007194                _realloc_r
 .text.__swbuf_r
                0x00007568       0xac d:/softa/lpcxpresso_8.2.2_650/lpcxpresso/tools/bin/../lib/gcc/arm-none-eabi/5.4.1/../../../../arm-none-eabi/lib/armv7-m\libc.a(lib_a-wbuf.o)
                0x00007568                __swbuf_r
 .text._wcrtomb_r
                0x00007614       0x54 d:/softa/lpcxpresso_8.2.2_650/lpcxpresso/tools/bin/../lib/gcc/arm-none-eabi/5.4.1/../../../../arm-none-eabi/lib/armv7-m\libc.a(lib_a-wcrtomb.o)
                0x00007614                _wcrtomb_r
 .text.__ascii_wctomb
                0x00007668       0x1c d:/softa/lpcxpresso_8.2.2_650/lpcxpresso/tools/bin/../lib/gcc/arm-none-eabi/5.4.1/../../../../arm-none-eabi/lib/armv7-m\libc.a(lib_a-wctomb_r.o)
                0x00007668                __ascii_wctomb
 .text._sbrk    0x00007684       0x3c d:/softa/lpcxpresso_8.2.2_650/lpcxpresso/tools/bin/../lib/gcc/arm-none-eabi/5.4.1/../../../../arm-none-eabi/lib/armv7-m\libcr_newlib_nohost.a(_cr_sbrk.o)
                0x00007684                _sbrk
 .text._close   0x000076c0       0x10 d:/softa/lpcxpresso_8.2.2_650/lpcxpresso/tools/bin/../lib/gcc/arm-none-eabi/5.4.1/../../../../arm-none-eabi/lib/armv7-m\libcr_newlib_nohost.a(close.o)
                0x000076c0                _close
 .text._fstat   0x000076d0       0x10 d:/softa/lpcxpresso_8.2.2_650/lpcxpresso/tools/bin/../lib/gcc/arm-none-eabi/5.4.1/../../../../arm-none-eabi/lib/armv7-m\libcr_newlib_nohost.a(fstat.o)
                0x000076d0                _fstat
 .text._isatty  0x000076e0       0x10 d:/softa/lpcxpresso_8.2.2_650/lpcxpresso/tools/bin/../lib/gcc/arm-none-eabi/5.4.1/../../../../arm-none-eabi/lib/armv7-m\libcr_newlib_nohost.a(isatty.o)
                0x000076e0                _isatty
 .text._lseek   0x000076f0       0x10 d:/softa/lpcxpresso_8.2.2_650/lpcxpresso/tools/bin/../lib/gcc/arm-none-eabi/5.4.1/../../../../arm-none-eabi/lib/armv7-m\libcr_newlib_nohost.a(lseek.o)
                0x000076f0                _lseek
 .text.__check_heap_overflow
                0x00007700       0x18 d:/softa/lpcxpresso_8.2.2_650/lpcxpresso/tools/bin/../lib/gcc/arm-none-eabi/5.4.1/../../../../arm-none-eabi/lib/armv7-m\libcr_newlib_nohost.a(_cr_check_heap.o)
                0x00007700                __check_heap_overflow
 .text          0x00007718       0x5c d:/softa/lpcxpresso_8.2.2_650/lpcxpresso/tools/bin/../lib/gcc/arm-none-eabi/5.4.1/armv7-m\crtbegin.o
 .text          0x00007774      0x370 d:/softa/lpcxpresso_8.2.2_650/lpcxpresso/tools/bin/../lib/gcc/arm-none-eabi/5.4.1/armv7-m\libgcc.a(_arm_addsubdf3.o)
                0x00007774                __aeabi_drsub
                0x0000777c                __aeabi_dsub
                0x0000777c                __subdf3
                0x00007780                __aeabi_dadd
                0x00007780                __adddf3
                0x000079f8                __floatunsidf
                0x000079f8                __aeabi_ui2d
                0x00007a18                __floatsidf
                0x00007a18                __aeabi_i2d
                0x00007a3c                __aeabi_f2d
                0x00007a3c                __extendsfdf2
                0x00007a78                __floatundidf
                0x00007a78                __aeabi_ul2d
                0x00007a88                __floatdidf
                0x00007a88                __aeabi_l2d
 .text          0x00007ae4      0x424 d:/softa/lpcxpresso_8.2.2_650/lpcxpresso/tools/bin/../lib/gcc/arm-none-eabi/5.4.1/armv7-m\libgcc.a(_arm_muldivdf3.o)
                0x00007ae4                __aeabi_dmul
                0x00007ae4                __muldf3
                0x00007d38                __divdf3
                0x00007d38                __aeabi_ddiv
 .text          0x00007f08      0x110 d:/softa/lpcxpresso_8.2.2_650/lpcxpresso/tools/bin/../lib/gcc/arm-none-eabi/5.4.1/armv7-m\libgcc.a(_arm_cmpdf2.o)
                0x00007f08                __gtdf2
                0x00007f08                __gedf2
                0x00007f10                __ltdf2
                0x00007f10                __ledf2
                0x00007f18                __nedf2
                0x00007f18                __eqdf2
                0x00007f18                __cmpdf2
                0x00007f94                __aeabi_cdrcmple
                0x00007fa4                __aeabi_cdcmpeq
                0x00007fa4                __aeabi_cdcmple
                0x00007fb4                __aeabi_dcmpeq
                0x00007fc8                __aeabi_dcmplt
                0x00007fdc                __aeabi_dcmple
                0x00007ff0                __aeabi_dcmpge
                0x00008004                __aeabi_dcmpgt
 .text          0x00008018       0x2c d:/softa/lpcxpresso_8.2.2_650/lpcxpresso/tools/bin/../lib/gcc/arm-none-eabi/5.4.1/armv7-m\libgcc.a(_arm_unorddf2.o)
                0x00008018                __unorddf2
                0x00008018                __aeabi_dcmpun
 .text          0x00008044       0x50 d:/softa/lpcxpresso_8.2.2_650/lpcxpresso/tools/bin/../lib/gcc/arm-none-eabi/5.4.1/armv7-m\libgcc.a(_arm_fixdfsi.o)
                0x00008044                __aeabi_d2iz
                0x00008044                __fixdfsi
 .text.__errno  0x00008094        0xc d:/softa/lpcxpresso_8.2.2_650/lpcxpresso/tools/bin/../lib/gcc/arm-none-eabi/5.4.1/../../../../arm-none-eabi/lib/armv7-m\libc.a(lib_a-errno.o)
                0x00008094                __errno
 *(.rodata .rodata.* .constdata .constdata.*)
 .rodata._ZTV10SerialPort
                0x000080a0       0x10 ./src/SerialPort.o
                0x000080a0                vtable for SerialPort
 .rodata        0x000080b0       0x2a ./src/uart_test.o
 *fill*         0x000080da        0x2 ff
 .rodata.OscRateIn
                0x000080dc        0x4 C:\Users\Tommi\Documents\LPCXpresso_8.2.2_650\workspace\lpc_board_nxp_lpcxpresso_1549\Debug\liblpc_board_nxp_lpcxpresso_1549.a(board.o)
                0x000080dc                OscRateIn
 .rodata.RTCOscRateIn
                0x000080e0        0x4 C:\Users\Tommi\Documents\LPCXpresso_8.2.2_650\workspace\lpc_board_nxp_lpcxpresso_1549\Debug\liblpc_board_nxp_lpcxpresso_1549.a(board.o)
                0x000080e0                RTCOscRateIn
 .rodata.ledpins
                0x000080e4        0x3 C:\Users\Tommi\Documents\LPCXpresso_8.2.2_650\workspace\lpc_board_nxp_lpcxpresso_1549\Debug\liblpc_board_nxp_lpcxpresso_1549.a(board.o)
 *fill*         0x000080e7        0x1 ff
 .rodata.ledports
                0x000080e8        0x3 C:\Users\Tommi\Documents\LPCXpresso_8.2.2_650\workspace\lpc_board_nxp_lpcxpresso_1549\Debug\liblpc_board_nxp_lpcxpresso_1549.a(board.o)
 *fill*         0x000080eb        0x1 ff
 .rodata.ioconSetup
                0x000080ec       0x74 C:\Users\Tommi\Documents\LPCXpresso_8.2.2_650\workspace\lpc_board_nxp_lpcxpresso_1549\Debug\liblpc_board_nxp_lpcxpresso_1549.a(board_sysinit.o)
 .rodata.swmSetup
                0x00008160        0x6 C:\Users\Tommi\Documents\LPCXpresso_8.2.2_650\workspace\lpc_board_nxp_lpcxpresso_1549\Debug\liblpc_board_nxp_lpcxpresso_1549.a(board_sysinit.o)
 *fill*         0x00008166        0x2 ff
 .rodata.blanks.7070
                0x00008168       0x10 d:/softa/lpcxpresso_8.2.2_650/lpcxpresso/tools/bin/../lib/gcc/arm-none-eabi/5.4.1/../../../../arm-none-eabi/lib/armv7-m\libc.a(lib_a-vfprintf.o)
 .rodata.str1.4
                0x00008178       0x42 d:/softa/lpcxpresso_8.2.2_650/lpcxpresso/tools/bin/../lib/gcc/arm-none-eabi/5.4.1/../../../../arm-none-eabi/lib/armv7-m\libc.a(lib_a-vfprintf.o)
 *fill*         0x000081ba        0x2 ff
 .rodata.zeroes.7071
                0x000081bc       0x10 d:/softa/lpcxpresso_8.2.2_650/lpcxpresso/tools/bin/../lib/gcc/arm-none-eabi/5.4.1/../../../../arm-none-eabi/lib/armv7-m\libc.a(lib_a-vfprintf.o)
 .rodata.str1.4
                0x000081cc       0x10 d:/softa/lpcxpresso_8.2.2_650/lpcxpresso/tools/bin/../lib/gcc/arm-none-eabi/5.4.1/../../../../arm-none-eabi/lib/armv7-m\libc.a(lib_a-dtoa.o)
                                 0x12 (size before relaxing)
 .rodata.str1.4
                0x000081dc        0x2 d:/softa/lpcxpresso_8.2.2_650/lpcxpresso/tools/bin/../lib/gcc/arm-none-eabi/5.4.1/../../../../arm-none-eabi/lib/armv7-m\libc.a(lib_a-impure.o)
 *fill*         0x000081de        0x2 ff
 .rodata.str1.4
                0x000081e0        0xc d:/softa/lpcxpresso_8.2.2_650/lpcxpresso/tools/bin/../lib/gcc/arm-none-eabi/5.4.1/../../../../arm-none-eabi/lib/armv7-m\libc.a(lib_a-locale.o)
                                 0x12 (size before relaxing)
 *fill*         0x000081ec        0x4 ff
 .rodata.__mprec_tens
                0x000081f0       0xc8 d:/softa/lpcxpresso_8.2.2_650/lpcxpresso/tools/bin/../lib/gcc/arm-none-eabi/5.4.1/../../../../arm-none-eabi/lib/armv7-m\libc.a(lib_a-mprec.o)
                0x000081f0                __mprec_tens
 .rodata.__mprec_bigtens
                0x000082b8       0x28 d:/softa/lpcxpresso_8.2.2_650/lpcxpresso/tools/bin/../lib/gcc/arm-none-eabi/5.4.1/../../../../arm-none-eabi/lib/armv7-m\libc.a(lib_a-mprec.o)
                0x000082b8                __mprec_bigtens
 .rodata.p05.5396
                0x000082e0        0xc d:/softa/lpcxpresso_8.2.2_650/lpcxpresso/tools/bin/../lib/gcc/arm-none-eabi/5.4.1/../../../../arm-none-eabi/lib/armv7-m\libc.a(lib_a-mprec.o)
                0x000082ec                . = ALIGN (0x4)
                0x000082ec                . = ALIGN (0x4)
 *(.init)
 .init          0x000082ec        0x4 d:/softa/lpcxpresso_8.2.2_650/lpcxpresso/tools/bin/../lib/gcc/arm-none-eabi/5.4.1/armv7-m\crti.o
                0x000082ec                _init
 .init          0x000082f0        0x8 d:/softa/lpcxpresso_8.2.2_650/lpcxpresso/tools/bin/../lib/gcc/arm-none-eabi/5.4.1/armv7-m\crtn.o
                0x000082f8                . = ALIGN (0x4)
                0x000082f8                __preinit_array_start = .
 *(.preinit_array)
                0x000082f8                __preinit_array_end = .
                0x000082f8                . = ALIGN (0x4)
                0x000082f8                __init_array_start = .
 *(SORT(.init_array.*))
 *(.init_array)
 .init_array    0x000082f8        0x4 d:/softa/lpcxpresso_8.2.2_650/lpcxpresso/tools/bin/../lib/gcc/arm-none-eabi/5.4.1/armv7-m\crtbegin.o
                0x000082fc                __init_array_end = .
 *(.fini)
 .fini          0x000082fc        0x4 d:/softa/lpcxpresso_8.2.2_650/lpcxpresso/tools/bin/../lib/gcc/arm-none-eabi/5.4.1/armv7-m\crti.o
                0x000082fc                _fini
 .fini          0x00008300        0x8 d:/softa/lpcxpresso_8.2.2_650/lpcxpresso/tools/bin/../lib/gcc/arm-none-eabi/5.4.1/armv7-m\crtn.o
                0x00008308                . = ALIGN (0x4)
 *crtbegin.o(.ctors)
 *(EXCLUDE_FILE(*crtend.o) .ctors)
 *(SORT(.ctors.*))
 *crtend.o(.ctors)
                0x00008308                . = ALIGN (0x4)
 *crtbegin.o(.dtors)
 *(EXCLUDE_FILE(*crtend.o) .dtors)
 *(SORT(.dtors.*))
 *crtend.o(.dtors)
                0x00008308                . = ALIGN (0x4)

.glue_7         0x00008308        0x0
 .glue_7        0x00008308        0x0 linker stubs

.glue_7t        0x00008308        0x0
 .glue_7t       0x00008308        0x0 linker stubs

.vfp11_veneer   0x00008308        0x0
 .vfp11_veneer  0x00008308        0x0 linker stubs

.v4_bx          0x00008308        0x0
 .v4_bx         0x00008308        0x0 linker stubs

.iplt           0x00008308        0x0
 .iplt          0x00008308        0x0 ./src/ModbusMaster.o

.ARM.extab
 *(.ARM.extab* .gnu.linkonce.armextab.*)
                0x00008308                __exidx_start = .

.ARM.exidx      0x00008308        0x8
 *(.ARM.exidx* .gnu.linkonce.armexidx.*)
 .ARM.exidx     0x00008308        0x8 d:/softa/lpcxpresso_8.2.2_650/lpcxpresso/tools/bin/../lib/gcc/arm-none-eabi/5.4.1/armv7-m\libgcc.a(_udivmoddi4.o)
                0x00008310                __exidx_end = .
                0x00008310                _etext = .

.rel.dyn        0x00008310        0x0
 .rel.iplt      0x00008310        0x0 ./src/ModbusMaster.o

.eh_frame       0x00008310        0x0
 .eh_frame      0x00008310        0x0 d:/softa/lpcxpresso_8.2.2_650/lpcxpresso/tools/bin/../lib/gcc/arm-none-eabi/5.4.1/armv7-m\crtbegin.o

.data_RAM2      0x02004000        0x0 load address 0x00008310
 FILL mask 0xff
                [!provide]                PROVIDE (__start_data_RAM2, .)
 *(.ramfunc.$RAM2)
 *(.ramfunc.$Ram1_16)
 *(.data.$RAM2*)
 *(.data.$Ram1_16*)
                0x02004000                . = ALIGN (0x4)
                [!provide]                PROVIDE (__end_data_RAM2, .)

.data_RAM3      0x02008000        0x0 load address 0x00008310
 FILL mask 0xff
                [!provide]                PROVIDE (__start_data_RAM3, .)
 *(.ramfunc.$RAM3)
 *(.ramfunc.$Ram2_4)
 *(.data.$RAM3*)
 *(.data.$Ram2_4*)
                0x02008000                . = ALIGN (0x4)
                [!provide]                PROVIDE (__end_data_RAM3, .)

.uninit_RESERVED
                0x02000000        0x0
 *(.bss.$RESERVED*)
                0x02000000                . = ALIGN (0x4)
                0x02000000                _end_uninit_RESERVED = .

.data           0x02000000      0x8a4 load address 0x00008310
 FILL mask 0xff
                0x02000000                _data = .
 *(vtable)
 *(.ramfunc*)
 *(.data*)
 .data.ITM_RxBuffer
                0x02000000        0x4 ./src/retarget_itm.o
                0x02000000                ITM_RxBuffer
 .data.__malloc_av_
                0x02000004      0x408 d:/softa/lpcxpresso_8.2.2_650/lpcxpresso/tools/bin/../lib/gcc/arm-none-eabi/5.4.1/../../../../arm-none-eabi/lib/armv7-m\libc.a(lib_a-mallocr.o)
                0x02000004                __malloc_av_
 .data.__malloc_trim_threshold
                0x0200040c        0x4 d:/softa/lpcxpresso_8.2.2_650/lpcxpresso/tools/bin/../lib/gcc/arm-none-eabi/5.4.1/../../../../arm-none-eabi/lib/armv7-m\libc.a(lib_a-mallocr.o)
                0x0200040c                __malloc_trim_threshold
 .data.__malloc_sbrk_base
                0x02000410        0x4 d:/softa/lpcxpresso_8.2.2_650/lpcxpresso/tools/bin/../lib/gcc/arm-none-eabi/5.4.1/../../../../arm-none-eabi/lib/armv7-m\libc.a(lib_a-mallocr.o)
                0x02000410                __malloc_sbrk_base
 *fill*         0x02000414        0x4 ff
 .data.impure_data
                0x02000418      0x428 d:/softa/lpcxpresso_8.2.2_650/lpcxpresso/tools/bin/../lib/gcc/arm-none-eabi/5.4.1/../../../../arm-none-eabi/lib/armv7-m\libc.a(lib_a-impure.o)
 .data._impure_ptr
                0x02000840        0x4 d:/softa/lpcxpresso_8.2.2_650/lpcxpresso/tools/bin/../lib/gcc/arm-none-eabi/5.4.1/../../../../arm-none-eabi/lib/armv7-m\libc.a(lib_a-impure.o)
                0x02000840                _impure_ptr
 .data.lconv    0x02000844       0x38 d:/softa/lpcxpresso_8.2.2_650/lpcxpresso/tools/bin/../lib/gcc/arm-none-eabi/5.4.1/../../../../arm-none-eabi/lib/armv7-m\libc.a(lib_a-locale.o)
 .data.lc_ctype_charset
                0x0200087c       0x20 d:/softa/lpcxpresso_8.2.2_650/lpcxpresso/tools/bin/../lib/gcc/arm-none-eabi/5.4.1/../../../../arm-none-eabi/lib/armv7-m\libc.a(lib_a-locale.o)
 .data.__mb_cur_max
                0x0200089c        0x4 d:/softa/lpcxpresso_8.2.2_650/lpcxpresso/tools/bin/../lib/gcc/arm-none-eabi/5.4.1/../../../../arm-none-eabi/lib/armv7-m\libc.a(lib_a-locale.o)
                0x0200089c                __mb_cur_max
 .data.__wctomb
                0x020008a0        0x4 d:/softa/lpcxpresso_8.2.2_650/lpcxpresso/tools/bin/../lib/gcc/arm-none-eabi/5.4.1/../../../../arm-none-eabi/lib/armv7-m\libc.a(lib_a-wctomb_r.o)
                0x020008a0                __wctomb
                0x020008a4                . = ALIGN (0x4)
                0x020008a4                _edata = .

.igot.plt       0x020008a4        0x0 load address 0x00008bb4
 .igot.plt      0x020008a4        0x0 ./src/ModbusMaster.o

.jcr            0x020008a4        0x0 load address 0x00008bb4
 .jcr           0x020008a4        0x0 d:/softa/lpcxpresso_8.2.2_650/lpcxpresso/tools/bin/../lib/gcc/arm-none-eabi/5.4.1/armv7-m\crtbegin.o

.bss_RAM2       0x02004000        0x0
                [!provide]                PROVIDE (__start_bss_RAM2, .)
 *(.bss.$RAM2*)
 *(.bss.$Ram1_16*)
                0x02004000                . = ALIGN ((. != 0x0)?0x4:0x1)
                [!provide]                PROVIDE (__end_bss_RAM2, .)

.bss_RAM3       0x02008000        0x0
                [!provide]                PROVIDE (__start_bss_RAM3, .)
 *(.bss.$RAM3*)
 *(.bss.$Ram2_4*)
                0x02008000                . = ALIGN ((. != 0x0)?0x4:0x1)
                [!provide]                PROVIDE (__end_bss_RAM3, .)

.bss            0x020008a4       0x70
                0x020008a4                _bss = .
 *(.bss*)
 .bss._ZL7rxring1
                0x020008a4        0x4 ./src/SerialPort.o
 .bss._ZL7txring1
                0x020008a8        0x4 ./src/SerialPort.o
 .bss._ZL7counter
                0x020008ac        0x4 ./src/uart_test.o
 .bss._ZL8systicks
                0x020008b0        0x4 ./src/uart_test.o
 .bss._ZZ4mainE1i
                0x020008b4        0x4 ./src/uart_test.o
 .bss.__malloc_max_total_mem
                0x020008b8        0x4 d:/softa/lpcxpresso_8.2.2_650/lpcxpresso/tools/bin/../lib/gcc/arm-none-eabi/5.4.1/../../../../arm-none-eabi/lib/armv7-m\libc.a(lib_a-mallocr.o)
                0x020008b8                __malloc_max_total_mem
 .bss.__malloc_max_sbrked_mem
                0x020008bc        0x4 d:/softa/lpcxpresso_8.2.2_650/lpcxpresso/tools/bin/../lib/gcc/arm-none-eabi/5.4.1/../../../../arm-none-eabi/lib/armv7-m\libc.a(lib_a-mallocr.o)
                0x020008bc                __malloc_max_sbrked_mem
 .bss.__malloc_top_pad
                0x020008c0        0x4 d:/softa/lpcxpresso_8.2.2_650/lpcxpresso/tools/bin/../lib/gcc/arm-none-eabi/5.4.1/../../../../arm-none-eabi/lib/armv7-m\libc.a(lib_a-mallocr.o)
                0x020008c0                __malloc_top_pad
 .bss.__malloc_current_mallinfo
                0x020008c4       0x28 d:/softa/lpcxpresso_8.2.2_650/lpcxpresso/tools/bin/../lib/gcc/arm-none-eabi/5.4.1/../../../../arm-none-eabi/lib/armv7-m\libc.a(lib_a-mallocr.o)
                0x020008c4                __malloc_current_mallinfo
 .bss.__end_of_heap
                0x020008ec        0x4 d:/softa/lpcxpresso_8.2.2_650/lpcxpresso/tools/bin/../lib/gcc/arm-none-eabi/5.4.1/../../../../arm-none-eabi/lib/armv7-m\libcr_newlib_nohost.a(_cr_sbrk.o)
                0x020008ec                __end_of_heap
 .bss           0x020008f0       0x1c d:/softa/lpcxpresso_8.2.2_650/lpcxpresso/tools/bin/../lib/gcc/arm-none-eabi/5.4.1/armv7-m\crtbegin.o
 *(COMMON)
 COMMON         0x0200090c        0x4 C:\Users\Tommi\Documents\LPCXpresso_8.2.2_650\workspace\lpc_chip_15xx\Debug\liblpc_chip_15xx.a(chip_15xx.o)
                0x0200090c                SystemCoreClock
 COMMON         0x02000910        0x4 d:/softa/lpcxpresso_8.2.2_650/lpcxpresso/tools/bin/../lib/gcc/arm-none-eabi/5.4.1/../../../../arm-none-eabi/lib/armv7-m\libc.a(lib_a-reent.o)
                0x02000910                errno
                0x02000914                . = ALIGN (0x4)
                0x02000914                _ebss = .
                [!provide]                PROVIDE (end, .)

.noinit_RAM2    0x02004000        0x0
 *(.noinit.$RAM2*)
 *(.noinit.$Ram1_16*)
                0x02004000                . = ALIGN (0x4)

.noinit_RAM3    0x02008000        0x0
 *(.noinit.$RAM3*)
 *(.noinit.$Ram2_4*)
                0x02008000                . = ALIGN (0x4)

.noinit         0x02000914        0x0
                0x02000914                _noinit = .
 *(.noinit*)
                0x02000914                . = ALIGN (0x4)
                0x02000914                _end_noinit = .
                0x02000914                PROVIDE (_pvHeapStart, DEFINED (__user_heap_base)?__user_heap_base:.)
                0x02004000                PROVIDE (_vStackTop, DEFINED (__user_stack_top)?__user_stack_top:(__top_Ram0_16 - 0x0))
                0xfdffb2b6                PROVIDE (__valid_user_code_checksum, (0x0 - ((((((_vStackTop + (ResetISR + 0x1)) + (NMI_Handler + 0x1)) + (HardFault_Handler + 0x1)) + (DEFINED (MemManage_Handler)?MemManage_Handler:0x0 + 0x1)) + (DEFINED (BusFault_Handler)?BusFault_Handler:0x0 + 0x1)) + (DEFINED (UsageFault_Handler)?UsageFault_Handler:0x0 + 0x1))))
OUTPUT(uart_test.axf elf32-littlearm)

.debug_info     0x00000000     0xa29c
 .debug_info    0x00000000     0x11d3 ./src/ModbusMaster.o
 .debug_info    0x000011d3      0xced ./src/SerialPort.o
 .debug_info    0x00001ec0      0x1aa ./src/cr_cpp_config.o
 .debug_info    0x0000206a      0x281 ./src/cr_startup_lpc15xx.o
 .debug_info    0x000022eb      0x18f ./src/retarget_itm.o
 .debug_info    0x0000247a       0xee ./src/sysinit.o
 .debug_info    0x00002568     0x2092 ./src/uart_test.o
 .debug_info    0x000045fa      0xaa8 C:\Users\Tommi\Documents\LPCXpresso_8.2.2_650\workspace\lpc_board_nxp_lpcxpresso_1549\Debug\liblpc_board_nxp_lpcxpresso_1549.a(board.o)
 .debug_info    0x000050a2      0xc90 C:\Users\Tommi\Documents\LPCXpresso_8.2.2_650\workspace\lpc_board_nxp_lpcxpresso_1549\Debug\liblpc_board_nxp_lpcxpresso_1549.a(board_sysinit.o)
 .debug_info    0x00005d32      0x98d C:\Users\Tommi\Documents\LPCXpresso_8.2.2_650\workspace\lpc_chip_15xx\Debug\liblpc_chip_15xx.a(chip_15xx.o)
 .debug_info    0x000066bf      0xd3e C:\Users\Tommi\Documents\LPCXpresso_8.2.2_650\workspace\lpc_chip_15xx\Debug\liblpc_chip_15xx.a(clock_15xx.o)
 .debug_info    0x000073fd      0x624 C:\Users\Tommi\Documents\LPCXpresso_8.2.2_650\workspace\lpc_chip_15xx\Debug\liblpc_chip_15xx.a(gpio_15xx.o)
 .debug_info    0x00007a21      0x1f9 C:\Users\Tommi\Documents\LPCXpresso_8.2.2_650\workspace\lpc_chip_15xx\Debug\liblpc_chip_15xx.a(iocon_15xx.o)
 .debug_info    0x00007c1a      0x344 C:\Users\Tommi\Documents\LPCXpresso_8.2.2_650\workspace\lpc_chip_15xx\Debug\liblpc_chip_15xx.a(ring_buffer.o)
 .debug_info    0x00007f5e      0x5ea C:\Users\Tommi\Documents\LPCXpresso_8.2.2_650\workspace\lpc_chip_15xx\Debug\liblpc_chip_15xx.a(swm_15xx.o)
 .debug_info    0x00008548      0x74c C:\Users\Tommi\Documents\LPCXpresso_8.2.2_650\workspace\lpc_chip_15xx\Debug\liblpc_chip_15xx.a(sysctl_15xx.o)
 .debug_info    0x00008c94      0x738 C:\Users\Tommi\Documents\LPCXpresso_8.2.2_650\workspace\lpc_chip_15xx\Debug\liblpc_chip_15xx.a(sysinit_15xx.o)
 .debug_info    0x000093cc      0x8d3 C:\Users\Tommi\Documents\LPCXpresso_8.2.2_650\workspace\lpc_chip_15xx\Debug\liblpc_chip_15xx.a(uart_15xx.o)
 .debug_info    0x00009c9f      0x124 d:/softa/lpcxpresso_8.2.2_650/lpcxpresso/tools/bin/../lib/gcc/arm-none-eabi/5.4.1/../../../../arm-none-eabi/lib/armv7-m\libcr_newlib_nohost.a(_cr_sbrk.o)
 .debug_info    0x00009dc3       0xb5 d:/softa/lpcxpresso_8.2.2_650/lpcxpresso/tools/bin/../lib/gcc/arm-none-eabi/5.4.1/../../../../arm-none-eabi/lib/armv7-m\libcr_newlib_nohost.a(close.o)
 .debug_info    0x00009e78      0x234 d:/softa/lpcxpresso_8.2.2_650/lpcxpresso/tools/bin/../lib/gcc/arm-none-eabi/5.4.1/../../../../arm-none-eabi/lib/armv7-m\libcr_newlib_nohost.a(fstat.o)
 .debug_info    0x0000a0ac       0xb5 d:/softa/lpcxpresso_8.2.2_650/lpcxpresso/tools/bin/../lib/gcc/arm-none-eabi/5.4.1/../../../../arm-none-eabi/lib/armv7-m\libcr_newlib_nohost.a(isatty.o)
 .debug_info    0x0000a161       0xd1 d:/softa/lpcxpresso_8.2.2_650/lpcxpresso/tools/bin/../lib/gcc/arm-none-eabi/5.4.1/../../../../arm-none-eabi/lib/armv7-m\libcr_newlib_nohost.a(lseek.o)
 .debug_info    0x0000a232       0x6a d:/softa/lpcxpresso_8.2.2_650/lpcxpresso/tools/bin/../lib/gcc/arm-none-eabi/5.4.1/../../../../arm-none-eabi/lib/armv7-m\libcr_newlib_nohost.a(_cr_check_heap.o)

.debug_abbrev   0x00000000     0x22f3
 .debug_abbrev  0x00000000      0x30e ./src/ModbusMaster.o
 .debug_abbrev  0x0000030e      0x34a ./src/SerialPort.o
 .debug_abbrev  0x00000658       0xf4 ./src/cr_cpp_config.o
 .debug_abbrev  0x0000074c       0xe7 ./src/cr_startup_lpc15xx.o
 .debug_abbrev  0x00000833       0xad ./src/retarget_itm.o
 .debug_abbrev  0x000008e0       0x82 ./src/sysinit.o
 .debug_abbrev  0x00000962      0x45e ./src/uart_test.o
 .debug_abbrev  0x00000dc0      0x20e C:\Users\Tommi\Documents\LPCXpresso_8.2.2_650\workspace\lpc_board_nxp_lpcxpresso_1549\Debug\liblpc_board_nxp_lpcxpresso_1549.a(board.o)
 .debug_abbrev  0x00000fce      0x208 C:\Users\Tommi\Documents\LPCXpresso_8.2.2_650\workspace\lpc_board_nxp_lpcxpresso_1549\Debug\liblpc_board_nxp_lpcxpresso_1549.a(board_sysinit.o)
 .debug_abbrev  0x000011d6      0x1b3 C:\Users\Tommi\Documents\LPCXpresso_8.2.2_650\workspace\lpc_chip_15xx\Debug\liblpc_chip_15xx.a(chip_15xx.o)
 .debug_abbrev  0x00001389      0x285 C:\Users\Tommi\Documents\LPCXpresso_8.2.2_650\workspace\lpc_chip_15xx\Debug\liblpc_chip_15xx.a(clock_15xx.o)
 .debug_abbrev  0x0000160e      0x16a C:\Users\Tommi\Documents\LPCXpresso_8.2.2_650\workspace\lpc_chip_15xx\Debug\liblpc_chip_15xx.a(gpio_15xx.o)
 .debug_abbrev  0x00001778      0x137 C:\Users\Tommi\Documents\LPCXpresso_8.2.2_650\workspace\lpc_chip_15xx\Debug\liblpc_chip_15xx.a(iocon_15xx.o)
 .debug_abbrev  0x000018af      0x12d C:\Users\Tommi\Documents\LPCXpresso_8.2.2_650\workspace\lpc_chip_15xx\Debug\liblpc_chip_15xx.a(ring_buffer.o)
 .debug_abbrev  0x000019dc      0x13e C:\Users\Tommi\Documents\LPCXpresso_8.2.2_650\workspace\lpc_chip_15xx\Debug\liblpc_chip_15xx.a(swm_15xx.o)
 .debug_abbrev  0x00001b1a      0x12b C:\Users\Tommi\Documents\LPCXpresso_8.2.2_650\workspace\lpc_chip_15xx\Debug\liblpc_chip_15xx.a(sysctl_15xx.o)
 .debug_abbrev  0x00001c45      0x18c C:\Users\Tommi\Documents\LPCXpresso_8.2.2_650\workspace\lpc_chip_15xx\Debug\liblpc_chip_15xx.a(sysinit_15xx.o)
 .debug_abbrev  0x00001dd1      0x1e6 C:\Users\Tommi\Documents\LPCXpresso_8.2.2_650\workspace\lpc_chip_15xx\Debug\liblpc_chip_15xx.a(uart_15xx.o)
 .debug_abbrev  0x00001fb7       0xcf d:/softa/lpcxpresso_8.2.2_650/lpcxpresso/tools/bin/../lib/gcc/arm-none-eabi/5.4.1/../../../../arm-none-eabi/lib/armv7-m\libcr_newlib_nohost.a(_cr_sbrk.o)
 .debug_abbrev  0x00002086       0x66 d:/softa/lpcxpresso_8.2.2_650/lpcxpresso/tools/bin/../lib/gcc/arm-none-eabi/5.4.1/../../../../arm-none-eabi/lib/armv7-m\libcr_newlib_nohost.a(close.o)
 .debug_abbrev  0x000020ec       0xbb d:/softa/lpcxpresso_8.2.2_650/lpcxpresso/tools/bin/../lib/gcc/arm-none-eabi/5.4.1/../../../../arm-none-eabi/lib/armv7-m\libcr_newlib_nohost.a(fstat.o)
 .debug_abbrev  0x000021a7       0x66 d:/softa/lpcxpresso_8.2.2_650/lpcxpresso/tools/bin/../lib/gcc/arm-none-eabi/5.4.1/../../../../arm-none-eabi/lib/armv7-m\libcr_newlib_nohost.a(isatty.o)
 .debug_abbrev  0x0000220d       0x84 d:/softa/lpcxpresso_8.2.2_650/lpcxpresso/tools/bin/../lib/gcc/arm-none-eabi/5.4.1/../../../../arm-none-eabi/lib/armv7-m\libcr_newlib_nohost.a(lseek.o)
 .debug_abbrev  0x00002291       0x62 d:/softa/lpcxpresso_8.2.2_650/lpcxpresso/tools/bin/../lib/gcc/arm-none-eabi/5.4.1/../../../../arm-none-eabi/lib/armv7-m\libcr_newlib_nohost.a(_cr_check_heap.o)

.debug_aranges  0x00000000      0x988
 .debug_aranges
                0x00000000      0x160 ./src/ModbusMaster.o
 .debug_aranges
                0x00000160       0xb8 ./src/SerialPort.o
 .debug_aranges
                0x00000218       0x48 ./src/cr_cpp_config.o
 .debug_aranges
                0x00000260       0x80 ./src/cr_startup_lpc15xx.o
 .debug_aranges
                0x000002e0       0x28 ./src/retarget_itm.o
 .debug_aranges
                0x00000308       0x20 ./src/sysinit.o
 .debug_aranges
                0x00000328       0x50 ./src/uart_test.o
 .debug_aranges
                0x00000378       0xd0 C:\Users\Tommi\Documents\LPCXpresso_8.2.2_650\workspace\lpc_board_nxp_lpcxpresso_1549\Debug\liblpc_board_nxp_lpcxpresso_1549.a(board.o)
 .debug_aranges
                0x00000448       0x60 C:\Users\Tommi\Documents\LPCXpresso_8.2.2_650\workspace\lpc_board_nxp_lpcxpresso_1549\Debug\liblpc_board_nxp_lpcxpresso_1549.a(board_sysinit.o)
 .debug_aranges
                0x000004a8       0x50 C:\Users\Tommi\Documents\LPCXpresso_8.2.2_650\workspace\lpc_chip_15xx\Debug\liblpc_chip_15xx.a(chip_15xx.o)
 .debug_aranges
                0x000004f8      0x128 C:\Users\Tommi\Documents\LPCXpresso_8.2.2_650\workspace\lpc_chip_15xx\Debug\liblpc_chip_15xx.a(clock_15xx.o)
 .debug_aranges
                0x00000620       0x70 C:\Users\Tommi\Documents\LPCXpresso_8.2.2_650\workspace\lpc_chip_15xx\Debug\liblpc_chip_15xx.a(gpio_15xx.o)
 .debug_aranges
                0x00000690       0x28 C:\Users\Tommi\Documents\LPCXpresso_8.2.2_650\workspace\lpc_chip_15xx\Debug\liblpc_chip_15xx.a(iocon_15xx.o)
 .debug_aranges
                0x000006b8       0x60 C:\Users\Tommi\Documents\LPCXpresso_8.2.2_650\workspace\lpc_chip_15xx\Debug\liblpc_chip_15xx.a(ring_buffer.o)
 .debug_aranges
                0x00000718       0x40 C:\Users\Tommi\Documents\LPCXpresso_8.2.2_650\workspace\lpc_chip_15xx\Debug\liblpc_chip_15xx.a(swm_15xx.o)
 .debug_aranges
                0x00000758       0x50 C:\Users\Tommi\Documents\LPCXpresso_8.2.2_650\workspace\lpc_chip_15xx\Debug\liblpc_chip_15xx.a(sysctl_15xx.o)
 .debug_aranges
                0x000007a8       0x58 C:\Users\Tommi\Documents\LPCXpresso_8.2.2_650\workspace\lpc_chip_15xx\Debug\liblpc_chip_15xx.a(sysinit_15xx.o)
 .debug_aranges
                0x00000800       0xc8 C:\Users\Tommi\Documents\LPCXpresso_8.2.2_650\workspace\lpc_chip_15xx\Debug\liblpc_chip_15xx.a(uart_15xx.o)
 .debug_aranges
                0x000008c8       0x20 d:/softa/lpcxpresso_8.2.2_650/lpcxpresso/tools/bin/../lib/gcc/arm-none-eabi/5.4.1/../../../../arm-none-eabi/lib/armv7-m\libcr_newlib_nohost.a(_cr_sbrk.o)
 .debug_aranges
                0x000008e8       0x20 d:/softa/lpcxpresso_8.2.2_650/lpcxpresso/tools/bin/../lib/gcc/arm-none-eabi/5.4.1/../../../../arm-none-eabi/lib/armv7-m\libcr_newlib_nohost.a(close.o)
 .debug_aranges
                0x00000908       0x20 d:/softa/lpcxpresso_8.2.2_650/lpcxpresso/tools/bin/../lib/gcc/arm-none-eabi/5.4.1/../../../../arm-none-eabi/lib/armv7-m\libcr_newlib_nohost.a(fstat.o)
 .debug_aranges
                0x00000928       0x20 d:/softa/lpcxpresso_8.2.2_650/lpcxpresso/tools/bin/../lib/gcc/arm-none-eabi/5.4.1/../../../../arm-none-eabi/lib/armv7-m\libcr_newlib_nohost.a(isatty.o)
 .debug_aranges
                0x00000948       0x20 d:/softa/lpcxpresso_8.2.2_650/lpcxpresso/tools/bin/../lib/gcc/arm-none-eabi/5.4.1/../../../../arm-none-eabi/lib/armv7-m\libcr_newlib_nohost.a(lseek.o)
 .debug_aranges
                0x00000968       0x20 d:/softa/lpcxpresso_8.2.2_650/lpcxpresso/tools/bin/../lib/gcc/arm-none-eabi/5.4.1/../../../../arm-none-eabi/lib/armv7-m\libcr_newlib_nohost.a(_cr_check_heap.o)

.debug_ranges   0x00000000      0x808
 .debug_ranges  0x00000000      0x150 ./src/ModbusMaster.o
 .debug_ranges  0x00000150       0xa8 ./src/SerialPort.o
 .debug_ranges  0x000001f8       0x38 ./src/cr_cpp_config.o
 .debug_ranges  0x00000230       0x70 ./src/cr_startup_lpc15xx.o
 .debug_ranges  0x000002a0       0x18 ./src/retarget_itm.o
 .debug_ranges  0x000002b8       0x10 ./src/sysinit.o
 .debug_ranges  0x000002c8       0x40 ./src/uart_test.o
 .debug_ranges  0x00000308       0xc0 C:\Users\Tommi\Documents\LPCXpresso_8.2.2_650\workspace\lpc_board_nxp_lpcxpresso_1549\Debug\liblpc_board_nxp_lpcxpresso_1549.a(board.o)
 .debug_ranges  0x000003c8       0x50 C:\Users\Tommi\Documents\LPCXpresso_8.2.2_650\workspace\lpc_board_nxp_lpcxpresso_1549\Debug\liblpc_board_nxp_lpcxpresso_1549.a(board_sysinit.o)
 .debug_ranges  0x00000418       0x40 C:\Users\Tommi\Documents\LPCXpresso_8.2.2_650\workspace\lpc_chip_15xx\Debug\liblpc_chip_15xx.a(chip_15xx.o)
 .debug_ranges  0x00000458      0x118 C:\Users\Tommi\Documents\LPCXpresso_8.2.2_650\workspace\lpc_chip_15xx\Debug\liblpc_chip_15xx.a(clock_15xx.o)
 .debug_ranges  0x00000570       0x60 C:\Users\Tommi\Documents\LPCXpresso_8.2.2_650\workspace\lpc_chip_15xx\Debug\liblpc_chip_15xx.a(gpio_15xx.o)
 .debug_ranges  0x000005d0       0x18 C:\Users\Tommi\Documents\LPCXpresso_8.2.2_650\workspace\lpc_chip_15xx\Debug\liblpc_chip_15xx.a(iocon_15xx.o)
 .debug_ranges  0x000005e8       0x50 C:\Users\Tommi\Documents\LPCXpresso_8.2.2_650\workspace\lpc_chip_15xx\Debug\liblpc_chip_15xx.a(ring_buffer.o)
 .debug_ranges  0x00000638       0x30 C:\Users\Tommi\Documents\LPCXpresso_8.2.2_650\workspace\lpc_chip_15xx\Debug\liblpc_chip_15xx.a(swm_15xx.o)
 .debug_ranges  0x00000668       0x40 C:\Users\Tommi\Documents\LPCXpresso_8.2.2_650\workspace\lpc_chip_15xx\Debug\liblpc_chip_15xx.a(sysctl_15xx.o)
 .debug_ranges  0x000006a8       0x48 C:\Users\Tommi\Documents\LPCXpresso_8.2.2_650\workspace\lpc_chip_15xx\Debug\liblpc_chip_15xx.a(sysinit_15xx.o)
 .debug_ranges  0x000006f0       0xb8 C:\Users\Tommi\Documents\LPCXpresso_8.2.2_650\workspace\lpc_chip_15xx\Debug\liblpc_chip_15xx.a(uart_15xx.o)
 .debug_ranges  0x000007a8       0x10 d:/softa/lpcxpresso_8.2.2_650/lpcxpresso/tools/bin/../lib/gcc/arm-none-eabi/5.4.1/../../../../arm-none-eabi/lib/armv7-m\libcr_newlib_nohost.a(_cr_sbrk.o)
 .debug_ranges  0x000007b8       0x10 d:/softa/lpcxpresso_8.2.2_650/lpcxpresso/tools/bin/../lib/gcc/arm-none-eabi/5.4.1/../../../../arm-none-eabi/lib/armv7-m\libcr_newlib_nohost.a(close.o)
 .debug_ranges  0x000007c8       0x10 d:/softa/lpcxpresso_8.2.2_650/lpcxpresso/tools/bin/../lib/gcc/arm-none-eabi/5.4.1/../../../../arm-none-eabi/lib/armv7-m\libcr_newlib_nohost.a(fstat.o)
 .debug_ranges  0x000007d8       0x10 d:/softa/lpcxpresso_8.2.2_650/lpcxpresso/tools/bin/../lib/gcc/arm-none-eabi/5.4.1/../../../../arm-none-eabi/lib/armv7-m\libcr_newlib_nohost.a(isatty.o)
 .debug_ranges  0x000007e8       0x10 d:/softa/lpcxpresso_8.2.2_650/lpcxpresso/tools/bin/../lib/gcc/arm-none-eabi/5.4.1/../../../../arm-none-eabi/lib/armv7-m\libcr_newlib_nohost.a(lseek.o)
 .debug_ranges  0x000007f8       0x10 d:/softa/lpcxpresso_8.2.2_650/lpcxpresso/tools/bin/../lib/gcc/arm-none-eabi/5.4.1/../../../../arm-none-eabi/lib/armv7-m\libcr_newlib_nohost.a(_cr_check_heap.o)

.debug_macro    0x00000000     0x9156
 .debug_macro   0x00000000      0x41e ./src/ModbusMaster.o
 .debug_macro   0x0000041e      0x8aa ./src/ModbusMaster.o
 .debug_macro   0x00000cc8       0x10 ./src/ModbusMaster.o
 .debug_macro   0x00000cd8       0x22 ./src/ModbusMaster.o
 .debug_macro   0x00000cfa       0x87 ./src/ModbusMaster.o
 .debug_macro   0x00000d81       0x44 ./src/ModbusMaster.o
 .debug_macro   0x00000dc5       0xfd ./src/ModbusMaster.o
 .debug_macro   0x00000ec2       0x5e ./src/ModbusMaster.o
 .debug_macro   0x00000f20      0x1df ./src/ModbusMaster.o
 .debug_macro   0x000010ff      0x136 ./src/ModbusMaster.o
 .debug_macro   0x00001235      0x353 ./src/ModbusMaster.o
 .debug_macro   0x00001588      0x16d ./src/ModbusMaster.o
 .debug_macro   0x000016f5       0x28 ./src/ModbusMaster.o
 .debug_macro   0x0000171d       0x74 ./src/ModbusMaster.o
 .debug_macro   0x00001791       0x10 ./src/ModbusMaster.o
 .debug_macro   0x000017a1       0x2d ./src/ModbusMaster.o
 .debug_macro   0x000017ce       0x3a ./src/ModbusMaster.o
 .debug_macro   0x00001808       0x2d ./src/ModbusMaster.o
 .debug_macro   0x00001835      0xa7d ./src/ModbusMaster.o
 .debug_macro   0x000022b2      0x1b4 ./src/ModbusMaster.o
 .debug_macro   0x00002466       0xca ./src/ModbusMaster.o
 .debug_macro   0x00002530       0x11 ./src/ModbusMaster.o
 .debug_macro   0x00002541       0xb2 ./src/ModbusMaster.o
 .debug_macro   0x000025f3       0x70 ./src/ModbusMaster.o
 .debug_macro   0x00002663       0x46 ./src/ModbusMaster.o
 .debug_macro   0x000026a9       0xd0 ./src/ModbusMaster.o
 .debug_macro   0x00002779       0x40 ./src/ModbusMaster.o
 .debug_macro   0x000027b9      0x233 ./src/ModbusMaster.o
 .debug_macro   0x000029ec       0x16 ./src/ModbusMaster.o
 .debug_macro   0x00002a02       0x88 ./src/ModbusMaster.o
 .debug_macro   0x00002a8a       0x34 ./src/ModbusMaster.o
 .debug_macro   0x00002abe       0x6a ./src/ModbusMaster.o
 .debug_macro   0x00002b28       0x40 ./src/ModbusMaster.o
 .debug_macro   0x00002b68       0x1c ./src/ModbusMaster.o
 .debug_macro   0x00002b84       0x16 ./src/ModbusMaster.o
 .debug_macro   0x00002b9a      0x10c ./src/ModbusMaster.o
 .debug_macro   0x00002ca6      0x2a9 ./src/ModbusMaster.o
 .debug_macro   0x00002f4f       0x76 ./src/ModbusMaster.o
 .debug_macro   0x00002fc5       0x22 ./src/ModbusMaster.o
 .debug_macro   0x00002fe7      0x152 ./src/ModbusMaster.o
 .debug_macro   0x00003139       0x82 ./src/ModbusMaster.o
 .debug_macro   0x000031bb       0xe6 ./src/ModbusMaster.o
 .debug_macro   0x000032a1       0x3a ./src/ModbusMaster.o
 .debug_macro   0x000032db       0x34 ./src/ModbusMaster.o
 .debug_macro   0x0000330f       0x10 ./src/ModbusMaster.o
 .debug_macro   0x0000331f       0x76 ./src/ModbusMaster.o
 .debug_macro   0x00003395       0x58 ./src/ModbusMaster.o
 .debug_macro   0x000033ed      0x2ca ./src/ModbusMaster.o
 .debug_macro   0x000036b7      0x22b ./src/ModbusMaster.o
 .debug_macro   0x000038e2       0x2e ./src/ModbusMaster.o
 .debug_macro   0x00003910       0x34 ./src/ModbusMaster.o
 .debug_macro   0x00003944       0x52 ./src/ModbusMaster.o
 .debug_macro   0x00003996       0x35 ./src/ModbusMaster.o
 .debug_macro   0x000039cb       0x9c ./src/ModbusMaster.o
 .debug_macro   0x00003a67       0x16 ./src/ModbusMaster.o
 .debug_macro   0x00003a7d       0x35 ./src/ModbusMaster.o
 .debug_macro   0x00003ab2      0x330 ./src/ModbusMaster.o
 .debug_macro   0x00003de2       0x10 ./src/ModbusMaster.o
 .debug_macro   0x00003df2       0x52 ./src/ModbusMaster.o
 .debug_macro   0x00003e44       0x1f ./src/ModbusMaster.o
 .debug_macro   0x00003e63       0x43 ./src/ModbusMaster.o
 .debug_macro   0x00003ea6       0x20 ./src/ModbusMaster.o
 .debug_macro   0x00003ec6      0x187 ./src/ModbusMaster.o
 .debug_macro   0x0000404d       0x10 ./src/ModbusMaster.o
 .debug_macro   0x0000405d       0x1c ./src/ModbusMaster.o
 .debug_macro   0x00004079       0x52 ./src/ModbusMaster.o
 .debug_macro   0x000040cb       0x40 ./src/ModbusMaster.o
 .debug_macro   0x0000410b       0x10 ./src/ModbusMaster.o
 .debug_macro   0x0000411b       0x40 ./src/ModbusMaster.o
 .debug_macro   0x0000415b       0xd7 ./src/ModbusMaster.o
 .debug_macro   0x00004232       0x16 ./src/ModbusMaster.o
 .debug_macro   0x00004248      0x189 ./src/ModbusMaster.o
 .debug_macro   0x000043d1       0x20 ./src/ModbusMaster.o
 .debug_macro   0x000043f1      0x3e1 ./src/SerialPort.o
 .debug_macro   0x000047d2       0x7b ./src/SerialPort.o
 .debug_macro   0x0000484d       0x18 ./src/SerialPort.o
 .debug_macro   0x00004865       0x97 ./src/SerialPort.o
 .debug_macro   0x000048fc       0xf6 ./src/SerialPort.o
 .debug_macro   0x000049f2       0xf7 ./src/cr_cpp_config.o
 .debug_macro   0x00004ae9       0x4c ./src/cr_cpp_config.o
 .debug_macro   0x00004b35       0x8d ./src/cr_cpp_config.o
 .debug_macro   0x00004bc2       0x16 ./src/cr_cpp_config.o
 .debug_macro   0x00004bd8      0x10e ./src/cr_cpp_config.o
 .debug_macro   0x00004ce6       0x86 ./src/cr_cpp_config.o
 .debug_macro   0x00004d6c       0x4a ./src/cr_cpp_config.o
 .debug_macro   0x00004db6       0x16 ./src/cr_cpp_config.o
 .debug_macro   0x00004dcc       0x29 ./src/cr_cpp_config.o
 .debug_macro   0x00004df5       0x23 ./src/cr_startup_lpc15xx.o
 .debug_macro   0x00004e18       0x9f ./src/retarget_itm.o
 .debug_macro   0x00004eb7       0x87 ./src/retarget_itm.o
 .debug_macro   0x00004f3e      0x3bf ./src/sysinit.o
 .debug_macro   0x000052fd       0x22 ./src/sysinit.o
 .debug_macro   0x0000531f      0xa7d ./src/sysinit.o
 .debug_macro   0x00005d9c       0x9c ./src/sysinit.o
 .debug_macro   0x00005e38       0x97 ./src/sysinit.o
 .debug_macro   0x00005ecf      0x30d ./src/sysinit.o
 .debug_macro   0x000061dc       0xfd ./src/sysinit.o
 .debug_macro   0x000062d9       0x43 ./src/sysinit.o
 .debug_macro   0x0000631c      0x446 ./src/uart_test.o
 .debug_macro   0x00006762       0x82 ./src/uart_test.o
 .debug_macro   0x000067e4       0x16 ./src/uart_test.o
 .debug_macro   0x000067fa       0x8e ./src/uart_test.o
 .debug_macro   0x00006888      0x100 ./src/uart_test.o
 .debug_macro   0x00006988      0x284 C:\Users\Tommi\Documents\LPCXpresso_8.2.2_650\workspace\lpc_board_nxp_lpcxpresso_1549\Debug\liblpc_board_nxp_lpcxpresso_1549.a(board.o)
 .debug_macro   0x00006c0c      0x886 C:\Users\Tommi\Documents\LPCXpresso_8.2.2_650\workspace\lpc_board_nxp_lpcxpresso_1549\Debug\liblpc_board_nxp_lpcxpresso_1549.a(board.o)
 .debug_macro   0x00007492       0x10 C:\Users\Tommi\Documents\LPCXpresso_8.2.2_650\workspace\lpc_board_nxp_lpcxpresso_1549\Debug\liblpc_board_nxp_lpcxpresso_1549.a(board.o)
 .debug_macro   0x000074a2      0x12d C:\Users\Tommi\Documents\LPCXpresso_8.2.2_650\workspace\lpc_board_nxp_lpcxpresso_1549\Debug\liblpc_board_nxp_lpcxpresso_1549.a(board.o)
 .debug_macro   0x000075cf      0x5b2 C:\Users\Tommi\Documents\LPCXpresso_8.2.2_650\workspace\lpc_board_nxp_lpcxpresso_1549\Debug\liblpc_board_nxp_lpcxpresso_1549.a(board.o)
 .debug_macro   0x00007b81       0x22 C:\Users\Tommi\Documents\LPCXpresso_8.2.2_650\workspace\lpc_board_nxp_lpcxpresso_1549\Debug\liblpc_board_nxp_lpcxpresso_1549.a(board.o)
 .debug_macro   0x00007ba3       0x9a C:\Users\Tommi\Documents\LPCXpresso_8.2.2_650\workspace\lpc_board_nxp_lpcxpresso_1549\Debug\liblpc_board_nxp_lpcxpresso_1549.a(board.o)
 .debug_macro   0x00007c3d       0x12 C:\Users\Tommi\Documents\LPCXpresso_8.2.2_650\workspace\lpc_board_nxp_lpcxpresso_1549\Debug\liblpc_board_nxp_lpcxpresso_1549.a(board.o)
 .debug_macro   0x00007c4f      0x288 C:\Users\Tommi\Documents\LPCXpresso_8.2.2_650\workspace\lpc_board_nxp_lpcxpresso_1549\Debug\liblpc_board_nxp_lpcxpresso_1549.a(board_sysinit.o)
 .debug_macro   0x00007ed7      0x239 C:\Users\Tommi\Documents\LPCXpresso_8.2.2_650\workspace\lpc_chip_15xx\Debug\liblpc_chip_15xx.a(chip_15xx.o)
 .debug_macro   0x00008110      0x239 C:\Users\Tommi\Documents\LPCXpresso_8.2.2_650\workspace\lpc_chip_15xx\Debug\liblpc_chip_15xx.a(clock_15xx.o)
 .debug_macro   0x00008349      0x239 C:\Users\Tommi\Documents\LPCXpresso_8.2.2_650\workspace\lpc_chip_15xx\Debug\liblpc_chip_15xx.a(gpio_15xx.o)
 .debug_macro   0x00008582      0x239 C:\Users\Tommi\Documents\LPCXpresso_8.2.2_650\workspace\lpc_chip_15xx\Debug\liblpc_chip_15xx.a(iocon_15xx.o)
 .debug_macro   0x000087bb       0x83 C:\Users\Tommi\Documents\LPCXpresso_8.2.2_650\workspace\lpc_chip_15xx\Debug\liblpc_chip_15xx.a(ring_buffer.o)
 .debug_macro   0x0000883e       0x10 C:\Users\Tommi\Documents\LPCXpresso_8.2.2_650\workspace\lpc_chip_15xx\Debug\liblpc_chip_15xx.a(ring_buffer.o)
 .debug_macro   0x0000884e      0x245 C:\Users\Tommi\Documents\LPCXpresso_8.2.2_650\workspace\lpc_chip_15xx\Debug\liblpc_chip_15xx.a(swm_15xx.o)
 .debug_macro   0x00008a93      0x251 C:\Users\Tommi\Documents\LPCXpresso_8.2.2_650\workspace\lpc_chip_15xx\Debug\liblpc_chip_15xx.a(sysctl_15xx.o)
 .debug_macro   0x00008ce4      0x239 C:\Users\Tommi\Documents\LPCXpresso_8.2.2_650\workspace\lpc_chip_15xx\Debug\liblpc_chip_15xx.a(sysinit_15xx.o)
 .debug_macro   0x00008f1d      0x239 C:\Users\Tommi\Documents\LPCXpresso_8.2.2_650\workspace\lpc_chip_15xx\Debug\liblpc_chip_15xx.a(uart_15xx.o)

.debug_line     0x00000000     0x6593
 .debug_line    0x00000000      0xce7 ./src/ModbusMaster.o
 .debug_line    0x00000ce7      0x85f ./src/SerialPort.o
 .debug_line    0x00001546      0x29f ./src/cr_cpp_config.o
 .debug_line    0x000017e5       0xd5 ./src/cr_startup_lpc15xx.o
 .debug_line    0x000018ba      0x238 ./src/retarget_itm.o
 .debug_line    0x00001af2      0x685 ./src/sysinit.o
 .debug_line    0x00002177      0x8d0 ./src/uart_test.o
 .debug_line    0x00002a47      0x6de C:\Users\Tommi\Documents\LPCXpresso_8.2.2_650\workspace\lpc_board_nxp_lpcxpresso_1549\Debug\liblpc_board_nxp_lpcxpresso_1549.a(board.o)
 .debug_line    0x00003125      0x5a0 C:\Users\Tommi\Documents\LPCXpresso_8.2.2_650\workspace\lpc_board_nxp_lpcxpresso_1549\Debug\liblpc_board_nxp_lpcxpresso_1549.a(board_sysinit.o)
 .debug_line    0x000036c5      0x4bd C:\Users\Tommi\Documents\LPCXpresso_8.2.2_650\workspace\lpc_chip_15xx\Debug\liblpc_chip_15xx.a(chip_15xx.o)
 .debug_line    0x00003b82      0x711 C:\Users\Tommi\Documents\LPCXpresso_8.2.2_650\workspace\lpc_chip_15xx\Debug\liblpc_chip_15xx.a(clock_15xx.o)
 .debug_line    0x00004293      0x515 C:\Users\Tommi\Documents\LPCXpresso_8.2.2_650\workspace\lpc_chip_15xx\Debug\liblpc_chip_15xx.a(gpio_15xx.o)
 .debug_line    0x000047a8      0x45d C:\Users\Tommi\Documents\LPCXpresso_8.2.2_650\workspace\lpc_chip_15xx\Debug\liblpc_chip_15xx.a(iocon_15xx.o)
 .debug_line    0x00004c05      0x259 C:\Users\Tommi\Documents\LPCXpresso_8.2.2_650\workspace\lpc_chip_15xx\Debug\liblpc_chip_15xx.a(ring_buffer.o)
 .debug_line    0x00004e5e      0x488 C:\Users\Tommi\Documents\LPCXpresso_8.2.2_650\workspace\lpc_chip_15xx\Debug\liblpc_chip_15xx.a(swm_15xx.o)
 .debug_line    0x000052e6      0x4bf C:\Users\Tommi\Documents\LPCXpresso_8.2.2_650\workspace\lpc_chip_15xx\Debug\liblpc_chip_15xx.a(sysctl_15xx.o)
 .debug_line    0x000057a5      0x4f2 C:\Users\Tommi\Documents\LPCXpresso_8.2.2_650\workspace\lpc_chip_15xx\Debug\liblpc_chip_15xx.a(sysinit_15xx.o)
 .debug_line    0x00005c97      0x637 C:\Users\Tommi\Documents\LPCXpresso_8.2.2_650\workspace\lpc_chip_15xx\Debug\liblpc_chip_15xx.a(uart_15xx.o)
 .debug_line    0x000062ce      0x101 d:/softa/lpcxpresso_8.2.2_650/lpcxpresso/tools/bin/../lib/gcc/arm-none-eabi/5.4.1/../../../../arm-none-eabi/lib/armv7-m\libcr_newlib_nohost.a(_cr_sbrk.o)
 .debug_line    0x000063cf       0x40 d:/softa/lpcxpresso_8.2.2_650/lpcxpresso/tools/bin/../lib/gcc/arm-none-eabi/5.4.1/../../../../arm-none-eabi/lib/armv7-m\libcr_newlib_nohost.a(close.o)
 .debug_line    0x0000640f       0xb6 d:/softa/lpcxpresso_8.2.2_650/lpcxpresso/tools/bin/../lib/gcc/arm-none-eabi/5.4.1/../../../../arm-none-eabi/lib/armv7-m\libcr_newlib_nohost.a(fstat.o)
 .debug_line    0x000064c5       0x41 d:/softa/lpcxpresso_8.2.2_650/lpcxpresso/tools/bin/../lib/gcc/arm-none-eabi/5.4.1/../../../../arm-none-eabi/lib/armv7-m\libcr_newlib_nohost.a(isatty.o)
 .debug_line    0x00006506       0x40 d:/softa/lpcxpresso_8.2.2_650/lpcxpresso/tools/bin/../lib/gcc/arm-none-eabi/5.4.1/../../../../arm-none-eabi/lib/armv7-m\libcr_newlib_nohost.a(lseek.o)
 .debug_line    0x00006546       0x4d d:/softa/lpcxpresso_8.2.2_650/lpcxpresso/tools/bin/../lib/gcc/arm-none-eabi/5.4.1/../../../../arm-none-eabi/lib/armv7-m\libcr_newlib_nohost.a(_cr_check_heap.o)

.debug_str      0x00000000    0x19ee8
 .debug_str     0x00000000    0x14199 ./src/ModbusMaster.o
                              0x14458 (size before relaxing)
 .debug_str     0x00014199      0xc45 ./src/SerialPort.o
                              0x133c9 (size before relaxing)
 .debug_str     0x00014dde      0x1a1 ./src/cr_cpp_config.o
                               0x5531 (size before relaxing)
 .debug_str     0x00014f7f      0x209 ./src/cr_startup_lpc15xx.o
                               0x2765 (size before relaxing)
 .debug_str     0x00015188      0x3bc ./src/retarget_itm.o
                               0x35ed (size before relaxing)
 .debug_str     0x00015544      0x115 ./src/sysinit.o
                              0x12606 (size before relaxing)
 .debug_str     0x00015659      0xa89 ./src/uart_test.o